Archive member included to satisfy reference by file (symbol)

D:/ncs/v1.5.1/toolchain/segger_embedded_studio/lib/libc_v7em_fpv4_sp_d16_hard_t_le_eabi.a(libc2.o)
                              Output/Release/Obj/radioRX_test_pca10100/fnmatch.o (isupper)
D:/ncs/v1.5.1/toolchain/segger_embedded_studio/lib/libc_v7em_fpv4_sp_d16_hard_t_le_eabi.a(libc2_asm.o)
                              Output/Release/Obj/radioRX_test_pca10100/nrf_log_frontend.o (memcpy)
D:/ncs/v1.5.1/toolchain/segger_embedded_studio/lib/libc_v7em_fpv4_sp_d16_hard_t_le_eabi.a(libvfprintf.o)
                              (__vfprintf_long)
D:/ncs/v1.5.1/toolchain/segger_embedded_studio/lib/libc_v7em_fpv4_sp_d16_hard_t_le_eabi.a(libvfscanf.o)
                              (__vfscanf_long)
D:/ncs/v1.5.1/toolchain/segger_embedded_studio/lib/libc_v7em_fpv4_sp_d16_hard_t_le_eabi.a(libc.o)
                              D:/ncs/v1.5.1/toolchain/segger_embedded_studio/lib/libc_v7em_fpv4_sp_d16_hard_t_le_eabi.a(libc2.o) (__heap_lock)
D:/ncs/v1.5.1/toolchain/segger_embedded_studio/lib/libc_v7em_fpv4_sp_d16_hard_t_le_eabi.a(libc_asm.o)
                              D:/ncs/v1.5.1/toolchain/segger_embedded_studio/lib/libc_v7em_fpv4_sp_d16_hard_t_le_eabi.a(libc2.o) (__aeabi_uldivmod)
D:/ncs/v1.5.1/toolchain/segger_embedded_studio/lib/libdebugio_v7em_fpv4_sp_d16_hard_t_le_eabi.a(libdebugio.o)
                              Output/Release/Obj/radioRX_test_pca10100/thumb_crt0.o (debug_fopen)
D:/ncs/v1.5.1/toolchain/segger_embedded_studio/lib/libdebugio_v7em_fpv4_sp_d16_hard_t_le_eabi.a(do_nv_debug_operation.o)
                              D:/ncs/v1.5.1/toolchain/segger_embedded_studio/lib/libdebugio_v7em_fpv4_sp_d16_hard_t_le_eabi.a(libdebugio.o) (__do_nvdebug_operation)
D:/ncs/v1.5.1/toolchain/segger_embedded_studio/lib/libdebugio_v7em_fpv4_sp_d16_hard_t_le_eabi.a(mempoll_debug_operations.o)
                              (__do_debug_operation_mempoll)
D:/ncs/v1.5.1/toolchain/segger_embedded_studio/lib/libm_v7em_fpv4_sp_d16_hard_t_le_eabi.a(libm_asm.o)
                              D:/ncs/v1.5.1/toolchain/segger_embedded_studio/lib/libc_v7em_fpv4_sp_d16_hard_t_le_eabi.a(libc2.o) (__aeabi_dadd)
D:/ncs/v1.5.1/toolchain/segger_embedded_studio/lib/libm_v7em_fpv4_sp_d16_hard_t_le_eabi.a(libm2.o)
                              D:/ncs/v1.5.1/toolchain/segger_embedded_studio/lib/libc_v7em_fpv4_sp_d16_hard_t_le_eabi.a(libvfprintf.o) (frexp)

Discarded input sections

 .text          0x0000000000000000        0x0 Output/Release/Obj/radioRX_test_pca10100/thumb_crt0.o
 .data          0x0000000000000000        0x0 Output/Release/Obj/radioRX_test_pca10100/thumb_crt0.o
 .bss           0x0000000000000000        0x0 Output/Release/Obj/radioRX_test_pca10100/thumb_crt0.o
 .text.abort    0x0000000000000000        0x2 Output/Release/Obj/radioRX_test_pca10100/thumb_crt0.o
 .text.__assert
                0x0000000000000000        0x2 Output/Release/Obj/radioRX_test_pca10100/thumb_crt0.o
 .text.__assert_func
                0x0000000000000000        0x2 Output/Release/Obj/radioRX_test_pca10100/thumb_crt0.o
 .text.__aeabi_assert
                0x0000000000000000        0x2 Output/Release/Obj/radioRX_test_pca10100/thumb_crt0.o
 .text.__sync_synchronize
                0x0000000000000000        0x2 Output/Release/Obj/radioRX_test_pca10100/thumb_crt0.o
 .text.__getchar
                0x0000000000000000        0x4 Output/Release/Obj/radioRX_test_pca10100/thumb_crt0.o
 .text.__putchar
                0x0000000000000000        0x4 Output/Release/Obj/radioRX_test_pca10100/thumb_crt0.o
 .text.__open   0x0000000000000000        0x4 Output/Release/Obj/radioRX_test_pca10100/thumb_crt0.o
 .text.__close  0x0000000000000000        0x4 Output/Release/Obj/radioRX_test_pca10100/thumb_crt0.o
 .text.__write  0x0000000000000000        0xa Output/Release/Obj/radioRX_test_pca10100/thumb_crt0.o
 .text.__read   0x0000000000000000        0xa Output/Release/Obj/radioRX_test_pca10100/thumb_crt0.o
 .text.__seek   0x0000000000000000       0x1a Output/Release/Obj/radioRX_test_pca10100/thumb_crt0.o
 .text.remove   0x0000000000000000        0x4 Output/Release/Obj/radioRX_test_pca10100/thumb_crt0.o
 .text.rename   0x0000000000000000        0x4 Output/Release/Obj/radioRX_test_pca10100/thumb_crt0.o
 .bss.__user_locale_name_buffer
                0x0000000000000000        0x4 Output/Release/Obj/radioRX_test_pca10100/thumb_crt0.o
 .stack         0x0000000000000000        0x0 Output/Release/Obj/radioRX_test_pca10100/thumb_crt0.o
 .stack_process
                0x0000000000000000        0x0 Output/Release/Obj/radioRX_test_pca10100/thumb_crt0.o
 .heap          0x0000000000000000        0x0 Output/Release/Obj/radioRX_test_pca10100/thumb_crt0.o
 .group         0x0000000000000000        0xc Output/Release/Obj/radioRX_test_pca10100/nrf_log_backend_rtt.o
 .group         0x0000000000000000        0xc Output/Release/Obj/radioRX_test_pca10100/nrf_log_backend_rtt.o
[...]
Memory Configuration

Name             Origin             Length             Attributes
UNPLACED_SECTIONS 0x0000000100000000 0x0000000000000000 xw
RAM1             0x0000000020000000 0x0000000000020000 xw
FLASH            0x0000000000000000 0x0000000000080000 xw
*default*        0x0000000000000000 0xffffffffffffffff

Linker script and memory map

                0x0000000000000000                __do_debug_operation = __do_debug_operation_mempoll
                0x0000000000000000                __vfprintf = __vfprintf_long
                0x0000000000000000                __vfscanf = __vfscanf_long
                0x0000000020000000                __RAM1_segment_start__ = 0x20000000
                0x0000000020020000                __RAM1_segment_end__ = 0x20020000
                0x0000000000020000                __RAM1_segment_size__ = 0x20000
                0x0000000000000000                __FLASH_segment_start__ = 0x0
                0x0000000000080000                __FLASH_segment_end__ = 0x80000
                0x0000000000080000                __FLASH_segment_size__ = 0x80000
                0x0000000000002000                __HEAPSIZE__ = 0x2000
                0x0000000000000000                __STACKSIZE_PROCESS__ = 0x0
                0x0000000000002000                __STACKSIZE__ = 0x2000
                0x0000000020000000                __vectors_ram_load_start__ = 0x20000000

.vectors_ram    0x0000000020000000        0x0
                0x0000000020000000                __vectors_ram_start__ = .
                0x0000000020000000                __app_ram_start__ = __vectors_ram_start__
 *(.vectors_ram .vectors_ram.*)
                0x0000000020000000                __vectors_ram_end__ = (__vectors_ram_start__ + SIZEOF (.vectors_ram))
                0x0000000000000000                __vectors_ram_size__ = SIZEOF (.vectors_ram)
                0x0000000020000000                __vectors_ram_load_end__ = __vectors_ram_end__
                0x0000000000000001                . = ASSERT (((__vectors_ram_start__ == __vectors_ram_end__) || ((__vectors_ram_end__ - __RAM1_segment_start__) <= __RAM1_segment_size__)), error: .vectors_ram is too large to fit in RAM1 memory segment)
                0x0000000020000000                __nrf_sections_run_load_start__ = ALIGN (__vectors_ram_end__, 0x4)

.nrf_sections_run
                0x0000000020000000        0x0
                0x0000000020000000                __nrf_sections_run_start__ = .
                0x0000000020000000                __start_nrf_sections_run = __nrf_sections_run_start__
 *(.nrf_sections_run .nrf_sections_run.*)
                0x0000000020000000                __nrf_sections_run_end__ = (__nrf_sections_run_start__ + SIZEOF (.nrf_sections_run))
                0x0000000000000000                __nrf_sections_run_size__ = SIZEOF (.nrf_sections_run)
                0x0000000020000000                __nrf_sections_run_load_end__ = __nrf_sections_run_end__
                0x0000000000000001                . = ASSERT (((__nrf_sections_run_start__ == __nrf_sections_run_end__) || ((__nrf_sections_run_end__ - __RAM1_segment_start__) <= __RAM1_segment_size__)), error: .nrf_sections_run is too large to fit in RAM1 memory segment)
                0x0000000000000000                __vectors_load_start__ = 0x0

.vectors        0x0000000000000000      0x200
                0x0000000000000000                __vectors_start__ = .
 *(.vectors .vectors.*)
 .vectors       0x0000000000000000      0x200 Output/Release/Obj/radioRX_test_pca10100/ses_startup_nrf52833.o
                0x0000000000000000                _vectors
                0x0000000000000200                __vectors_end__ = (__vectors_start__ + SIZEOF (.vectors))
                0x0000000000000200                __vectors_size__ = SIZEOF (.vectors)
                0x0000000000000200                __vectors_load_end__ = __vectors_end__
                0x0000000000000001                . = ASSERT (((__vectors_start__ == __vectors_end__) || ((__vectors_end__ - __FLASH_segment_start__) <= __FLASH_segment_size__)), error: .vectors is too large to fit in FLASH memory segment)
                0x0000000000000200                __init_load_start__ = ALIGN (__vectors_end__, 0x4)

.init           0x0000000000000200      0x1d0
                0x0000000000000200                __init_start__ = .
 *(.init .init.*)
 .init          0x0000000000000200      0x15c Output/Release/Obj/radioRX_test_pca10100/thumb_crt0.o
                0x0000000000000200                _start
                0x00000000000002b4                exit
 .init          0x000000000000035c       0x18 Output/Release/Obj/radioRX_test_pca10100/ses_startup_nrf52833.o
                0x000000000000035c                NMI_Handler
                0x000000000000035e                HardFault_Handler
                0x0000000000000360                MemoryManagement_Handler
                0x0000000000000362                BusFault_Handler
                0x0000000000000364                UsageFault_Handler
                0x0000000000000366                SVC_Handler
                0x0000000000000368                DebugMon_Handler
                0x000000000000036a                PendSV_Handler
                0x000000000000036c                SysTick_Handler
                0x000000000000036e                PWM1_IRQHandler
                0x000000000000036e                GPIOTE_IRQHandler
                0x000000000000036e                SWI0_EGU0_IRQHandler
                0x000000000000036e                PDM_IRQHandler
                0x000000000000036e                TEMP_IRQHandler
                0x000000000000036e                QDEC_IRQHandler
                0x000000000000036e                TIMER3_IRQHandler
                0x000000000000036e                PWM3_IRQHandler
                0x000000000000036e                RTC0_IRQHandler
                0x000000000000036e                USBD_IRQHandler
                0x000000000000036e                SPIM0_SPIS0_TWIM0_TWIS0_SPI0_TWI0_IRQHandler
                0x000000000000036e                SWI2_EGU2_IRQHandler
                0x000000000000036e                TIMER4_IRQHandler
                0x000000000000036e                I2S_IRQHandler
                0x000000000000036e                SWI4_EGU4_IRQHandler
                0x000000000000036e                UARTE1_IRQHandler
                0x000000000000036e                Dummy_Handler
                0x000000000000036e                TIMER1_IRQHandler
                0x000000000000036e                SPIM3_IRQHandler
                0x000000000000036e                PWM2_IRQHandler
                0x000000000000036e                ECB_IRQHandler
                0x000000000000036e                SPIM1_SPIS1_TWIM1_TWIS1_SPI1_TWI1_IRQHandler
                0x000000000000036e                SAADC_IRQHandler
                0x000000000000036e                CCM_AAR_IRQHandler
                0x000000000000036e                WDT_IRQHandler
                0x000000000000036e                FPU_IRQHandler
                0x000000000000036e                SWI5_EGU5_IRQHandler
                0x000000000000036e                RNG_IRQHandler
                0x000000000000036e                RTC2_IRQHandler
                0x000000000000036e                PWM0_IRQHandler
                0x000000000000036e                SWI3_EGU3_IRQHandler
                0x000000000000036e                SWI1_EGU1_IRQHandler
                0x000000000000036e                SPIM2_SPIS2_SPI2_IRQHandler
                0x000000000000036e                NFCT_IRQHandler
                0x000000000000036e                TIMER2_IRQHandler
                0x000000000000036e                MWU_IRQHandler
                0x000000000000036e                COMP_LPCOMP_IRQHandler
                0x0000000000000370                nRFInitialize
 .init          0x0000000000000374       0x5c Output/Release/Obj/radioRX_test_pca10100/ses_startup_nrf_common.o
                0x0000000000000374                Reset_Handler
                0x0000000000000378                afterInitialize
                0x000000000000039c                InitializeUserMemorySections
                0x00000000000003d0                __init_end__ = (__init_start__ + SIZEOF (.init))
                0x00000000000001d0                __init_size__ = SIZEOF (.init)
                0x00000000000003d0                __init_load_end__ = __init_end__
                0x0000000000000001                . = ASSERT (((__init_start__ == __init_end__) || ((__init_end__ - __FLASH_segment_start__) <= __FLASH_segment_size__)), error: .init is too large to fit in FLASH memory segment)
                0x00000000000003d0                __init_rodata_load_start__ = ALIGN (__init_end__, 0x4)

.init_rodata    0x00000000000003d0        0x0
                0x00000000000003d0                __init_rodata_start__ = .
 *(.init_rodata .init_rodata.*)
                0x00000000000003d0                __init_rodata_end__ = (__init_rodata_start__ + SIZEOF (.init_rodata))
                0x0000000000000000                __init_rodata_size__ = SIZEOF (.init_rodata)
                0x00000000000003d0                __init_rodata_load_end__ = __init_rodata_end__
                0x0000000000000001                . = ASSERT (((__init_rodata_start__ == __init_rodata_end__) || ((__init_rodata_end__ - __FLASH_segment_start__) <= __FLASH_segment_size__)), error: .init_rodata is too large to fit in FLASH memory segment)
                0x00000000000003d0                __text_load_start__ = ALIGN (__init_rodata_end__, 0x4)

.text           0x00000000000003d0     0x462c
                0x00000000000003d0                __text_start__ = .
 *(.text .text.* .glue_7t .glue_7 .gnu.linkonce.t.* .gcc_except_table .ARM.extab* .gnu.linkonce.armextab.*)
 .glue_7        0x00000000000003d0        0x0 linker stubs
 .glue_7t       0x00000000000003d0        0x0 linker stubs
 .text.__aeabi_read_tp
                0x00000000000003d0        0x8 Output/Release/Obj/radioRX_test_pca10100/thumb_crt0.o
                0x00000000000003d0                __aeabi_read_tp
 .text.nrf_log_backend_rtt_flush
                0x00000000000003d8        0x2 Output/Release/Obj/radioRX_test_pca10100/nrf_log_backend_rtt.o
 *fill*         0x00000000000003da        0x2 
 .text.nrf_log_backend_rtt_put
                0x00000000000003dc       0x1c Output/Release/Obj/radioRX_test_pca10100/nrf_log_backend_rtt.o
 .text.serial_tx
                0x00000000000003f8       0x50 Output/Release/Obj/radioRX_test_pca10100/nrf_log_backend_rtt.o
 .text.nrf_log_backend_rtt_panic_set
                0x0000000000000448        0x2 Output/Release/Obj/radioRX_test_pca10100/nrf_log_backend_rtt.o
 .text.nrf_log_backend_rtt_init
                0x000000000000044a        0x4 Output/Release/Obj/radioRX_test_pca10100/nrf_log_backend_rtt.o
                0x000000000000044a                nrf_log_backend_rtt_init
 .text.nrf_log_backend_serial_put
                0x000000000000044e       0xc2 Output/Release/Obj/radioRX_test_pca10100/nrf_log_backend_serial.o
                0x000000000000044e                nrf_log_backend_serial_put
 .text.nrf_log_default_backends_init
                0x0000000000000510       0x20 Output/Release/Obj/radioRX_test_pca10100/nrf_log_default_backends.o
                0x0000000000000510                nrf_log_default_backends_init
 .text.severity_lvl_get
                0x0000000000000530       0x24 Output/Release/Obj/radioRX_test_pca10100/nrf_log_frontend.o
 .text.log_halt
                0x0000000000000554        0x8 Output/Release/Obj/radioRX_test_pca10100/nrf_log_frontend.o
 .text.log_self_halt
                0x000000000000055c        0xa Output/Release/Obj/radioRX_test_pca10100/nrf_log_frontend.o
 .text.log_go   0x0000000000000566        0x8 Output/Release/Obj/radioRX_test_pca10100/nrf_log_frontend.o
 .text.log_self_go
                0x000000000000056e        0xa Output/Release/Obj/radioRX_test_pca10100/nrf_log_frontend.o
 .text.backend_name_get
                0x0000000000000578       0x44 Output/Release/Obj/radioRX_test_pca10100/nrf_log_frontend.o
 .text.log_cmd_backends_list
                0x00000000000005bc       0x8c Output/Release/Obj/radioRX_test_pca10100/nrf_log_frontend.o
 .text.nrf_cli_backend_cmd_execute
                0x0000000000000648       0x68 Output/Release/Obj/radioRX_test_pca10100/nrf_log_frontend.o
 .text.log_backend_status
                0x00000000000006b0        0xc Output/Release/Obj/radioRX_test_pca10100/nrf_log_frontend.o
 .text.log_backend_halt
                0x00000000000006bc        0xc Output/Release/Obj/radioRX_test_pca10100/nrf_log_frontend.o
 .text.log_backend_go
                0x00000000000006c8        0xc Output/Release/Obj/radioRX_test_pca10100/nrf_log_frontend.o
 .text.log_backend_ctrl
                0x00000000000006d4        0xc Output/Release/Obj/radioRX_test_pca10100/nrf_log_frontend.o
 .text.invalid_packets_omit
                0x00000000000006e0       0x3a Output/Release/Obj/radioRX_test_pca10100/nrf_log_frontend.o
 *fill*         0x000000000000071a        0x2 
 .text.buf_prealloc
                0x000000000000071c      0x11c Output/Release/Obj/radioRX_test_pca10100/nrf_log_frontend.o
 .text.log_cmd  0x0000000000000838       0x44 Output/Release/Obj/radioRX_test_pca10100/nrf_log_frontend.o
 .text.log_config_load_cmd
                0x000000000000087c       0x20 Output/Release/Obj/radioRX_test_pca10100/nrf_log_frontend.o
 .text.log_config_store_cmd
                0x000000000000089c        0x4 Output/Release/Obj/radioRX_test_pca10100/nrf_log_frontend.o
 .text.module_idx_get
                0x00000000000008a0       0x3c Output/Release/Obj/radioRX_test_pca10100/nrf_log_frontend.o
 .text.nrf_log_init
                0x00000000000008dc       0x9c Output/Release/Obj/radioRX_test_pca10100/nrf_log_frontend.o
                0x00000000000008dc                nrf_log_init
 .text.nrf_log_module_name_get
                0x0000000000000978       0x24 Output/Release/Obj/radioRX_test_pca10100/nrf_log_frontend.o
                0x0000000000000978                nrf_log_module_name_get
 .text.module_name_get
                0x000000000000099c       0x1c Output/Release/Obj/radioRX_test_pca10100/nrf_log_frontend.o
 .text.nrf_log_color_id_get
                0x00000000000009b8       0x2c Output/Release/Obj/radioRX_test_pca10100/nrf_log_frontend.o
                0x00000000000009b8                nrf_log_color_id_get
 .text.nrf_log_module_filter_set
                0x00000000000009e4       0x54 Output/Release/Obj/radioRX_test_pca10100/nrf_log_frontend.o
                0x00000000000009e4                nrf_log_module_filter_set
 .text.nrf_log_module_filter_get
                0x0000000000000a38       0x50 Output/Release/Obj/radioRX_test_pca10100/nrf_log_frontend.o
                0x0000000000000a38                nrf_log_module_filter_get
 .text.log_status
                0x0000000000000a88       0xd0 Output/Release/Obj/radioRX_test_pca10100/nrf_log_frontend.o
 .text.log_self_status
                0x0000000000000b58        0xa Output/Release/Obj/radioRX_test_pca10100/nrf_log_frontend.o
 *fill*         0x0000000000000b62        0x2 
 .text.log_ctrl
                0x0000000000000b64      0x198 Output/Release/Obj/radioRX_test_pca10100/nrf_log_frontend.o
 .text.log_self_ctrl
                0x0000000000000cfc        0xa Output/Release/Obj/radioRX_test_pca10100/nrf_log_frontend.o
 *fill*         0x0000000000000d06        0x2 
 .text.buffer_is_empty
                0x0000000000000d08       0x14 Output/Release/Obj/radioRX_test_pca10100/nrf_log_frontend.o
                0x0000000000000d08                buffer_is_empty
 .text.nrf_log_frontend_dequeue
                0x0000000000000d1c      0x24c Output/Release/Obj/radioRX_test_pca10100/nrf_log_frontend.o
                0x0000000000000d1c                nrf_log_frontend_dequeue
 .text.std_n    0x0000000000000f68       0x8c Output/Release/Obj/radioRX_test_pca10100/nrf_log_frontend.o
 .text.nrf_log_frontend_std_0
                0x0000000000000ff4        0x8 Output/Release/Obj/radioRX_test_pca10100/nrf_log_frontend.o
                0x0000000000000ff4                nrf_log_frontend_std_0
 .text.nrf_log_frontend_std_1
                0x0000000000000ffc       0x12 Output/Release/Obj/radioRX_test_pca10100/nrf_log_frontend.o
                0x0000000000000ffc                nrf_log_frontend_std_1
 *fill*         0x000000000000100e        0x2 
 .text.nrf_log_backend_add
                0x0000000000001010       0x80 Output/Release/Obj/radioRX_test_pca10100/nrf_log_frontend.o
                0x0000000000001010                nrf_log_backend_add
 .text.nrf_log_panic
                0x0000000000001090       0x28 Output/Release/Obj/radioRX_test_pca10100/nrf_log_frontend.o
                0x0000000000001090                nrf_log_panic
 .text.prefix_process
                0x00000000000010b8       0x7c Output/Release/Obj/radioRX_test_pca10100/nrf_log_str_formatter.o
 .text.postfix_process
                0x0000000000001134       0x44 Output/Release/Obj/radioRX_test_pca10100/nrf_log_str_formatter.o
 .text.nrf_log_std_entry_process
                0x0000000000001178       0xc8 Output/Release/Obj/radioRX_test_pca10100/nrf_log_str_formatter.o
                0x0000000000001178                nrf_log_std_entry_process
 .text.nrf_log_hexdump_entry_process
                0x0000000000001240       0xb8 Output/Release/Obj/radioRX_test_pca10100/nrf_log_str_formatter.o
                0x0000000000001240                nrf_log_hexdump_entry_process
 .text.app_error_handler_bare
                0x00000000000012f8       0x1a Output/Release/Obj/radioRX_test_pca10100/app_error.o
                0x00000000000012f8                app_error_handler_bare
 *fill*         0x0000000000001312        0x2 
 .text.app_error_fault_handler
                0x0000000000001314       0x88 Output/Release/Obj/radioRX_test_pca10100/app_error_weak.o
                0x0000000000001314                app_error_fault_handler
 .text.compare_func
                0x000000000000139c       0x18 Output/Release/Obj/radioRX_test_pca10100/app_timer2.o
 .text.get_now  0x00000000000013b4       0x38 Output/Release/Obj/radioRX_test_pca10100/app_timer2.o
 .text.timer_expire
                0x00000000000013ec       0x70 Output/Release/Obj/radioRX_test_pca10100/app_timer2.o
 .text.app_timer_init
                0x000000000000145c       0x64 Output/Release/Obj/radioRX_test_pca10100/app_timer2.o
                0x000000000000145c                app_timer_init
 .text.app_timer_cnt_get
                0x00000000000014c0        0xc Output/Release/Obj/radioRX_test_pca10100/app_timer2.o
                0x00000000000014c0                app_timer_cnt_get
 .text.rtc_irq  0x00000000000014cc      0x198 Output/Release/Obj/radioRX_test_pca10100/app_timer2.o
 .text.app_util_disable_irq
                0x0000000000001664       0x10 Output/Release/Obj/radioRX_test_pca10100/app_util_platform.o
                0x0000000000001664                app_util_disable_irq
 .text.app_util_enable_irq
                0x0000000000001674       0x14 Output/Release/Obj/radioRX_test_pca10100/app_util_platform.o
                0x0000000000001674                app_util_enable_irq
 .text.app_util_critical_region_enter
                0x0000000000001688        0x4 Output/Release/Obj/radioRX_test_pca10100/app_util_platform.o
                0x0000000000001688                app_util_critical_region_enter
 .text.app_util_critical_region_exit
                0x000000000000168c        0x4 Output/Release/Obj/radioRX_test_pca10100/app_util_platform.o
                0x000000000000168c                app_util_critical_region_exit
 .text.evt_pending.isra.0
                0x0000000000001690       0x1a Output/Release/Obj/radioRX_test_pca10100/drv_rtc.o
 *fill*         0x00000000000016aa        0x2 
 .text.drv_rtc_init
                0x00000000000016ac       0xc0 Output/Release/Obj/radioRX_test_pca10100/drv_rtc.o
                0x00000000000016ac                drv_rtc_init
 .text.drv_rtc_start
                0x000000000000176c        0x8 Output/Release/Obj/radioRX_test_pca10100/drv_rtc.o
                0x000000000000176c                drv_rtc_start
 .text.drv_rtc_stop
                0x0000000000001774        0x8 Output/Release/Obj/radioRX_test_pca10100/drv_rtc.o
                0x0000000000001774                drv_rtc_stop
 .text.drv_rtc_compare_set
                0x000000000000177c       0x3e Output/Release/Obj/radioRX_test_pca10100/drv_rtc.o
                0x000000000000177c                drv_rtc_compare_set
 *fill*         0x00000000000017ba        0x2 
 .text.drv_rtc_windowed_compare_set
                0x00000000000017bc       0xf0 Output/Release/Obj/radioRX_test_pca10100/drv_rtc.o
                0x00000000000017bc                drv_rtc_windowed_compare_set
 .text.drv_rtc_overflow_enable
                0x00000000000018ac       0x10 Output/Release/Obj/radioRX_test_pca10100/drv_rtc.o
                0x00000000000018ac                drv_rtc_overflow_enable
 .text.drv_rtc_overflow_pending
                0x00000000000018bc        0xa Output/Release/Obj/radioRX_test_pca10100/drv_rtc.o
                0x00000000000018bc                drv_rtc_overflow_pending
 .text.drv_rtc_compare_disable
                0x00000000000018c6       0x14 Output/Release/Obj/radioRX_test_pca10100/drv_rtc.o
                0x00000000000018c6                drv_rtc_compare_disable
 .text.drv_rtc_compare_pending
                0x00000000000018da        0xc Output/Release/Obj/radioRX_test_pca10100/drv_rtc.o
                0x00000000000018da                drv_rtc_compare_pending
 .text.drv_rtc_counter_get
                0x00000000000018e6        0x8 Output/Release/Obj/radioRX_test_pca10100/drv_rtc.o
                0x00000000000018e6                drv_rtc_counter_get
 *fill*         0x00000000000018ee        0x2 
 .text.RTC1_IRQHandler
                0x00000000000018f0       0x14 Output/Release/Obj/radioRX_test_pca10100/drv_rtc.o
                0x00000000000018f0                RTC1_IRQHandler
 .text.nrf_atfifo_init
                0x0000000000001904       0x26 Output/Release/Obj/radioRX_test_pca10100/nrf_atfifo.o
                0x0000000000001904                nrf_atfifo_init
 .text.nrf_atfifo_item_get
                0x000000000000192a       0x56 Output/Release/Obj/radioRX_test_pca10100/nrf_atfifo.o
                0x000000000000192a                nrf_atfifo_item_get
 .text.nrf_atfifo_item_free
                0x0000000000001980       0x20 Output/Release/Obj/radioRX_test_pca10100/nrf_atfifo.o
                0x0000000000001980                nrf_atfifo_item_free
 .text.nrf_atomic_u32_fetch_store
                0x00000000000019a0       0x16 Output/Release/Obj/radioRX_test_pca10100/nrf_atomic.o
                0x00000000000019a0                nrf_atomic_u32_fetch_store
 .text.nrf_atomic_u32_or
                0x00000000000019b6       0x18 Output/Release/Obj/radioRX_test_pca10100/nrf_atomic.o
                0x00000000000019b6                nrf_atomic_u32_or
 .text.nrf_atomic_u32_fetch_and
                0x00000000000019ce       0x18 Output/Release/Obj/radioRX_test_pca10100/nrf_atomic.o
                0x00000000000019ce                nrf_atomic_u32_fetch_and
 .text.nrf_atomic_u32_add
                0x00000000000019e6       0x18 Output/Release/Obj/radioRX_test_pca10100/nrf_atomic.o
                0x00000000000019e6                nrf_atomic_u32_add
 .text.nrf_atomic_u32_sub
                0x00000000000019fe       0x18 Output/Release/Obj/radioRX_test_pca10100/nrf_atomic.o
                0x00000000000019fe                nrf_atomic_u32_sub
 .text.nrf_atomic_flag_set
                0x0000000000001a16        0x6 Output/Release/Obj/radioRX_test_pca10100/nrf_atomic.o
                0x0000000000001a16                nrf_atomic_flag_set
 .text.nrf_atomic_flag_clear_fetch
                0x0000000000001a1c        0x6 Output/Release/Obj/radioRX_test_pca10100/nrf_atomic.o
                0x0000000000001a1c                nrf_atomic_flag_clear_fetch
 *fill*         0x0000000000001a22        0x2 
 .text.nrf_balloc_status
                0x0000000000001a24       0xb4 Output/Release/Obj/radioRX_test_pca10100/nrf_balloc.o
 .text.nrf_balloc_init
                0x0000000000001ad8       0x2e Output/Release/Obj/radioRX_test_pca10100/nrf_balloc.o
                0x0000000000001ad8                nrf_balloc_init
 .text.nrf_balloc_alloc
                0x0000000000001b06       0x40 Output/Release/Obj/radioRX_test_pca10100/nrf_balloc.o
                0x0000000000001b06                nrf_balloc_alloc
 .text.nrf_balloc_free
                0x0000000000001b46       0x2a Output/Release/Obj/radioRX_test_pca10100/nrf_balloc.o
                0x0000000000001b46                nrf_balloc_free
 .text.nrf_log_backend_cli_panic_set
                0x0000000000001b70       0x1e Output/Release/Obj/radioRX_test_pca10100/nrf_cli.o
 *fill*         0x0000000000001b8e        0x2 
 .text.cmd_get  0x0000000000001b90       0x80 Output/Release/Obj/radioRX_test_pca10100/nrf_cli.o
 .text.cli_strlen
                0x0000000000001c10        0x8 Output/Release/Obj/radioRX_test_pca10100/nrf_cli.o
 .text.multiline_console_data_check
                0x0000000000001c18       0x40 Output/Release/Obj/radioRX_test_pca10100/nrf_cli.o
 .text.vt100_color_set.part.0
                0x0000000000001c58       0x54 Output/Release/Obj/radioRX_test_pca10100/nrf_cli.o
 .text.vt100_color_set
                0x0000000000001cac       0x20 Output/Release/Obj/radioRX_test_pca10100/nrf_cli.o
 .text.vt100_bgcolor_set.part.0
                0x0000000000001ccc       0x48 Output/Release/Obj/radioRX_test_pca10100/nrf_cli.o
 .text.cli_write.constprop.0
                0x0000000000001d14       0x4c Output/Release/Obj/radioRX_test_pca10100/nrf_cli.o
 .text.cursor_right_move.part.0.isra.0
                0x0000000000001d60        0xc Output/Release/Obj/radioRX_test_pca10100/nrf_cli.o
 .text.cursor_right_move
                0x0000000000001d6c        0xa Output/Release/Obj/radioRX_test_pca10100/nrf_cli.o
 *fill*         0x0000000000001d76        0x2 
 .text.cursor_next_line_move.isra.0
                0x0000000000001d78        0xc Output/Release/Obj/radioRX_test_pca10100/nrf_cli.o
 .text.cli_clear_eos.isra.0
                0x0000000000001d84       0x10 Output/Release/Obj/radioRX_test_pca10100/nrf_cli.o
 .text.cursor_up_move
                0x0000000000001d94       0x14 Output/Release/Obj/radioRX_test_pca10100/nrf_cli.o
 .text.cursor_left_move
                0x0000000000001da8       0x14 Output/Release/Obj/radioRX_test_pca10100/nrf_cli.o
 .text.cursor_position_get
                0x0000000000001dbc      0x11c Output/Release/Obj/radioRX_test_pca10100/nrf_cli.o
 .text.format_offset_string_print.constprop.0
                0x0000000000001ed8       0xe8 Output/Release/Obj/radioRX_test_pca10100/nrf_cli.o
 .text.nrf_cli_fprintf
                0x0000000000001fc0       0x68 Output/Release/Obj/radioRX_test_pca10100/nrf_cli.o
                0x0000000000001fc0                nrf_cli_fprintf
 .text.cli_log_entry_process
                0x0000000000002028      0x13c Output/Release/Obj/radioRX_test_pca10100/nrf_cli.o
 .text.nrf_log_backend_cli_flush
                0x0000000000002164        0xa Output/Release/Obj/radioRX_test_pca10100/nrf_cli.o
 .text.nrf_log_backend_cli_put
                0x000000000000216e       0x40 Output/Release/Obj/radioRX_test_pca10100/nrf_cli.o
 *fill*         0x00000000000021ae        0x2 
 .text.nrf_cli_help_print
                0x00000000000021b0      0x234 Output/Release/Obj/radioRX_test_pca10100/nrf_cli.o
                0x00000000000021b0                nrf_cli_help_print
 .text.nrf_cli_cmd_cli_stats.part.0
                0x00000000000023e4        0x8 Output/Release/Obj/radioRX_test_pca10100/nrf_cli.o
 .text.nrf_cli_cmd_clear
                0x00000000000023ec       0x40 Output/Release/Obj/radioRX_test_pca10100/nrf_cli.o
 .text.nrf_cli_cmd_cli
                0x000000000000242c       0x24 Output/Release/Obj/radioRX_test_pca10100/nrf_cli.o
 .text.nrf_cli_build_in_cmd_common_executed.constprop.0
                0x0000000000002450       0x34 Output/Release/Obj/radioRX_test_pca10100/nrf_cli.o
 .text.nrf_cli_cmd_colors
                0x0000000000002484       0x40 Output/Release/Obj/radioRX_test_pca10100/nrf_cli.o
 .text.nrf_cli_cmd_cli_stats
                0x00000000000024c4       0x44 Output/Release/Obj/radioRX_test_pca10100/nrf_cli.o
                0x00000000000024c4                nrf_cli_cmd_cli_stats
 .text.nrf_cli_cmd_resize_default
                0x0000000000002508       0x2c Output/Release/Obj/radioRX_test_pca10100/nrf_cli.o
 .text.nrf_cli_cmd_resize
                0x0000000000002534       0xa8 Output/Release/Obj/radioRX_test_pca10100/nrf_cli.o
 .text.nrf_cli_cmd_history
                0x00000000000025dc       0x70 Output/Release/Obj/radioRX_test_pca10100/nrf_cli.o
 .text.nrf_cli_cmd_colors_off
                0x000000000000264c       0x20 Output/Release/Obj/radioRX_test_pca10100/nrf_cli.o
 .text.nrf_cli_cmd_colors_on
                0x000000000000266c       0x20 Output/Release/Obj/radioRX_test_pca10100/nrf_cli.o
 .text.nrf_cli_cmd_echo_off
                0x000000000000268c       0x20 Output/Release/Obj/radioRX_test_pca10100/nrf_cli.o
 .text.nrf_cli_cmd_echo_on
                0x00000000000026ac       0x20 Output/Release/Obj/radioRX_test_pca10100/nrf_cli.o
 .text.nrf_cli_cmd_echo
                0x00000000000026cc       0x68 Output/Release/Obj/radioRX_test_pca10100/nrf_cli.o
 .text.nrf_cli_cmd_cli_stats_reset
                0x0000000000002734       0x26 Output/Release/Obj/radioRX_test_pca10100/nrf_cli.o
                0x0000000000002734                nrf_cli_cmd_cli_stats_reset
 *fill*         0x000000000000275a        0x2 
 .text.nrf_cli_cmd_cli_stats_show
                0x000000000000275c       0x4c Output/Release/Obj/radioRX_test_pca10100/nrf_cli.o
                0x000000000000275c                nrf_cli_cmd_cli_stats_show
 .text.nrf_fprintf_buffer_flush
                0x00000000000027a8       0x16 Output/Release/Obj/radioRX_test_pca10100/nrf_fprintf.o
                0x00000000000027a8                nrf_fprintf_buffer_flush
 .text.nrf_fprintf
                0x00000000000027be       0x1c Output/Release/Obj/radioRX_test_pca10100/nrf_fprintf.o
                0x00000000000027be                nrf_fprintf
 .text.buffer_add
                0x00000000000027da       0x1e Output/Release/Obj/radioRX_test_pca10100/nrf_fprintf_format.o
 .text.unsigned_print
                0x00000000000027f8       0xb4 Output/Release/Obj/radioRX_test_pca10100/nrf_fprintf_format.o
 .text.nrf_fprintf_fmt
                0x00000000000028ac      0x294 Output/Release/Obj/radioRX_test_pca10100/nrf_fprintf_format.o
                0x00000000000028ac                nrf_fprintf_fmt
 .text.memobj_op
                0x0000000000002b40       0x86 Output/Release/Obj/radioRX_test_pca10100/nrf_memobj.o
 .text.nrf_memobj_pool_init
                0x0000000000002bc6        0x4 Output/Release/Obj/radioRX_test_pca10100/nrf_memobj.o
                0x0000000000002bc6                nrf_memobj_pool_init
 .text.nrf_memobj_free
                0x0000000000002bca       0x2c Output/Release/Obj/radioRX_test_pca10100/nrf_memobj.o
                0x0000000000002bca                nrf_memobj_free
 .text.nrf_memobj_alloc
                0x0000000000002bf6       0x5e Output/Release/Obj/radioRX_test_pca10100/nrf_memobj.o
                0x0000000000002bf6                nrf_memobj_alloc
 .text.nrf_memobj_get
                0x0000000000002c54        0x8 Output/Release/Obj/radioRX_test_pca10100/nrf_memobj.o
                0x0000000000002c54                nrf_memobj_get
 .text.nrf_memobj_put
                0x0000000000002c5c       0x1c Output/Release/Obj/radioRX_test_pca10100/nrf_memobj.o
                0x0000000000002c5c                nrf_memobj_put
 .text.nrf_memobj_write
                0x0000000000002c78       0x14 Output/Release/Obj/radioRX_test_pca10100/nrf_memobj.o
                0x0000000000002c78                nrf_memobj_write
 .text.nrf_memobj_read
                0x0000000000002c8c       0x14 Output/Release/Obj/radioRX_test_pca10100/nrf_memobj.o
                0x0000000000002c8c                nrf_memobj_read
 .text.queue_utilization_get
                0x0000000000002ca0       0x18 Output/Release/Obj/radioRX_test_pca10100/nrf_queue.o
 .text.nrf_queue_is_full
                0x0000000000002cb8       0x18 Output/Release/Obj/radioRX_test_pca10100/nrf_queue.o
                0x0000000000002cb8                nrf_queue_is_full
 .text.nrf_queue_push
                0x0000000000002cd0       0x9e Output/Release/Obj/radioRX_test_pca10100/nrf_queue.o
                0x0000000000002cd0                nrf_queue_push
 .text.nrf_queue_utilization_get
                0x0000000000002d6e       0x1c Output/Release/Obj/radioRX_test_pca10100/nrf_queue.o
                0x0000000000002d6e                nrf_queue_utilization_get
 *fill*         0x0000000000002d8a        0x2 
 .text.nrf_queue_status
                0x0000000000002d8c       0xc4 Output/Release/Obj/radioRX_test_pca10100/nrf_queue.o
 .text.nrf_queue_is_empty
                0x0000000000002e50        0xe Output/Release/Obj/radioRX_test_pca10100/nrf_queue.o
                0x0000000000002e50                nrf_queue_is_empty
 .text.nrf_queue_generic_pop
                0x0000000000002e5e       0x7e Output/Release/Obj/radioRX_test_pca10100/nrf_queue.o
                0x0000000000002e5e                nrf_queue_generic_pop
 .text.nrf_queue_max_utilization_get
                0x0000000000002edc        0x6 Output/Release/Obj/radioRX_test_pca10100/nrf_queue.o
                0x0000000000002edc                nrf_queue_max_utilization_get
 .text.nrf_queue_max_utilization_reset
                0x0000000000002ee2        0x8 Output/Release/Obj/radioRX_test_pca10100/nrf_queue.o
                0x0000000000002ee2                nrf_queue_max_utilization_reset
 .text.nrf_ringbuf_init
                0x0000000000002eea       0x12 Output/Release/Obj/radioRX_test_pca10100/nrf_ringbuf.o
                0x0000000000002eea                nrf_ringbuf_init
 .text.nrf_sortlist_add
                0x0000000000002efc       0x20 Output/Release/Obj/radioRX_test_pca10100/nrf_sortlist.o
                0x0000000000002efc                nrf_sortlist_add
 .text.nrf_sortlist_pop
                0x0000000000002f1c        0xc Output/Release/Obj/radioRX_test_pca10100/nrf_sortlist.o
                0x0000000000002f1c                nrf_sortlist_pop
 .text.nrf_sortlist_peek
                0x0000000000002f28        0x6 Output/Release/Obj/radioRX_test_pca10100/nrf_sortlist.o
                0x0000000000002f28                nrf_sortlist_peek
 .text.nrf_sortlist_remove
                0x0000000000002f2e       0x1a Output/Release/Obj/radioRX_test_pca10100/nrf_sortlist.o
                0x0000000000002f2e                nrf_sortlist_remove
 .text.nrf_clock_event_clear
                0x0000000000002f48       0x14 Output/Release/Obj/radioRX_test_pca10100/nrfx_clock.o
 .text.POWER_CLOCK_IRQHandler
                0x0000000000002f5c       0x4c Output/Release/Obj/radioRX_test_pca10100/nrfx_clock.o
                0x0000000000002f5c                POWER_CLOCK_IRQHandler
 .text.UARTE0_UART0_IRQHandler
                0x0000000000002fa8        0xc Output/Release/Obj/radioRX_test_pca10100/nrfx_prs.o
                0x0000000000002fa8                UARTE0_UART0_IRQHandler
 .text.nrfx_timer_enable
                0x0000000000002fb4       0x1c Output/Release/Obj/radioRX_test_pca10100/nrfx_timer.o
                0x0000000000002fb4                nrfx_timer_enable
 .text.nrfx_timer_disable
                0x0000000000002fd0       0x18 Output/Release/Obj/radioRX_test_pca10100/nrfx_timer.o
                0x0000000000002fd0                nrfx_timer_disable
 .text.nrfx_timer_clear
                0x0000000000002fe8        0x8 Output/Release/Obj/radioRX_test_pca10100/nrfx_timer.o
                0x0000000000002fe8                nrfx_timer_clear
 .text.nrfx_timer_compare
                0x0000000000002ff0       0x32 Output/Release/Obj/radioRX_test_pca10100/nrfx_timer.o
                0x0000000000002ff0                nrfx_timer_compare
 .text.nrfx_timer_extended_compare
                0x0000000000003022       0x2a Output/Release/Obj/radioRX_test_pca10100/nrfx_timer.o
                0x0000000000003022                nrfx_timer_extended_compare
 .text.TIMER0_IRQHandler
                0x000000000000304c       0x54 Output/Release/Obj/radioRX_test_pca10100/nrfx_timer.o
                0x000000000000304c                TIMER0_IRQHandler
 .text.radio_configure
                0x00000000000030a0       0x8c Output/Release/Obj/radioRX_test_pca10100/radio_config.o
                0x00000000000030a0                radio_configure
 .text.clock_initialization
                0x000000000000312c       0x32 Output/Release/Obj/radioRX_test_pca10100/main.o
                0x000000000000312c                clock_initialization
 *fill*         0x000000000000315e        0x2 
 .text.read_packet
                0x0000000000003160       0x5c Output/Release/Obj/radioRX_test_pca10100/main.o
                0x0000000000003160                read_packet
 .text.startup.main
                0x00000000000031bc       0xf8 Output/Release/Obj/radioRX_test_pca10100/main.o
                0x00000000000031bc                main
 .text.cmd_ble_ieee
                0x00000000000032b4       0x1c Output/Release/Obj/radioRX_test_pca10100/radio_cmd.o
 .text.cmd_ble_lr500kbit
                0x00000000000032d0       0x1c Output/Release/Obj/radioRX_test_pca10100/radio_cmd.o
 .text.cmd_ble_lr125kbit
                0x00000000000032ec       0x1c Output/Release/Obj/radioRX_test_pca10100/radio_cmd.o
 .text.cmd_ble_2mbit
                0x0000000000003308       0x1c Output/Release/Obj/radioRX_test_pca10100/radio_cmd.o
 .text.cmd_ble_1mbit
                0x0000000000003324       0x1c Output/Release/Obj/radioRX_test_pca10100/radio_cmd.o
 .text.cmd_nrf_2mbit
                0x0000000000003340       0x1c Output/Release/Obj/radioRX_test_pca10100/radio_cmd.o
 .text.cmd_nrf_1mbit
                0x000000000000335c       0x1c Output/Release/Obj/radioRX_test_pca10100/radio_cmd.o
 .text.cmd_neg40dbm
                0x0000000000003378       0x1c Output/Release/Obj/radioRX_test_pca10100/radio_cmd.o
 .text.cmd_neg30dbm
                0x0000000000003394       0x1c Output/Release/Obj/radioRX_test_pca10100/radio_cmd.o
 .text.cmd_neg20dbm
                0x00000000000033b0       0x1c Output/Release/Obj/radioRX_test_pca10100/radio_cmd.o
 .text.cmd_neg16dbm
                0x00000000000033cc       0x1c Output/Release/Obj/radioRX_test_pca10100/radio_cmd.o
 .text.cmd_neg12dbm
                0x00000000000033e8       0x1c Output/Release/Obj/radioRX_test_pca10100/radio_cmd.o
 .text.cmd_neg8dbm
                0x0000000000003404       0x1c Output/Release/Obj/radioRX_test_pca10100/radio_cmd.o
 .text.cmd_neg4dbm
                0x0000000000003420       0x1c Output/Release/Obj/radioRX_test_pca10100/radio_cmd.o
 .text.cmd_pos0dbm
                0x000000000000343c       0x1c Output/Release/Obj/radioRX_test_pca10100/radio_cmd.o
 .text.cmd_pos4dbm
                0x0000000000003458       0x1c Output/Release/Obj/radioRX_test_pca10100/radio_cmd.o
 .text.cmd_pos3dbm
                0x0000000000003474       0x1c Output/Release/Obj/radioRX_test_pca10100/radio_cmd.o
 .text.cmd_pos2dbm
                0x0000000000003490       0x1c Output/Release/Obj/radioRX_test_pca10100/radio_cmd.o
 .text.cmd_pos5dbm
                0x00000000000034ac       0x1c Output/Release/Obj/radioRX_test_pca10100/radio_cmd.o
 .text.cmd_pos6dbm
                0x00000000000034c8       0x1c Output/Release/Obj/radioRX_test_pca10100/radio_cmd.o
 .text.cmd_pos7dbm
                0x00000000000034e4       0x1c Output/Release/Obj/radioRX_test_pca10100/radio_cmd.o
 .text.cmd_pos8dbm
                0x0000000000003500       0x1c Output/Release/Obj/radioRX_test_pca10100/radio_cmd.o
 .text.cmd_pattern_11001100
                0x000000000000351c       0x1c Output/Release/Obj/radioRX_test_pca10100/radio_cmd.o
 .text.cmd_pattern_11110000
                0x0000000000003538       0x1c Output/Release/Obj/radioRX_test_pca10100/radio_cmd.o
 .text.cmd_pattern_random
                0x0000000000003554       0x1c Output/Release/Obj/radioRX_test_pca10100/radio_cmd.o
 .text.cmd_data_rate_set
                0x0000000000003570       0x44 Output/Release/Obj/radioRX_test_pca10100/radio_cmd.o
 .text.cmd_transmit_pattern_set
                0x00000000000035b4        0x4 Output/Release/Obj/radioRX_test_pca10100/radio_cmd.o
 .text.ieee_channel_check
                0x00000000000035b8       0x4c Output/Release/Obj/radioRX_test_pca10100/radio_cmd.o
 .text.cmd_tx_carrier_start
                0x0000000000003604       0x70 Output/Release/Obj/radioRX_test_pca10100/radio_cmd.o
 .text.cmd_tx_modulated_carrier_start
                0x0000000000003674       0x94 Output/Release/Obj/radioRX_test_pca10100/radio_cmd.o
 .text.cmd_rx_start
                0x0000000000003708       0x68 Output/Release/Obj/radioRX_test_pca10100/radio_cmd.o
 .text.cmd_output_power_set
                0x0000000000003770       0x44 Output/Release/Obj/radioRX_test_pca10100/radio_cmd.o
 .text.cmd_print
                0x00000000000037b4      0x1a8 Output/Release/Obj/radioRX_test_pca10100/radio_cmd.o
 .text.cmd_start_channel_set
                0x000000000000395c       0x68 Output/Release/Obj/radioRX_test_pca10100/radio_cmd.o
 .text.cmd_end_channel_set
                0x00000000000039c4       0x68 Output/Release/Obj/radioRX_test_pca10100/radio_cmd.o
 .text.cmd_time_set
                0x0000000000003a2c       0x68 Output/Release/Obj/radioRX_test_pca10100/radio_cmd.o
 .text.cmd_cancel
                0x0000000000003a94       0x16 Output/Release/Obj/radioRX_test_pca10100/radio_cmd.o
 *fill*         0x0000000000003aaa        0x2 
 .text.cmd_duty_cycle_set
                0x0000000000003aac       0xa0 Output/Release/Obj/radioRX_test_pca10100/radio_cmd.o
 .text.cmd_rx_sweep_start
                0x0000000000003b4c       0x68 Output/Release/Obj/radioRX_test_pca10100/radio_cmd.o
 .text.cmd_tx_sweep_start
                0x0000000000003bb4       0x68 Output/Release/Obj/radioRX_test_pca10100/radio_cmd.o
 .text.tx_modulated_carrier_end
                0x0000000000003c1c       0x30 Output/Release/Obj/radioRX_test_pca10100/radio_cmd.o
 .text.cmd_toggle_dc
                0x0000000000003c4c       0x78 Output/Release/Obj/radioRX_test_pca10100/radio_cmd.o
 .text.cmd_print_payload
                0x0000000000003cc4       0x70 Output/Release/Obj/radioRX_test_pca10100/radio_cmd.o
 .text.nrf_radio_event_clear
                0x0000000000003d34       0x18 Output/Release/Obj/radioRX_test_pca10100/radio_test.o
 .text.radio_disable
                0x0000000000003d4c       0x38 Output/Release/Obj/radioRX_test_pca10100/radio_test.o
 .text.radio_config
                0x0000000000003d84      0x15c Output/Release/Obj/radioRX_test_pca10100/radio_test.o
 .text.radio_sweep_start
                0x0000000000003ee0       0x70 Output/Release/Obj/radioRX_test_pca10100/radio_test.o
 .text.generate_modulated_rf_packet
                0x0000000000003f50       0x68 Output/Release/Obj/radioRX_test_pca10100/radio_test.o
 .text.radio_channel_set
                0x0000000000003fb8       0x28 Output/Release/Obj/radioRX_test_pca10100/radio_test.o
 .text.radio_rx
                0x0000000000003fe0       0x58 Output/Release/Obj/radioRX_test_pca10100/radio_test.o
 .text.radio_test_start
                0x0000000000004038      0x19c Output/Release/Obj/radioRX_test_pca10100/radio_test.o
                0x0000000000004038                radio_test_start
 .text.radio_test_cancel
                0x00000000000041d4       0x14 Output/Release/Obj/radioRX_test_pca10100/radio_test.o
                0x00000000000041d4                radio_test_cancel
 .text.radio_rx_stats_get
                0x00000000000041e8       0x30 Output/Release/Obj/radioRX_test_pca10100/radio_test.o
                0x00000000000041e8                radio_rx_stats_get
 .text.toggle_dcdc_state
                0x0000000000004218        0xe Output/Release/Obj/radioRX_test_pca10100/radio_test.o
                0x0000000000004218                toggle_dcdc_state
 *fill*         0x0000000000004226        0x2 
 .text.RADIO_IRQHandler
                0x0000000000004228       0x58 Output/Release/Obj/radioRX_test_pca10100/radio_test.o
                0x0000000000004228                RADIO_IRQHandler
 .text._GetAvailWriteSpace
                0x0000000000004280       0x12 Output/Release/Obj/radioRX_test_pca10100/SEGGER_RTT.o
 .text._WriteNoCheck
                0x0000000000004292       0x38 Output/Release/Obj/radioRX_test_pca10100/SEGGER_RTT.o
 .text._WriteBlocking
                0x00000000000042ca       0x52 Output/Release/Obj/radioRX_test_pca10100/SEGGER_RTT.o
 .text._DoInit  0x000000000000431c       0x60 Output/Release/Obj/radioRX_test_pca10100/SEGGER_RTT.o
 .text.SEGGER_RTT_WriteNoLock
                0x000000000000437c       0x60 Output/Release/Obj/radioRX_test_pca10100/SEGGER_RTT.o
                0x000000000000437c                SEGGER_RTT_WriteNoLock
 .text.SEGGER_RTT_Init
                0x00000000000043dc        0x4 Output/Release/Obj/radioRX_test_pca10100/SEGGER_RTT.o
                0x00000000000043dc                SEGGER_RTT_Init
 .text.SystemInit
                0x00000000000043e0      0x160 Output/Release/Obj/radioRX_test_pca10100/system_nrf52833.o
                0x00000000000043e0                SystemInit
 .text.libc.__RAL_ascii_isctype
                0x0000000000004540       0x1c D:/ncs/v1.5.1/toolchain/segger_embedded_studio/lib/libc_v7em_fpv4_sp_d16_hard_t_le_eabi.a(libc2.o)
 .text.libc.__RAL_ascii_toupper
                0x000000000000455c        0xc D:/ncs/v1.5.1/toolchain/segger_embedded_studio/lib/libc_v7em_fpv4_sp_d16_hard_t_le_eabi.a(libc2.o)
 .text.libc.__RAL_ascii_tolower
                0x0000000000004568        0xc D:/ncs/v1.5.1/toolchain/segger_embedded_studio/lib/libc_v7em_fpv4_sp_d16_hard_t_le_eabi.a(libc2.o)
 .text.libc.__RAL_ascii_iswctype
                0x0000000000004574       0x1c D:/ncs/v1.5.1/toolchain/segger_embedded_studio/lib/libc_v7em_fpv4_sp_d16_hard_t_le_eabi.a(libc2.o)
 .text.libc.__RAL_ascii_towupper
                0x0000000000004590        0xc D:/ncs/v1.5.1/toolchain/segger_embedded_studio/lib/libc_v7em_fpv4_sp_d16_hard_t_le_eabi.a(libc2.o)
 .text.libc.__RAL_ascii_towlower
                0x000000000000459c        0xc D:/ncs/v1.5.1/toolchain/segger_embedded_studio/lib/libc_v7em_fpv4_sp_d16_hard_t_le_eabi.a(libc2.o)
 .text.libc.__RAL_ascii_wctomb
                0x00000000000045a8        0xe D:/ncs/v1.5.1/toolchain/segger_embedded_studio/lib/libc_v7em_fpv4_sp_d16_hard_t_le_eabi.a(libc2.o)
                0x00000000000045a8                __RAL_ascii_wctomb
 .text.libc.__RAL_ascii_mbtowc
                0x00000000000045b6       0x24 D:/ncs/v1.5.1/toolchain/segger_embedded_studio/lib/libc_v7em_fpv4_sp_d16_hard_t_le_eabi.a(libc2.o)
                0x00000000000045b6                __RAL_ascii_mbtowc
 *fill*         0x00000000000045da        0x2 
 .text.libc.__RAL_isctype
                0x00000000000045dc       0x14 D:/ncs/v1.5.1/toolchain/segger_embedded_studio/lib/libc_v7em_fpv4_sp_d16_hard_t_le_eabi.a(libc2.o)
                0x00000000000045dc                __RAL_isctype
 .text.libc.isupper
                0x00000000000045f0        0xa D:/ncs/v1.5.1/toolchain/segger_embedded_studio/lib/libc_v7em_fpv4_sp_d16_hard_t_le_eabi.a(libc2.o)
                0x00000000000045f0                isupper
 .text.libc.islower
                0x00000000000045fa        0xa D:/ncs/v1.5.1/toolchain/segger_embedded_studio/lib/libc_v7em_fpv4_sp_d16_hard_t_le_eabi.a(libc2.o)
                0x00000000000045fa                islower
 .text.libc.isdigit
                0x0000000000004604        0xa D:/ncs/v1.5.1/toolchain/segger_embedded_studio/lib/libc_v7em_fpv4_sp_d16_hard_t_le_eabi.a(libc2.o)
                0x0000000000004604                isdigit
 .text.libc.__digit
                0x000000000000460e       0x3c D:/ncs/v1.5.1/toolchain/segger_embedded_studio/lib/libc_v7em_fpv4_sp_d16_hard_t_le_eabi.a(libc2.o)
                0x000000000000460e                __digit
 .text.libc.isspace
                0x000000000000464a        0xa D:/ncs/v1.5.1/toolchain/segger_embedded_studio/lib/libc_v7em_fpv4_sp_d16_hard_t_le_eabi.a(libc2.o)
                0x000000000000464a                isspace
 .text.libc.isprint
                0x0000000000004654        0xa D:/ncs/v1.5.1/toolchain/segger_embedded_studio/lib/libc_v7em_fpv4_sp_d16_hard_t_le_eabi.a(libc2.o)
                0x0000000000004654                isprint
 *fill*         0x000000000000465e        0x2 
 .text.libc.__aeabi_errno_addr
                0x0000000000004660       0x14 D:/ncs/v1.5.1/toolchain/segger_embedded_studio/lib/libc_v7em_fpv4_sp_d16_hard_t_le_eabi.a(libc2.o)
                0x0000000000004660                __aeabi_errno_addr
 .text.libc.__strtoul
                0x0000000000004674       0xdc D:/ncs/v1.5.1/toolchain/segger_embedded_studio/lib/libc_v7em_fpv4_sp_d16_hard_t_le_eabi.a(libc2.o)
                0x0000000000004674                __strtoul
 .text.libc.strncmp
                0x0000000000004750       0x3c D:/ncs/v1.5.1/toolchain/segger_embedded_studio/lib/libc_v7em_fpv4_sp_d16_hard_t_le_eabi.a(libc2.o)
                0x0000000000004750                strncmp
 .text.libc.strtol
                0x000000000000478c       0xa6 D:/ncs/v1.5.1/toolchain/segger_embedded_studio/lib/libc_v7em_fpv4_sp_d16_hard_t_le_eabi.a(libc2.o)
                0x000000000000478c                strtol
 .text.libc.atoi
                0x0000000000004832       0x20 D:/ncs/v1.5.1/toolchain/segger_embedded_studio/lib/libc_v7em_fpv4_sp_d16_hard_t_le_eabi.a(libc2.o)
                0x0000000000004832                atoi
 .text.libc.memcpy
                0x0000000000004852       0x52 D:/ncs/v1.5.1/toolchain/segger_embedded_studio/lib/libc_v7em_fpv4_sp_d16_hard_t_le_eabi.a(libc2_asm.o)
                0x0000000000004852                __aeabi_memcpy
                0x0000000000004852                memcpy
                0x000000000000485e                __aeabi_memcpy8
                0x000000000000485e                __aeabi_memcpy4
 .text.libc.memset
                0x00000000000048a4       0x66 D:/ncs/v1.5.1/toolchain/segger_embedded_studio/lib/libc_v7em_fpv4_sp_d16_hard_t_le_eabi.a(libc2_asm.o)
                0x00000000000048a4                memset
 .text.libc.strcpy
                0x000000000000490a       0x44 D:/ncs/v1.5.1/toolchain/segger_embedded_studio/lib/libc_v7em_fpv4_sp_d16_hard_t_le_eabi.a(libc2_asm.o)
                0x000000000000490a                strcpy
 .text.libc.strcmp
                0x000000000000494e       0x4e D:/ncs/v1.5.1/toolchain/segger_embedded_studio/lib/libc_v7em_fpv4_sp_d16_hard_t_le_eabi.a(libc2_asm.o)
                0x000000000000494e                strcmp
 .text.libc.strlen
                0x000000000000499c       0x60 D:/ncs/v1.5.1/toolchain/segger_embedded_studio/lib/libc_v7em_fpv4_sp_d16_hard_t_le_eabi.a(libc2_asm.o)
                0x000000000000499c                strlen
                0x00000000000049fc                __text_end__ = (__text_start__ + SIZEOF (.text))
                0x000000000000462c                __text_size__ = SIZEOF (.text)
                0x00000000000049fc                __text_load_end__ = __text_end__

.vfp11_veneer   0x0000000100000000        0x0
 .vfp11_veneer  0x0000000100000000        0x0 linker stubs

.v4_bx          0x0000000100000000        0x0
 .v4_bx         0x0000000100000000        0x0 linker stubs

.iplt           0x0000000100000000        0x0
 .iplt          0x0000000100000000        0x0 Output/Release/Obj/radioRX_test_pca10100/thumb_crt0.o
                0x0000000000000001                . = ASSERT (((__text_start__ == __text_end__) || ((__text_end__ - __FLASH_segment_start__) <= __FLASH_segment_size__)), error: .text is too large to fit in FLASH memory segment)
                0x00000000000049fc                __cli_command_load_start__ = ALIGN (__text_end__, 0x4)

.cli_command    0x00000000000049fc       0xb8
                0x00000000000049fc                __cli_command_start__ = .
                0x00000000000049fc                __start_cli_command = __cli_command_start__
 *(.cli_command*)
 .cli_command   0x00000000000049fc        0x8 Output/Release/Obj/radioRX_test_pca10100/nrf_log_frontend.o
                0x00000000000049fc                nrf_cli_log_const
 .cli_command   0x0000000000004a04        0x8 Output/Release/Obj/radioRX_test_pca10100/nrf_balloc.o
                0x0000000000004a04                nrf_cli_balloc_const
 .cli_command   0x0000000000004a0c       0x20 Output/Release/Obj/radioRX_test_pca10100/nrf_cli.o
                0x0000000000004a0c                nrf_cli_resize_const
                0x0000000000004a14                nrf_cli_history_const
                0x0000000000004a1c                nrf_cli_cli_const
                0x0000000000004a24                nrf_cli_clear_const
 .cli_command   0x0000000000004a2c        0x8 Output/Release/Obj/radioRX_test_pca10100/nrf_queue.o
                0x0000000000004a2c                nrf_cli_queue_const
 .cli_command   0x0000000000004a34       0x80 Output/Release/Obj/radioRX_test_pca10100/radio_cmd.o
                0x0000000000004a34                nrf_cli_print_rx_const
                0x0000000000004a3c                nrf_cli_toggle_dcdc_state_const
                0x0000000000004a44                nrf_cli_start_rx_const
                0x0000000000004a4c                nrf_cli_start_tx_sweep_const
                0x0000000000004a54                nrf_cli_start_rx_sweep_const
                0x0000000000004a5c                nrf_cli_parameters_print_const
                0x0000000000004a64                nrf_cli_start_duty_cycle_modulated_tx_const
                0x0000000000004a6c                nrf_cli_transmit_pattern_const
                0x0000000000004a74                nrf_cli_output_power_const
                0x0000000000004a7c                nrf_cli_start_tx_modulated_carrier_const
                0x0000000000004a84                nrf_cli_start_tx_carrier_const
                0x0000000000004a8c                nrf_cli_data_rate_const
                0x0000000000004a94                nrf_cli_cancel_const
                0x0000000000004a9c                nrf_cli_time_on_channel_const
                0x0000000000004aa4                nrf_cli_end_channel_const
                0x0000000000004aac                nrf_cli_start_channel_const
                0x0000000000004ab4                __cli_command_end__ = (__cli_command_start__ + SIZEOF (.cli_command))
                0x00000000000000b8                __cli_command_size__ = SIZEOF (.cli_command)
                0x0000000000004ab4                __stop_cli_command = __cli_command_end__
                0x0000000000004ab4                __cli_command_load_end__ = __cli_command_end__
                0x0000000000000001                . = ASSERT (((__cli_command_start__ == __cli_command_end__) || ((__cli_command_end__ - __FLASH_segment_start__) <= __FLASH_segment_size__)), error: .cli_command is too large to fit in FLASH memory segment)
                0x0000000000004ab4                __pwr_mgmt_data_load_start__ = ALIGN (__cli_command_end__, 0x4)

.pwr_mgmt_data  0x0000000000004ab4        0x0
                0x0000000000004ab4                __pwr_mgmt_data_start__ = .
                0x0000000000004ab4                __start_pwr_mgmt_data = __pwr_mgmt_data_start__
 *(SORT_BY_NAME(.pwr_mgmt_data*))
                0x0000000000004ab4                __pwr_mgmt_data_end__ = (__pwr_mgmt_data_start__ + SIZEOF (.pwr_mgmt_data))
                0x0000000000000000                __pwr_mgmt_data_size__ = SIZEOF (.pwr_mgmt_data)
                0x0000000000004ab4                __stop_pwr_mgmt_data = __pwr_mgmt_data_end__
                0x0000000000004ab4                __pwr_mgmt_data_load_end__ = __pwr_mgmt_data_end__
                0x0000000000000001                . = ASSERT (((__pwr_mgmt_data_start__ == __pwr_mgmt_data_end__) || ((__pwr_mgmt_data_end__ - __FLASH_segment_start__) <= __FLASH_segment_size__)), error: .pwr_mgmt_data is too large to fit in FLASH memory segment)
                0x0000000000004ab4                __nrf_queue_load_start__ = ALIGN (__pwr_mgmt_data_end__, 0x4)

.nrf_queue      0x0000000000004ab4       0x1c
                0x0000000000004ab4                __nrf_queue_start__ = .
                0x0000000000004ab4                __start_nrf_queue = __nrf_queue_start__
 *(.nrf_queue*)
 .nrf_queue     0x0000000000004ab4       0x1c Output/Release/Obj/radioRX_test_pca10100/main.o
                0x0000000000004ab4                m_cli_uart_log_backend_queue
                0x0000000000004ad0                __nrf_queue_end__ = (__nrf_queue_start__ + SIZEOF (.nrf_queue))
                0x000000000000001c                __nrf_queue_size__ = SIZEOF (.nrf_queue)
                0x0000000000004ad0                __stop_nrf_queue = __nrf_queue_end__
                0x0000000000004ad0                __nrf_queue_load_end__ = __nrf_queue_end__
                0x0000000000000001                . = ASSERT (((__nrf_queue_start__ == __nrf_queue_end__) || ((__nrf_queue_end__ - __FLASH_segment_start__) <= __FLASH_segment_size__)), error: .nrf_queue is too large to fit in FLASH memory segment)
                0x0000000000004ad0                __log_const_data_load_start__ = ALIGN (__nrf_queue_end__, 0x4)

.log_const_data
                0x0000000000004ad0       0x80
                0x0000000000004ad0                __log_const_data_start__ = .
                0x0000000000004ad0                __start_log_const_data = __log_const_data_start__
 *(SORT_BY_NAME(.log_const_data*))
 .log_const_data_CLOCK
                0x0000000000004ad0        0x8 Output/Release/Obj/radioRX_test_pca10100/nrfx_clock.o
                0x0000000000004ad0                m_nrf_log_CLOCK_logs_data_const
 .log_const_data_PRS
                0x0000000000004ad8        0x8 Output/Release/Obj/radioRX_test_pca10100/nrfx_prs.o
                0x0000000000004ad8                m_nrf_log_PRS_logs_data_const
 .log_const_data_TIMER
                0x0000000000004ae0        0x8 Output/Release/Obj/radioRX_test_pca10100/nrfx_timer.o
                0x0000000000004ae0                m_nrf_log_TIMER_logs_data_const
 .log_const_data_UART
                0x0000000000004ae8        0x8 Output/Release/Obj/radioRX_test_pca10100/nrfx_uart.o
                0x0000000000004ae8                m_nrf_log_UART_logs_data_const
 .log_const_data_UARTE
                0x0000000000004af0        0x8 Output/Release/Obj/radioRX_test_pca10100/nrfx_uarte.o
                0x0000000000004af0                m_nrf_log_UARTE_logs_data_const
 .log_const_data_app
                0x0000000000004af8        0x8 Output/Release/Obj/radioRX_test_pca10100/nrf_log_frontend.o
                0x0000000000004af8                m_nrf_log_app_logs_data_const
 .log_const_data_app_timer
                0x0000000000004b00        0x8 Output/Release/Obj/radioRX_test_pca10100/app_timer2.o
                0x0000000000004b00                m_nrf_log_app_timer_logs_data_const
 .log_const_data_app_timer_m_cli_uart_transport_timer
                0x0000000000004b08        0x8 Output/Release/Obj/radioRX_test_pca10100/main.o
                0x0000000000004b08                m_nrf_log_app_timer_m_cli_uart_transport_timer_logs_data_const
 .log_const_data_atfifo_m_req_fifo
                0x0000000000004b10        0x8 Output/Release/Obj/radioRX_test_pca10100/app_timer2.o
                0x0000000000004b10                m_nrf_log_atfifo_m_req_fifo_logs_data_const
 .log_const_data_balloc_log_mempool
                0x0000000000004b18        0x8 Output/Release/Obj/radioRX_test_pca10100/nrf_log_frontend.o
                0x0000000000004b18                m_nrf_log_balloc_log_mempool_logs_data_const
 .log_const_data_balloc_m_cli_uart_cmd_hist_memobj
                0x0000000000004b20        0x8 Output/Release/Obj/radioRX_test_pca10100/main.o
                0x0000000000004b20                m_nrf_log_balloc_m_cli_uart_cmd_hist_memobj_logs_data_const
 .log_const_data_cli_uart
                0x0000000000004b28        0x8 Output/Release/Obj/radioRX_test_pca10100/nrf_cli_uart.o
                0x0000000000004b28                m_nrf_log_cli_uart_logs_data_const
 .log_const_data_clock
                0x0000000000004b30        0x8 Output/Release/Obj/radioRX_test_pca10100/nrf_drv_clock.o
                0x0000000000004b30                m_nrf_log_clock_logs_data_const
 .log_const_data_pwr_mgmt
                0x0000000000004b38        0x8 Output/Release/Obj/radioRX_test_pca10100/nrf_pwr_mgmt.o
                0x0000000000004b38                m_nrf_log_pwr_mgmt_logs_data_const
 .log_const_data_queue_m_cli_uart_log_backend_queue
                0x0000000000004b40        0x8 Output/Release/Obj/radioRX_test_pca10100/main.o
                0x0000000000004b40                m_nrf_log_queue_m_cli_uart_log_backend_queue_logs_data_const
 .log_const_data_sortlist
                0x0000000000004b48        0x8 Output/Release/Obj/radioRX_test_pca10100/nrf_sortlist.o
                0x0000000000004b48                m_nrf_log_sortlist_logs_data_const
                0x0000000000004b50                __log_const_data_end__ = (__log_const_data_start__ + SIZEOF (.log_const_data))
                0x0000000000000080                __log_const_data_size__ = SIZEOF (.log_const_data)
                0x0000000000004b50                __stop_log_const_data = __log_const_data_end__
                0x0000000000004b50                __log_const_data_load_end__ = __log_const_data_end__
                0x0000000000000001                . = ASSERT (((__log_const_data_start__ == __log_const_data_end__) || ((__log_const_data_end__ - __FLASH_segment_start__) <= __FLASH_segment_size__)), error: .log_const_data is too large to fit in FLASH memory segment)
                0x0000000000004b50                __log_backends_load_start__ = ALIGN (__log_const_data_end__, 0x4)

.log_backends   0x0000000000004b50       0x20
                0x0000000000004b50                __log_backends_start__ = .
                0x0000000000004b50                __start_log_backends = __log_backends_start__
 *(SORT_BY_NAME(.log_backends*))
 .log_backends  0x0000000000004b50       0x10 Output/Release/Obj/radioRX_test_pca10100/nrf_log_default_backends.o
 .log_backends  0x0000000000004b60       0x10 Output/Release/Obj/radioRX_test_pca10100/main.o
                0x0000000000004b70                __log_backends_end__ = (__log_backends_start__ + SIZEOF (.log_backends))
                0x0000000000000020                __log_backends_size__ = SIZEOF (.log_backends)
                0x0000000000004b70                __stop_log_backends = __log_backends_end__
                0x0000000000004b70                __log_backends_load_end__ = __log_backends_end__
                0x0000000000000001                . = ASSERT (((__log_backends_start__ == __log_backends_end__) || ((__log_backends_end__ - __FLASH_segment_start__) <= __FLASH_segment_size__)), error: .log_backends is too large to fit in FLASH memory segment)
                0x0000000000004b70                __nrf_balloc_load_start__ = ALIGN (__log_backends_end__, 0x4)

.nrf_balloc     0x0000000000004b70       0x38
                0x0000000000004b70                __nrf_balloc_start__ = .
                0x0000000000004b70                __start_nrf_balloc = __nrf_balloc_start__
 *(.nrf_balloc*)
 .nrf_balloc    0x0000000000004b70       0x1c Output/Release/Obj/radioRX_test_pca10100/nrf_log_frontend.o
                0x0000000000004b70                log_mempool
 .nrf_balloc    0x0000000000004b8c       0x1c Output/Release/Obj/radioRX_test_pca10100/main.o
                0x0000000000004b8c                m_cli_uart_cmd_hist_memobj
                0x0000000000004ba8                __nrf_balloc_end__ = (__nrf_balloc_start__ + SIZEOF (.nrf_balloc))
                0x0000000000000038                __nrf_balloc_size__ = SIZEOF (.nrf_balloc)
                0x0000000000004ba8                __stop_nrf_balloc = __nrf_balloc_end__
                0x0000000000004ba8                __nrf_balloc_load_end__ = __nrf_balloc_end__
                0x0000000000000001                . = ASSERT (((__nrf_balloc_start__ == __nrf_balloc_end__) || ((__nrf_balloc_end__ - __FLASH_segment_start__) <= __FLASH_segment_size__)), error: .nrf_balloc is too large to fit in FLASH memory segment)
                0x0000000000004ba8                __nrf_sections_load_start__ = ALIGN (__nrf_balloc_end__, 0x4)

.nrf_sections   0x0000000000004ba8        0x0
                0x0000000000004ba8                __nrf_sections_start__ = .
                0x0000000000004ba8                __start_nrf_sections = __nrf_sections_start__
 *(.nrf_sections .nrf_sections.*)
                0x0000000000004ba8                __nrf_sections_end__ = (__nrf_sections_start__ + SIZEOF (.nrf_sections))
                0x0000000000000000                __nrf_sections_size__ = SIZEOF (.nrf_sections)
                0x0000000000004ba8                __nrf_sections_load_end__ = __nrf_sections_end__
                0x0000000000000001                . = ASSERT (((__nrf_sections_start__ == __nrf_sections_end__) || ((__nrf_sections_end__ - __FLASH_segment_start__) <= __FLASH_segment_size__)), error: .nrf_sections is too large to fit in FLASH memory segment)
                0x0000000000004ba8                __cli_sorted_cmd_ptrs_load_start__ = ALIGN (__nrf_sections_end__, 0x4)

.cli_sorted_cmd_ptrs
                0x0000000020000000       0x5c load address 0x0000000000004ba8
                0x0000000020000000                __cli_sorted_cmd_ptrs_start__ = .
 *(.cli_sorted_cmd_ptrs*)
 .cli_sorted_cmd_ptrs
                0x0000000020000000        0x4 Output/Release/Obj/radioRX_test_pca10100/nrf_log_frontend.o
                0x0000000020000000                log_str_ptr
 .cli_sorted_cmd_ptrs
                0x0000000020000004        0x4 Output/Release/Obj/radioRX_test_pca10100/nrf_balloc.o
                0x0000000020000004                balloc_str_ptr
 .cli_sorted_cmd_ptrs
                0x0000000020000008       0x10 Output/Release/Obj/radioRX_test_pca10100/nrf_cli.o
                0x0000000020000008                resize_str_ptr
                0x000000002000000c                history_str_ptr
                0x0000000020000010                cli_str_ptr
                0x0000000020000014                clear_str_ptr
 .cli_sorted_cmd_ptrs
                0x0000000020000018        0x4 Output/Release/Obj/radioRX_test_pca10100/nrf_queue.o
                0x0000000020000018                queue_str_ptr
 .cli_sorted_cmd_ptrs
                0x000000002000001c       0x40 Output/Release/Obj/radioRX_test_pca10100/radio_cmd.o
                0x000000002000001c                print_rx_str_ptr
                0x0000000020000020                toggle_dcdc_state_str_ptr
                0x0000000020000024                start_rx_str_ptr
                0x0000000020000028                start_tx_sweep_str_ptr
                0x000000002000002c                start_rx_sweep_str_ptr
                0x0000000020000030                parameters_print_str_ptr
                0x0000000020000034                start_duty_cycle_modulated_tx_str_ptr
                0x0000000020000038                transmit_pattern_str_ptr
                0x000000002000003c                output_power_str_ptr
                0x0000000020000040                start_tx_modulated_carrier_str_ptr
                0x0000000020000044                start_tx_carrier_str_ptr
                0x0000000020000048                data_rate_str_ptr
                0x000000002000004c                cancel_str_ptr
                0x0000000020000050                time_on_channel_str_ptr
                0x0000000020000054                end_channel_str_ptr
                0x0000000020000058                start_channel_str_ptr
                0x000000002000005c                __cli_sorted_cmd_ptrs_end__ = (__cli_sorted_cmd_ptrs_start__ + SIZEOF (.cli_sorted_cmd_ptrs))
                0x000000000000005c                __cli_sorted_cmd_ptrs_size__ = SIZEOF (.cli_sorted_cmd_ptrs)
                0x0000000000004c04                __cli_sorted_cmd_ptrs_load_end__ = (__cli_sorted_cmd_ptrs_load_start__ + SIZEOF (.cli_sorted_cmd_ptrs))
                0x0000000000000001                . = ASSERT (((__cli_sorted_cmd_ptrs_load_start__ == __cli_sorted_cmd_ptrs_load_end__) || ((__cli_sorted_cmd_ptrs_load_end__ - __FLASH_segment_start__) <= __FLASH_segment_size__)), error: .cli_sorted_cmd_ptrs is too large to fit in FLASH memory segment)

.cli_sorted_cmd_ptrs_run
                0x0000000020000000       0x5c load address 0x0000000000004ba8
                0x0000000020000000                __cli_sorted_cmd_ptrs_run_start__ = .
                0x0000000020000000                __start_cli_sorted_cmd_ptrs = __cli_sorted_cmd_ptrs_run_start__
                0x000000002000005c                . = MAX ((__cli_sorted_cmd_ptrs_run_start__ + SIZEOF (.cli_sorted_cmd_ptrs)), .)
 *fill*         0x0000000020000000       0x5c 
                0x000000002000005c                __cli_sorted_cmd_ptrs_run_end__ = (__cli_sorted_cmd_ptrs_run_start__ + SIZEOF (.cli_sorted_cmd_ptrs_run))
                0x000000000000005c                __cli_sorted_cmd_ptrs_run_size__ = SIZEOF (.cli_sorted_cmd_ptrs_run)
                0x000000002000005c                __stop_cli_sorted_cmd_ptrs = __cli_sorted_cmd_ptrs_run_end__
                0x000000002000005c                __cli_sorted_cmd_ptrs_run_load_end__ = __cli_sorted_cmd_ptrs_run_end__
                0x0000000000000001                . = ASSERT (((__cli_sorted_cmd_ptrs_run_start__ == __cli_sorted_cmd_ptrs_run_end__) || ((__cli_sorted_cmd_ptrs_run_end__ - __RAM1_segment_start__) <= __RAM1_segment_size__)), error: .cli_sorted_cmd_ptrs_run is too large to fit in RAM1 memory segment)
                0x0000000000004c04                __log_dynamic_data_load_start__ = ALIGN ((__cli_sorted_cmd_ptrs_load_start__ + SIZEOF (.cli_sorted_cmd_ptrs)), 0x4)

.log_dynamic_data
                0x000000002000005c       0x40 load address 0x0000000000004c04
                0x000000002000005c                __log_dynamic_data_start__ = .
 *(SORT_BY_NAME(.log_dynamic_data*))
 .log_dynamic_data_CLOCK
                0x000000002000005c        0x4 Output/Release/Obj/radioRX_test_pca10100/nrfx_clock.o
                0x000000002000005c                m_nrf_log_CLOCK_logs_data_dynamic
 .log_dynamic_data_PRS
                0x0000000020000060        0x4 Output/Release/Obj/radioRX_test_pca10100/nrfx_prs.o
                0x0000000020000060                m_nrf_log_PRS_logs_data_dynamic
 .log_dynamic_data_TIMER
                0x0000000020000064        0x4 Output/Release/Obj/radioRX_test_pca10100/nrfx_timer.o
                0x0000000020000064                m_nrf_log_TIMER_logs_data_dynamic
 .log_dynamic_data_UART
                0x0000000020000068        0x4 Output/Release/Obj/radioRX_test_pca10100/nrfx_uart.o
                0x0000000020000068                m_nrf_log_UART_logs_data_dynamic
 .log_dynamic_data_UARTE
                0x000000002000006c        0x4 Output/Release/Obj/radioRX_test_pca10100/nrfx_uarte.o
                0x000000002000006c                m_nrf_log_UARTE_logs_data_dynamic
 .log_dynamic_data_app
                0x0000000020000070        0x4 Output/Release/Obj/radioRX_test_pca10100/nrf_log_frontend.o
                0x0000000020000070                m_nrf_log_app_logs_data_dynamic
 .log_dynamic_data_app_timer
                0x0000000020000074        0x4 Output/Release/Obj/radioRX_test_pca10100/app_timer2.o
                0x0000000020000074                m_nrf_log_app_timer_logs_data_dynamic
 .log_dynamic_data_app_timer_m_cli_uart_transport_timer
                0x0000000020000078        0x4 Output/Release/Obj/radioRX_test_pca10100/main.o
                0x0000000020000078                m_nrf_log_app_timer_m_cli_uart_transport_timer_logs_data_dynamic
 .log_dynamic_data_atfifo_m_req_fifo
                0x000000002000007c        0x4 Output/Release/Obj/radioRX_test_pca10100/app_timer2.o
                0x000000002000007c                m_nrf_log_atfifo_m_req_fifo_logs_data_dynamic
 .log_dynamic_data_balloc_log_mempool
                0x0000000020000080        0x4 Output/Release/Obj/radioRX_test_pca10100/nrf_log_frontend.o
                0x0000000020000080                m_nrf_log_balloc_log_mempool_logs_data_dynamic
 .log_dynamic_data_balloc_m_cli_uart_cmd_hist_memobj
                0x0000000020000084        0x4 Output/Release/Obj/radioRX_test_pca10100/main.o
                0x0000000020000084                m_nrf_log_balloc_m_cli_uart_cmd_hist_memobj_logs_data_dynamic
 .log_dynamic_data_cli_uart
                0x0000000020000088        0x4 Output/Release/Obj/radioRX_test_pca10100/nrf_cli_uart.o
                0x0000000020000088                m_nrf_log_cli_uart_logs_data_dynamic
 .log_dynamic_data_clock
                0x000000002000008c        0x4 Output/Release/Obj/radioRX_test_pca10100/nrf_drv_clock.o
                0x000000002000008c                m_nrf_log_clock_logs_data_dynamic
 .log_dynamic_data_pwr_mgmt
                0x0000000020000090        0x4 Output/Release/Obj/radioRX_test_pca10100/nrf_pwr_mgmt.o
                0x0000000020000090                m_nrf_log_pwr_mgmt_logs_data_dynamic
 .log_dynamic_data_queue_m_cli_uart_log_backend_queue
                0x0000000020000094        0x4 Output/Release/Obj/radioRX_test_pca10100/main.o
                0x0000000020000094                m_nrf_log_queue_m_cli_uart_log_backend_queue_logs_data_dynamic
 .log_dynamic_data_sortlist
                0x0000000020000098        0x4 Output/Release/Obj/radioRX_test_pca10100/nrf_sortlist.o
                0x0000000020000098                m_nrf_log_sortlist_logs_data_dynamic
                0x000000002000009c                __log_dynamic_data_end__ = (__log_dynamic_data_start__ + SIZEOF (.log_dynamic_data))
                0x0000000000000040                __log_dynamic_data_size__ = SIZEOF (.log_dynamic_data)
                0x0000000000004c44                __log_dynamic_data_load_end__ = (__log_dynamic_data_load_start__ + SIZEOF (.log_dynamic_data))
                0x0000000000000001                . = ASSERT (((__log_dynamic_data_load_start__ == __log_dynamic_data_load_end__) || ((__log_dynamic_data_load_end__ - __FLASH_segment_start__) <= __FLASH_segment_size__)), error: .log_dynamic_data is too large to fit in FLASH memory segment)

.log_dynamic_data_run
                0x000000002000005c       0x40 load address 0x0000000000004c04
                0x000000002000005c                __log_dynamic_data_run_start__ = .
                0x000000002000005c                __start_log_dynamic_data = __log_dynamic_data_run_start__
                0x000000002000009c                . = MAX ((__log_dynamic_data_run_start__ + SIZEOF (.log_dynamic_data)), .)
 *fill*         0x000000002000005c       0x40 
                0x000000002000009c                __log_dynamic_data_run_end__ = (__log_dynamic_data_run_start__ + SIZEOF (.log_dynamic_data_run))
                0x0000000000000040                __log_dynamic_data_run_size__ = SIZEOF (.log_dynamic_data_run)
                0x000000002000009c                __stop_log_dynamic_data = __log_dynamic_data_run_end__
                0x000000002000009c                __log_dynamic_data_run_load_end__ = __log_dynamic_data_run_end__
                0x0000000000000001                . = ASSERT (((__log_dynamic_data_run_start__ == __log_dynamic_data_run_end__) || ((__log_dynamic_data_run_end__ - __RAM1_segment_start__) <= __RAM1_segment_size__)), error: .log_dynamic_data_run is too large to fit in RAM1 memory segment)
                0x0000000000004c44                __log_filter_data_load_start__ = ALIGN ((__log_dynamic_data_load_start__ + SIZEOF (.log_dynamic_data)), 0x4)

.log_filter_data
                0x000000002000009c       0x40 load address 0x0000000000004c44
                0x000000002000009c                __log_filter_data_start__ = .
 *(SORT_BY_NAME(.log_filter_data*))
 .log_filter_data_CLOCK
                0x000000002000009c        0x4 Output/Release/Obj/radioRX_test_pca10100/nrfx_clock.o
                0x000000002000009c                m_nrf_log_CLOCK_logs_data_filter
 .log_filter_data_PRS
                0x00000000200000a0        0x4 Output/Release/Obj/radioRX_test_pca10100/nrfx_prs.o
                0x00000000200000a0                m_nrf_log_PRS_logs_data_filter
 .log_filter_data_TIMER
                0x00000000200000a4        0x4 Output/Release/Obj/radioRX_test_pca10100/nrfx_timer.o
                0x00000000200000a4                m_nrf_log_TIMER_logs_data_filter
 .log_filter_data_UART
                0x00000000200000a8        0x4 Output/Release/Obj/radioRX_test_pca10100/nrfx_uart.o
                0x00000000200000a8                m_nrf_log_UART_logs_data_filter
 .log_filter_data_UARTE
                0x00000000200000ac        0x4 Output/Release/Obj/radioRX_test_pca10100/nrfx_uarte.o
                0x00000000200000ac                m_nrf_log_UARTE_logs_data_filter
 .log_filter_data_app
                0x00000000200000b0        0x4 Output/Release/Obj/radioRX_test_pca10100/nrf_log_frontend.o
                0x00000000200000b0                m_nrf_log_app_logs_data_filter
 .log_filter_data_app_timer
                0x00000000200000b4        0x4 Output/Release/Obj/radioRX_test_pca10100/app_timer2.o
                0x00000000200000b4                m_nrf_log_app_timer_logs_data_filter
 .log_filter_data_app_timer_m_cli_uart_transport_timer
                0x00000000200000b8        0x4 Output/Release/Obj/radioRX_test_pca10100/main.o
                0x00000000200000b8                m_nrf_log_app_timer_m_cli_uart_transport_timer_logs_data_filter
 .log_filter_data_atfifo_m_req_fifo
                0x00000000200000bc        0x4 Output/Release/Obj/radioRX_test_pca10100/app_timer2.o
                0x00000000200000bc                m_nrf_log_atfifo_m_req_fifo_logs_data_filter
 .log_filter_data_balloc_log_mempool
                0x00000000200000c0        0x4 Output/Release/Obj/radioRX_test_pca10100/nrf_log_frontend.o
                0x00000000200000c0                m_nrf_log_balloc_log_mempool_logs_data_filter
 .log_filter_data_balloc_m_cli_uart_cmd_hist_memobj
                0x00000000200000c4        0x4 Output/Release/Obj/radioRX_test_pca10100/main.o
                0x00000000200000c4                m_nrf_log_balloc_m_cli_uart_cmd_hist_memobj_logs_data_filter
 .log_filter_data_cli_uart
                0x00000000200000c8        0x4 Output/Release/Obj/radioRX_test_pca10100/nrf_cli_uart.o
                0x00000000200000c8                m_nrf_log_cli_uart_logs_data_filter
 .log_filter_data_clock
                0x00000000200000cc        0x4 Output/Release/Obj/radioRX_test_pca10100/nrf_drv_clock.o
                0x00000000200000cc                m_nrf_log_clock_logs_data_filter
 .log_filter_data_pwr_mgmt
                0x00000000200000d0        0x4 Output/Release/Obj/radioRX_test_pca10100/nrf_pwr_mgmt.o
                0x00000000200000d0                m_nrf_log_pwr_mgmt_logs_data_filter
 .log_filter_data_queue_m_cli_uart_log_backend_queue
                0x00000000200000d4        0x4 Output/Release/Obj/radioRX_test_pca10100/main.o
                0x00000000200000d4                m_nrf_log_queue_m_cli_uart_log_backend_queue_logs_data_filter
 .log_filter_data_sortlist
                0x00000000200000d8        0x4 Output/Release/Obj/radioRX_test_pca10100/nrf_sortlist.o
                0x00000000200000d8                m_nrf_log_sortlist_logs_data_filter
                0x00000000200000dc                __log_filter_data_end__ = (__log_filter_data_start__ + SIZEOF (.log_filter_data))
                0x0000000000000040                __log_filter_data_size__ = SIZEOF (.log_filter_data)
                0x0000000000004c84                __log_filter_data_load_end__ = (__log_filter_data_load_start__ + SIZEOF (.log_filter_data))
                0x0000000000000001                . = ASSERT (((__log_filter_data_load_start__ == __log_filter_data_load_end__) || ((__log_filter_data_load_end__ - __FLASH_segment_start__) <= __FLASH_segment_size__)), error: .log_filter_data is too large to fit in FLASH memory segment)

.log_filter_data_run
                0x000000002000009c       0x40 load address 0x0000000000004c44
                0x000000002000009c                __log_filter_data_run_start__ = .
                0x000000002000009c                __start_log_filter_data = __log_filter_data_run_start__
                0x00000000200000dc                . = MAX ((__log_filter_data_run_start__ + SIZEOF (.log_filter_data)), .)
 *fill*         0x000000002000009c       0x40 
                0x00000000200000dc                __log_filter_data_run_end__ = (__log_filter_data_run_start__ + SIZEOF (.log_filter_data_run))
                0x0000000000000040                __log_filter_data_run_size__ = SIZEOF (.log_filter_data_run)
                0x00000000200000dc                __stop_log_filter_data = __log_filter_data_run_end__
                0x00000000200000dc                __log_filter_data_run_load_end__ = __log_filter_data_run_end__
                0x0000000000000001                . = ASSERT (((__log_filter_data_run_start__ == __log_filter_data_run_end__) || ((__log_filter_data_run_end__ - __RAM1_segment_start__) <= __RAM1_segment_size__)), error: .log_filter_data_run is too large to fit in RAM1 memory segment)
                0x00000000200000dc                __nrf_sections_run_end_load_start__ = ALIGN (__log_filter_data_run_end__, 0x4)

.nrf_sections_run_end
                0x00000000200000dc        0x0
                0x00000000200000dc                __nrf_sections_run_end_start__ = .
                0x00000000200000dc                __end_nrf_sections_run = __nrf_sections_run_end_start__
 *(.nrf_sections_run_end .nrf_sections_run_end.*)
                0x00000000200000dc                __nrf_sections_run_end_end__ = (__nrf_sections_run_end_start__ + SIZEOF (.nrf_sections_run_end))
                0x0000000000000000                __nrf_sections_run_end_size__ = SIZEOF (.nrf_sections_run_end)
                0x00000000200000dc                __nrf_sections_run_end_load_end__ = __nrf_sections_run_end_end__
                0x0000000000000001                . = ASSERT (((__nrf_sections_run_end_start__ == __nrf_sections_run_end_end__) || ((__nrf_sections_run_end_end__ - __RAM1_segment_start__) <= __RAM1_segment_size__)), error: .nrf_sections_run_end is too large to fit in RAM1 memory segment)
                0x0000000000004c84                __dtors_load_start__ = ALIGN ((__log_filter_data_load_start__ + SIZEOF (.log_filter_data)), 0x4)

.dtors          0x0000000000004c84        0x0
                0x0000000000004c84                __dtors_start__ = .
 *(SORT_BY_NAME(.dtors.*))
 *(.dtors)
 *(.fini_array)
 *(SORT_BY_NAME(.fini_array.*))
                0x0000000000004c84                __dtors_end__ = (__dtors_start__ + SIZEOF (.dtors))
                0x0000000000000000                __dtors_size__ = SIZEOF (.dtors)
                0x0000000000004c84                __dtors_load_end__ = __dtors_end__
                0x0000000000000001                . = ASSERT (((__dtors_start__ == __dtors_end__) || ((__dtors_end__ - __FLASH_segment_start__) <= __FLASH_segment_size__)), error: .dtors is too large to fit in FLASH memory segment)
                0x0000000000004c84                __ctors_load_start__ = ALIGN (__dtors_end__, 0x4)

.ctors          0x0000000000004c84        0x0
                0x0000000000004c84                __ctors_start__ = .
 *(SORT_BY_NAME(.ctors.*))
 *(.ctors)
 *(.init_array)
 *(SORT_BY_NAME(.init_array.*))
                0x0000000000004c84                __ctors_end__ = (__ctors_start__ + SIZEOF (.ctors))
                0x0000000000000000                __ctors_size__ = SIZEOF (.ctors)
                0x0000000000004c84                __ctors_load_end__ = __ctors_end__
                0x0000000000000001                . = ASSERT (((__ctors_start__ == __ctors_end__) || ((__ctors_end__ - __FLASH_segment_start__) <= __FLASH_segment_size__)), error: .ctors is too large to fit in FLASH memory segment)
                0x0000000000004c84                __rodata_load_start__ = ALIGN (__ctors_end__, 0x4)

.rodata         0x0000000000004c84     0x227e
                0x0000000000004c84                __rodata_start__ = .
 *(.rodata .rodata.* .gnu.linkonce.r.*)
 *fill*         0x0000000000004c84        0xc 
 .rodata.delay_machine_code.0
                0x0000000000004c90        0x6 Output/Release/Obj/radioRX_test_pca10100/nrf_log_backend_rtt.o
 *fill*         0x0000000000004c96        0x2 
 .rodata.nrf_log_backend_rtt_api
                0x0000000000004c98        0xc Output/Release/Obj/radioRX_test_pca10100/nrf_log_backend_rtt.o
                0x0000000000004c98                nrf_log_backend_rtt_api
 .rodata.str1.1
                0x0000000000004ca4       0x10 Output/Release/Obj/radioRX_test_pca10100/nrf_log_default_backends.o
 .rodata.log_cmd_backends_list.str1.1
                0x0000000000004cb4       0x49 Output/Release/Obj/radioRX_test_pca10100/nrf_log_frontend.o
                                         0x51 (size before relaxing)
 .rodata.nrf_cli_backend_cmd_execute.str1.1
                0x0000000000004cfd       0x16 Output/Release/Obj/radioRX_test_pca10100/nrf_log_frontend.o
 .rodata.log_cmd.str1.1
                0x0000000000004d13       0x1f Output/Release/Obj/radioRX_test_pca10100/nrf_log_frontend.o
 .rodata.log_config_load_cmd.str1.1
                0x0000000000004d32       0x11 Output/Release/Obj/radioRX_test_pca10100/nrf_log_frontend.o
 .rodata.log_status.str1.1
                0x0000000000004d43       0x92 Output/Release/Obj/radioRX_test_pca10100/nrf_log_frontend.o
                                         0x93 (size before relaxing)
 .rodata.log_ctrl.str1.1
                0x0000000000004dd5       0x8f Output/Release/Obj/radioRX_test_pca10100/nrf_log_frontend.o
 .rodata.nrf_log_frontend_dequeue.str1.1
                0x0000000000004e64       0x11 Output/Release/Obj/radioRX_test_pca10100/nrf_log_frontend.o
 .rodata.str1.1
                0x0000000000004e75      0x23f Output/Release/Obj/radioRX_test_pca10100/nrf_log_frontend.o
                                        0x265 (size before relaxing)
 .rodata.m_backend_name_dynamic
                0x00000000000050b4        0x8 Output/Release/Obj/radioRX_test_pca10100/nrf_log_frontend.o
 .rodata.m_log_push_ringbuf
                0x00000000000050bc        0xc Output/Release/Obj/radioRX_test_pca10100/nrf_log_frontend.o
 .rodata.m_module_name
                0x00000000000050c8        0x8 Output/Release/Obj/radioRX_test_pca10100/nrf_log_frontend.o
 .rodata.m_severity_lvl
                0x00000000000050d0        0x8 Output/Release/Obj/radioRX_test_pca10100/nrf_log_frontend.o
 .rodata.m_severity_lvls
                0x00000000000050d8       0x14 Output/Release/Obj/radioRX_test_pca10100/nrf_log_frontend.o
 .rodata.m_severity_lvls_sorted
                0x00000000000050ec       0x14 Output/Release/Obj/radioRX_test_pca10100/nrf_log_frontend.o
 .rodata.m_sub_log_backend
                0x0000000000005100        0x8 Output/Release/Obj/radioRX_test_pca10100/nrf_log_frontend.o
 .rodata.m_sub_log_backend_raw
                0x0000000000005108       0x60 Output/Release/Obj/radioRX_test_pca10100/nrf_log_frontend.o
 .rodata.m_sub_log_config
                0x0000000000005168        0x8 Output/Release/Obj/radioRX_test_pca10100/nrf_log_frontend.o
 .rodata.m_sub_log_config_raw
                0x0000000000005170       0x30 Output/Release/Obj/radioRX_test_pca10100/nrf_log_frontend.o
 .rodata.m_sub_log_stat
                0x00000000000051a0        0x8 Output/Release/Obj/radioRX_test_pca10100/nrf_log_frontend.o
 .rodata.m_sub_log_stat_raw
                0x00000000000051a8       0x90 Output/Release/Obj/radioRX_test_pca10100/nrf_log_frontend.o
 .rodata.nrf_cli_log_raw
                0x0000000000005238       0x10 Output/Release/Obj/radioRX_test_pca10100/nrf_log_frontend.o
                0x0000000000005238                nrf_cli_log_raw
 .rodata.prefix_process.str1.1
                0x0000000000005248       0x2f Output/Release/Obj/radioRX_test_pca10100/nrf_log_str_formatter.o
                                         0x32 (size before relaxing)
 .rodata.postfix_process.str1.1
                0x0000000000005277       0x2f Output/Release/Obj/radioRX_test_pca10100/nrf_log_str_formatter.o
                                          0x3 (size before relaxing)
 .rodata.nrf_log_hexdump_entry_process.str1.1
                0x0000000000005277        0xf Output/Release/Obj/radioRX_test_pca10100/nrf_log_str_formatter.o
                                         0x11 (size before relaxing)
 .rodata.str1.1
                0x0000000000005286       0x38 Output/Release/Obj/radioRX_test_pca10100/nrf_log_str_formatter.o
                                         0x51 (size before relaxing)
 *fill*         0x00000000000052be        0x2 
 .rodata.m_colors
                0x00000000000052c0       0x24 Output/Release/Obj/radioRX_test_pca10100/nrf_log_str_formatter.o
 .rodata.severity_names
                0x00000000000052e4       0x14 Output/Release/Obj/radioRX_test_pca10100/nrf_log_str_formatter.o
 .rodata.app_error_fault_handler.str1.1
                0x00000000000052f8       0x19 Output/Release/Obj/radioRX_test_pca10100/app_error_weak.o
 .rodata.str1.1
                0x0000000000005311       0x1c Output/Release/Obj/radioRX_test_pca10100/app_timer2.o
 *fill*         0x000000000000532d        0x1 
 .rodata        0x000000000000532e        0x4 Output/Release/Obj/radioRX_test_pca10100/app_timer2.o
 *fill*         0x0000000000005332        0x2 
 .rodata.m_app_timer_sortlist
                0x0000000000005334        0xc Output/Release/Obj/radioRX_test_pca10100/app_timer2.o
 .rodata.drv_rtc_init.str1.1
                0x0000000000005340       0x34 Output/Release/Obj/radioRX_test_pca10100/drv_rtc.o
 *fill*         0x0000000000005374        0xc 
 .rodata.delay_machine_code.0
                0x0000000000005380        0x6 Output/Release/Obj/radioRX_test_pca10100/drv_rtc.o
 .rodata.nrf_balloc_status.str1.1
                0x0000000000005386       0xa1 Output/Release/Obj/radioRX_test_pca10100/nrf_balloc.o
 .rodata.str1.1
                0x0000000000005427       0x48 Output/Release/Obj/radioRX_test_pca10100/nrf_balloc.o
                                         0x4f (size before relaxing)
 *fill*         0x000000000000546f        0x1 
 .rodata.nrf_balloc_commands
                0x0000000000005470        0x8 Output/Release/Obj/radioRX_test_pca10100/nrf_balloc.o
 .rodata.nrf_balloc_commands_raw
                0x0000000000005478       0x20 Output/Release/Obj/radioRX_test_pca10100/nrf_balloc.o
 .rodata.nrf_cli_balloc_raw
                0x0000000000005498       0x10 Output/Release/Obj/radioRX_test_pca10100/nrf_balloc.o
                0x0000000000005498                nrf_cli_balloc_raw
 .rodata.vt100_color_set.part.0.str1.1
                0x00000000000054a8        0x3 Output/Release/Obj/radioRX_test_pca10100/nrf_cli.o
 .rodata.cursor_right_move.part.0.isra.0.str1.1
                0x00000000000054a8        0x6 Output/Release/Obj/radioRX_test_pca10100/nrf_cli.o
 .rodata.cursor_next_line_move.isra.0.str1.1
                0x00000000000054ae        0x6 Output/Release/Obj/radioRX_test_pca10100/nrf_cli.o
                                          0x2 (size before relaxing)
 .rodata.cursor_up_move.str1.1
                0x00000000000054ae        0x6 Output/Release/Obj/radioRX_test_pca10100/nrf_cli.o
 .rodata.cursor_left_move.str1.1
                0x00000000000054b4        0x6 Output/Release/Obj/radioRX_test_pca10100/nrf_cli.o
 .rodata.cursor_end_position_move.str1.1
                0x00000000000054ba        0x6 Output/Release/Obj/radioRX_test_pca10100/nrf_cli.o
 .rodata.char_insert.str1.1
                0x00000000000054c0        0x3 Output/Release/Obj/radioRX_test_pca10100/nrf_cli.o
 .rodata.cli_log_entry_process.str1.1
                0x00000000000054c0       0x2e Output/Release/Obj/radioRX_test_pca10100/nrf_cli.o
 .rodata.nrf_cli_process.str1.1
                0x00000000000054ee       0x86 Output/Release/Obj/radioRX_test_pca10100/nrf_cli.o
                                         0x8f (size before relaxing)
 .rodata.nrf_cli_help_print.str1.1
                0x0000000000005574       0x3c Output/Release/Obj/radioRX_test_pca10100/nrf_cli.o
                                         0x41 (size before relaxing)
 .rodata.nrf_cli_build_in_cmd_common_executed.constprop.0.str1.1
                0x00000000000055b0       0x1b Output/Release/Obj/radioRX_test_pca10100/nrf_cli.o
 .rodata.nrf_cli_cmd_colors.str1.1
                0x00000000000055cb        0x9 Output/Release/Obj/radioRX_test_pca10100/nrf_cli.o
                                         0x1e (size before relaxing)
 .rodata.nrf_cli_cmd_resize.str1.1
                0x00000000000055d4       0x3a Output/Release/Obj/radioRX_test_pca10100/nrf_cli.o
 .rodata.nrf_cli_cmd_history.str1.1
                0x000000000000560e        0xa Output/Release/Obj/radioRX_test_pca10100/nrf_cli.o
 .rodata.nrf_cli_cmd_echo.str1.1
                0x0000000000005618       0x15 Output/Release/Obj/radioRX_test_pca10100/nrf_cli.o
                                         0x18 (size before relaxing)
 .rodata.nrf_cli_cmd_cli_stats_show.str1.1
                0x000000000000562d       0x37 Output/Release/Obj/radioRX_test_pca10100/nrf_cli.o
 .rodata.str1.1
                0x0000000000005664      0x289 Output/Release/Obj/radioRX_test_pca10100/nrf_cli.o
                                        0x28f (size before relaxing)
 .rodata.cmd.0  0x00000000000058ed        0x6 Output/Release/Obj/radioRX_test_pca10100/nrf_cli.o
 .rodata.cmd.10
                0x00000000000058f3        0x4 Output/Release/Obj/radioRX_test_pca10100/nrf_cli.o
 .rodata.cmd.14
                0x00000000000058f7        0x4 Output/Release/Obj/radioRX_test_pca10100/nrf_cli.o
 .rodata.cmd.3  0x00000000000058fb        0x5 Output/Release/Obj/radioRX_test_pca10100/nrf_cli.o