Archive member included to satisfy reference by file (symbol)

D:/ncs/v1.5.1/toolchain/segger_embedded_studio/lib/libc_v7em_fpv4_sp_d16_hard_t_le_eabi.a(libc_asm.o)
                              Output/Release/Obj/transmitter_pca10040/bsp.o (__aeabi_uldivmod)
D:/ncs/v1.5.1/toolchain/segger_embedded_studio/lib/libc_v7em_fpv4_sp_d16_hard_t_le_eabi.a(libc2.o)
                              Output/Release/Obj/transmitter_pca10040/nrf_log_str_formatter.o (isprint)
D:/ncs/v1.5.1/toolchain/segger_embedded_studio/lib/libc_v7em_fpv4_sp_d16_hard_t_le_eabi.a(libc2_asm.o)
                              Output/Release/Obj/transmitter_pca10040/nrf_log_frontend.o (memcpy)
D:/ncs/v1.5.1/toolchain/segger_embedded_studio/lib/libc_v7em_fpv4_sp_d16_hard_t_le_eabi.a(libvfprintf.o)
                              (__vfprintf_long)
D:/ncs/v1.5.1/toolchain/segger_embedded_studio/lib/libc_v7em_fpv4_sp_d16_hard_t_le_eabi.a(libvfscanf.o)
                              (__vfscanf_long)
D:/ncs/v1.5.1/toolchain/segger_embedded_studio/lib/libc_v7em_fpv4_sp_d16_hard_t_le_eabi.a(libc.o)
                              D:/ncs/v1.5.1/toolchain/segger_embedded_studio/lib/libc_v7em_fpv4_sp_d16_hard_t_le_eabi.a(libc2.o) (__heap_lock)
D:/ncs/v1.5.1/toolchain/segger_embedded_studio/lib/libdebugio_v7em_fpv4_sp_d16_hard_t_le_eabi.a(libdebugio.o)
                              Output/Release/Obj/transmitter_pca10040/thumb_crt0.o (debug_fopen)
D:/ncs/v1.5.1/toolchain/segger_embedded_studio/lib/libdebugio_v7em_fpv4_sp_d16_hard_t_le_eabi.a(do_nv_debug_operation.o)
                              D:/ncs/v1.5.1/toolchain/segger_embedded_studio/lib/libdebugio_v7em_fpv4_sp_d16_hard_t_le_eabi.a(libdebugio.o) (__do_nvdebug_operation)
D:/ncs/v1.5.1/toolchain/segger_embedded_studio/lib/libdebugio_v7em_fpv4_sp_d16_hard_t_le_eabi.a(mempoll_debug_operations.o)
                              (__do_debug_operation_mempoll)
D:/ncs/v1.5.1/toolchain/segger_embedded_studio/lib/libm_v7em_fpv4_sp_d16_hard_t_le_eabi.a(libm_asm.o)
                              D:/ncs/v1.5.1/toolchain/segger_embedded_studio/lib/libc_v7em_fpv4_sp_d16_hard_t_le_eabi.a(libc2.o) (__aeabi_dadd)
D:/ncs/v1.5.1/toolchain/segger_embedded_studio/lib/libm_v7em_fpv4_sp_d16_hard_t_le_eabi.a(libm2.o)
                              D:/ncs/v1.5.1/toolchain/segger_embedded_studio/lib/libc_v7em_fpv4_sp_d16_hard_t_le_eabi.a(libvfprintf.o) (frexp)

Discarded input sections

 .text          0x0000000000000000        0x0 Output/Release/Obj/transmitter_pca10040/thumb_crt0.o
 .data          0x0000000000000000        0x0 Output/Release/Obj/transmitter_pca10040/thumb_crt0.o
 .bss           0x0000000000000000        0x0 Output/Release/Obj/transmitter_pca10040/thumb_crt0.o
 .text.__aeabi_read_tp
                0x0000000000000000        0x8 Output/Release/Obj/transmitter_pca10040/thumb_crt0.o
 .text.abort    0x0000000000000000        0x2 Output/Release/Obj/transmitter_pca10040/thumb_crt0.o
 .text.__assert
                0x0000000000000000        0x2 Output/Release/Obj/transmitter_pca10040/thumb_crt0.o
 .text.__assert_func
                0x0000000000000000        0x2 Output/Release/Obj/transmitter_pca10040/thumb_crt0.o
 .text.__aeabi_assert
                0x0000000000000000        0x2 Output/Release/Obj/transmitter_pca10040/thumb_crt0.o
 .text.__sync_synchronize
                0x0000000000000000        0x2 Output/Release/Obj/transmitter_pca10040/thumb_crt0.o
 .text.__getchar
                0x0000000000000000        0x4 Output/Release/Obj/transmitter_pca10040/thumb_crt0.o
 .text.__putchar
                0x0000000000000000        0x4 Output/Release/Obj/transmitter_pca10040/thumb_crt0.o
 .text.__open   0x0000000000000000        0x4 Output/Release/Obj/transmitter_pca10040/thumb_crt0.o
 .text.__close  0x0000000000000000        0x4 Output/Release/Obj/transmitter_pca10040/thumb_crt0.o
 .text.__write  0x0000000000000000        0xa Output/Release/Obj/transmitter_pca10040/thumb_crt0.o
 .text.__read   0x0000000000000000        0xa Output/Release/Obj/transmitter_pca10040/thumb_crt0.o
 .text.__seek   0x0000000000000000       0x1a Output/Release/Obj/transmitter_pca10040/thumb_crt0.o
 .text.remove   0x0000000000000000        0x4 Output/Release/Obj/transmitter_pca10040/thumb_crt0.o
 .text.rename   0x0000000000000000        0x4 Output/Release/Obj/transmitter_pca10040/thumb_crt0.o
 .bss.__user_locale_name_buffer
                0x0000000000000000        0x4 Output/Release/Obj/transmitter_pca10040/thumb_crt0.o
 .stack         0x0000000000000000        0x0 Output/Release/Obj/transmitter_pca10040/thumb_crt0.o
 .stack_process
                0x0000000000000000        0x0 Output/Release/Obj/transmitter_pca10040/thumb_crt0.o
 .heap          0x0000000000000000        0x0 Output/Release/Obj/transmitter_pca10040/thumb_crt0.o
 .group         0x0000000000000000        0xc Output/Release/Obj/transmitter_pca10040/nrf_log_backend_rtt.o
 .group         0x0000000000000000        0xc Output/Release/Obj/transmitter_pca10040/nrf_log_backend_rtt.o
[...]
Memory Configuration

Name             Origin             Length             Attributes
UNPLACED_SECTIONS 0x0000000100000000 0x0000000000000000 xw
RAM1             0x0000000020000000 0x0000000000010000 xw
FLASH            0x0000000000000000 0x0000000000080000 xw
*default*        0x0000000000000000 0xffffffffffffffff

Linker script and memory map

                0x0000000000000000                __do_debug_operation = __do_debug_operation_mempoll
                0x0000000000000000                __vfprintf = __vfprintf_long
                0x0000000000000000                __vfscanf = __vfscanf_long
                0x0000000020000000                __RAM1_segment_start__ = 0x20000000
                0x0000000020010000                __RAM1_segment_end__ = 0x20010000
                0x0000000000010000                __RAM1_segment_size__ = 0x10000
                0x0000000000000000                __FLASH_segment_start__ = 0x0
                0x0000000000080000                __FLASH_segment_end__ = 0x80000
                0x0000000000080000                __FLASH_segment_size__ = 0x80000
                0x0000000000002000                __HEAPSIZE__ = 0x2000
                0x0000000000000000                __STACKSIZE_PROCESS__ = 0x0
                0x0000000000002000                __STACKSIZE__ = 0x2000
                0x0000000020000000                __vectors_ram_load_start__ = 0x20000000

.vectors_ram    0x0000000020000000        0x0
                0x0000000020000000                __vectors_ram_start__ = .
                0x0000000020000000                __app_ram_start__ = __vectors_ram_start__
 *(.vectors_ram .vectors_ram.*)
                0x0000000020000000                __vectors_ram_end__ = (__vectors_ram_start__ + SIZEOF (.vectors_ram))
                0x0000000000000000                __vectors_ram_size__ = SIZEOF (.vectors_ram)
                0x0000000020000000                __vectors_ram_load_end__ = __vectors_ram_end__
                0x0000000000000001                . = ASSERT (((__vectors_ram_start__ == __vectors_ram_end__) || ((__vectors_ram_end__ - __RAM1_segment_start__) <= __RAM1_segment_size__)), error: .vectors_ram is too large to fit in RAM1 memory segment)
                0x0000000020000000                __nrf_sections_run_load_start__ = ALIGN (__vectors_ram_end__, 0x4)

.nrf_sections_run
                0x0000000020000000        0x0
                0x0000000020000000                __nrf_sections_run_start__ = .
                0x0000000020000000                __start_nrf_sections_run = __nrf_sections_run_start__
 *(.nrf_sections_run .nrf_sections_run.*)
                0x0000000020000000                __nrf_sections_run_end__ = (__nrf_sections_run_start__ + SIZEOF (.nrf_sections_run))
                0x0000000000000000                __nrf_sections_run_size__ = SIZEOF (.nrf_sections_run)
                0x0000000020000000                __nrf_sections_run_load_end__ = __nrf_sections_run_end__
                0x0000000000000001                . = ASSERT (((__nrf_sections_run_start__ == __nrf_sections_run_end__) || ((__nrf_sections_run_end__ - __RAM1_segment_start__) <= __RAM1_segment_size__)), error: .nrf_sections_run is too large to fit in RAM1 memory segment)
                0x0000000000000000                __vectors_load_start__ = 0x0

.vectors        0x0000000000000000      0x200
                0x0000000000000000                __vectors_start__ = .
 *(.vectors .vectors.*)
 .vectors       0x0000000000000000      0x200 Output/Release/Obj/transmitter_pca10040/ses_startup_nrf52.o
                0x0000000000000000                _vectors
                0x0000000000000200                __vectors_end__ = (__vectors_start__ + SIZEOF (.vectors))
                0x0000000000000200                __vectors_size__ = SIZEOF (.vectors)
                0x0000000000000200                __vectors_load_end__ = __vectors_end__
                0x0000000000000001                . = ASSERT (((__vectors_start__ == __vectors_end__) || ((__vectors_end__ - __FLASH_segment_start__) <= __FLASH_segment_size__)), error: .vectors is too large to fit in FLASH memory segment)
                0x0000000000000200                __init_load_start__ = ALIGN (__vectors_end__, 0x4)

.init           0x0000000000000200      0x1d0
                0x0000000000000200                __init_start__ = .
 *(.init .init.*)
 .init          0x0000000000000200      0x15c Output/Release/Obj/transmitter_pca10040/thumb_crt0.o
                0x0000000000000200                _start
                0x00000000000002b4                exit
 .init          0x000000000000035c       0x18 Output/Release/Obj/transmitter_pca10040/ses_startup_nrf52.o
                0x000000000000035c                NMI_Handler
                0x000000000000035e                HardFault_Handler
                0x0000000000000360                MemoryManagement_Handler
                0x0000000000000362                BusFault_Handler
                0x0000000000000364                UsageFault_Handler
                0x0000000000000366                SVC_Handler
                0x0000000000000368                DebugMon_Handler
                0x000000000000036a                PendSV_Handler
                0x000000000000036c                SysTick_Handler
                0x000000000000036e                PWM1_IRQHandler
                0x000000000000036e                SWI0_EGU0_IRQHandler
                0x000000000000036e                POWER_CLOCK_IRQHandler
                0x000000000000036e                RADIO_IRQHandler
                0x000000000000036e                PDM_IRQHandler
                0x000000000000036e                TEMP_IRQHandler
                0x000000000000036e                QDEC_IRQHandler
                0x000000000000036e                RTC0_IRQHandler
                0x000000000000036e                FPU_IRQHandler
                0x000000000000036e                SPIM0_SPIS0_TWIM0_TWIS0_SPI0_TWI0_IRQHandler
                0x000000000000036e                SWI2_EGU2_IRQHandler
                0x000000000000036e                TIMER4_IRQHandler
                0x000000000000036e                I2S_IRQHandler
                0x000000000000036e                SWI4_EGU4_IRQHandler
                0x000000000000036e                TIMER0_IRQHandler
                0x000000000000036e                Dummy_Handler
                0x000000000000036e                TIMER1_IRQHandler
                0x000000000000036e                PWM2_IRQHandler
                0x000000000000036e                ECB_IRQHandler
                0x000000000000036e                SPIM1_SPIS1_TWIM1_TWIS1_SPI1_TWI1_IRQHandler
                0x000000000000036e                SAADC_IRQHandler
                0x000000000000036e                CCM_AAR_IRQHandler
                0x000000000000036e                WDT_IRQHandler
                0x000000000000036e                TIMER3_IRQHandler
                0x000000000000036e                SWI5_EGU5_IRQHandler
                0x000000000000036e                RNG_IRQHandler
                0x000000000000036e                RTC2_IRQHandler
                0x000000000000036e                PWM0_IRQHandler
                0x000000000000036e                SWI3_EGU3_IRQHandler
                0x000000000000036e                SWI1_EGU1_IRQHandler
                0x000000000000036e                SPIM2_SPIS2_SPI2_IRQHandler
                0x000000000000036e                NFCT_IRQHandler
                0x000000000000036e                TIMER2_IRQHandler
                0x000000000000036e                MWU_IRQHandler
                0x000000000000036e                COMP_LPCOMP_IRQHandler
                0x0000000000000370                nRFInitialize
 .init          0x0000000000000374       0x5c Output/Release/Obj/transmitter_pca10040/ses_startup_nrf_common.o
                0x0000000000000374                Reset_Handler
                0x0000000000000378                afterInitialize
                0x000000000000039c                InitializeUserMemorySections
                0x00000000000003d0                __init_end__ = (__init_start__ + SIZEOF (.init))
                0x00000000000001d0                __init_size__ = SIZEOF (.init)
                0x00000000000003d0                __init_load_end__ = __init_end__
                0x0000000000000001                . = ASSERT (((__init_start__ == __init_end__) || ((__init_end__ - __FLASH_segment_start__) <= __FLASH_segment_size__)), error: .init is too large to fit in FLASH memory segment)
                0x00000000000003d0                __init_rodata_load_start__ = ALIGN (__init_end__, 0x4)

.init_rodata    0x00000000000003d0        0x0
                0x00000000000003d0                __init_rodata_start__ = .
 *(.init_rodata .init_rodata.*)
                0x00000000000003d0                __init_rodata_end__ = (__init_rodata_start__ + SIZEOF (.init_rodata))
                0x0000000000000000                __init_rodata_size__ = SIZEOF (.init_rodata)
                0x00000000000003d0                __init_rodata_load_end__ = __init_rodata_end__
                0x0000000000000001                . = ASSERT (((__init_rodata_start__ == __init_rodata_end__) || ((__init_rodata_end__ - __FLASH_segment_start__) <= __FLASH_segment_size__)), error: .init_rodata is too large to fit in FLASH memory segment)
                0x00000000000003d0                __text_load_start__ = ALIGN (__init_rodata_end__, 0x4)

.text           0x00000000000003d0     0x3562
                0x00000000000003d0                __text_start__ = .
 *(.text .text.* .glue_7t .glue_7 .gnu.linkonce.t.* .gcc_except_table .ARM.extab* .gnu.linkonce.armextab.*)
 .glue_7        0x00000000000003d0        0x0 linker stubs
 .glue_7t       0x00000000000003d0        0x0 linker stubs
 .text.nrf_log_backend_serial_put
                0x00000000000003d0       0xc2 Output/Release/Obj/transmitter_pca10040/nrf_log_backend_serial.o
                0x00000000000003d0                nrf_log_backend_serial_put
 *fill*         0x0000000000000492        0x2 
 .text.uart_evt_handler
                0x0000000000000494        0xc Output/Release/Obj/transmitter_pca10040/nrf_log_backend_uart.o
 .text.nrf_log_backend_uart_flush
                0x00000000000004a0        0x2 Output/Release/Obj/transmitter_pca10040/nrf_log_backend_uart.o
 *fill*         0x00000000000004a2        0x2 
 .text.uart_init
                0x00000000000004a4       0x4c Output/Release/Obj/transmitter_pca10040/nrf_log_backend_uart.o
 .text.nrf_log_backend_uart_put
                0x00000000000004f0       0x1c Output/Release/Obj/transmitter_pca10040/nrf_log_backend_uart.o
 .text.serial_tx
                0x000000000000050c       0x48 Output/Release/Obj/transmitter_pca10040/nrf_log_backend_uart.o
 .text.nrf_log_backend_uart_panic_set
                0x0000000000000554       0x2c Output/Release/Obj/transmitter_pca10040/nrf_log_backend_uart.o
 .text.nrf_log_backend_uart_init
                0x0000000000000580        0x6 Output/Release/Obj/transmitter_pca10040/nrf_log_backend_uart.o
                0x0000000000000580                nrf_log_backend_uart_init
 *fill*         0x0000000000000586        0x2 
 .text.nrf_log_default_backends_init
                0x0000000000000588       0x20 Output/Release/Obj/transmitter_pca10040/nrf_log_default_backends.o
                0x0000000000000588                nrf_log_default_backends_init
 .text.invalid_packets_omit
                0x00000000000005a8       0x3a Output/Release/Obj/transmitter_pca10040/nrf_log_frontend.o
 *fill*         0x00000000000005e2        0x2 
 .text.buf_prealloc
                0x00000000000005e4      0x11c Output/Release/Obj/transmitter_pca10040/nrf_log_frontend.o
 .text.nrf_log_init
                0x0000000000000700       0x28 Output/Release/Obj/transmitter_pca10040/nrf_log_frontend.o
                0x0000000000000700                nrf_log_init
 .text.nrf_log_module_name_get
                0x0000000000000728       0x38 Output/Release/Obj/transmitter_pca10040/nrf_log_frontend.o
                0x0000000000000728                nrf_log_module_name_get
 .text.nrf_log_color_id_get
                0x0000000000000760       0x2c Output/Release/Obj/transmitter_pca10040/nrf_log_frontend.o
                0x0000000000000760                nrf_log_color_id_get
 .text.buffer_is_empty
                0x000000000000078c       0x14 Output/Release/Obj/transmitter_pca10040/nrf_log_frontend.o
                0x000000000000078c                buffer_is_empty
 .text.nrf_log_frontend_dequeue
                0x00000000000007a0      0x200 Output/Release/Obj/transmitter_pca10040/nrf_log_frontend.o
                0x00000000000007a0                nrf_log_frontend_dequeue
 .text.std_n    0x00000000000009a0       0x8c Output/Release/Obj/transmitter_pca10040/nrf_log_frontend.o
 .text.nrf_log_frontend_std_0
                0x0000000000000a2c        0x8 Output/Release/Obj/transmitter_pca10040/nrf_log_frontend.o
                0x0000000000000a2c                nrf_log_frontend_std_0
 .text.nrf_log_frontend_std_1
                0x0000000000000a34       0x12 Output/Release/Obj/transmitter_pca10040/nrf_log_frontend.o
                0x0000000000000a34                nrf_log_frontend_std_1
 *fill*         0x0000000000000a46        0x2 
 .text.nrf_log_backend_add
                0x0000000000000a48       0x44 Output/Release/Obj/transmitter_pca10040/nrf_log_frontend.o
                0x0000000000000a48                nrf_log_backend_add
 .text.nrf_log_panic
                0x0000000000000a8c       0x28 Output/Release/Obj/transmitter_pca10040/nrf_log_frontend.o
                0x0000000000000a8c                nrf_log_panic
 .text.prefix_process
                0x0000000000000ab4       0x7c Output/Release/Obj/transmitter_pca10040/nrf_log_str_formatter.o
 .text.postfix_process
                0x0000000000000b30       0x44 Output/Release/Obj/transmitter_pca10040/nrf_log_str_formatter.o
 .text.nrf_log_std_entry_process
                0x0000000000000b74       0xc8 Output/Release/Obj/transmitter_pca10040/nrf_log_str_formatter.o
                0x0000000000000b74                nrf_log_std_entry_process
 .text.nrf_log_hexdump_entry_process
                0x0000000000000c3c       0xb8 Output/Release/Obj/transmitter_pca10040/nrf_log_str_formatter.o
                0x0000000000000c3c                nrf_log_hexdump_entry_process
 .text.bsp_board_led_state_get
                0x0000000000000cf4       0x1c Output/Release/Obj/transmitter_pca10040/boards.o
                0x0000000000000cf4                bsp_board_led_state_get
 .text.bsp_board_led_on
                0x0000000000000d10       0x18 Output/Release/Obj/transmitter_pca10040/boards.o
                0x0000000000000d10                bsp_board_led_on
 .text.bsp_board_led_off
                0x0000000000000d28       0x18 Output/Release/Obj/transmitter_pca10040/boards.o
                0x0000000000000d28                bsp_board_led_off
 .text.bsp_board_leds_off
                0x0000000000000d40       0x1e Output/Release/Obj/transmitter_pca10040/boards.o
                0x0000000000000d40                bsp_board_leds_off
 .text.bsp_board_leds_on
                0x0000000000000d5e       0x1e Output/Release/Obj/transmitter_pca10040/boards.o
                0x0000000000000d5e                bsp_board_leds_on
 .text.bsp_board_led_invert
                0x0000000000000d7c       0x24 Output/Release/Obj/transmitter_pca10040/boards.o
                0x0000000000000d7c                bsp_board_led_invert
 .text.bsp_board_button_state_get
                0x0000000000000da0       0x1c Output/Release/Obj/transmitter_pca10040/boards.o
                0x0000000000000da0                bsp_board_button_state_get
 .text.bsp_board_pin_to_button_idx
                0x0000000000000dbc       0x24 Output/Release/Obj/transmitter_pca10040/boards.o
                0x0000000000000dbc                bsp_board_pin_to_button_idx
 .text.bsp_board_init
                0x0000000000000de0       0x3e Output/Release/Obj/transmitter_pca10040/boards.o
                0x0000000000000de0                bsp_board_init
 *fill*         0x0000000000000e1e        0x2 
 .text.state_set
                0x0000000000000e20       0x24 Output/Release/Obj/transmitter_pca10040/app_button.o
 .text.button_get
                0x0000000000000e44       0x30 Output/Release/Obj/transmitter_pca10040/app_button.o
 .text.usr_event
                0x0000000000000e74       0x20 Output/Release/Obj/transmitter_pca10040/app_button.o
 .text.timer_start
                0x0000000000000e94       0x18 Output/Release/Obj/transmitter_pca10040/app_button.o
 .text.gpiote_event_handler
                0x0000000000000eac       0x34 Output/Release/Obj/transmitter_pca10040/app_button.o
 .text.evt_handle
                0x0000000000000ee0       0xd8 Output/Release/Obj/transmitter_pca10040/app_button.o
                0x0000000000000ee0                evt_handle
 .text.detection_delay_timeout_handler
                0x0000000000000fb8       0x5c Output/Release/Obj/transmitter_pca10040/app_button.o
 .text.app_button_init
                0x0000000000001014       0xb0 Output/Release/Obj/transmitter_pca10040/app_button.o
                0x0000000000001014                app_button_init
 .text.app_button_enable
                0x00000000000010c4       0x2c Output/Release/Obj/transmitter_pca10040/app_button.o
                0x00000000000010c4                app_button_enable
 .text.app_error_handler_bare
                0x00000000000010f0       0x1a Output/Release/Obj/transmitter_pca10040/app_error.o
                0x00000000000010f0                app_error_handler_bare
 *fill*         0x000000000000110a        0x2 
 .text.app_error_fault_handler
                0x000000000000110c       0x6c Output/Release/Obj/transmitter_pca10040/app_error_weak.o
                0x000000000000110c                app_error_fault_handler
 .text.compare_func
                0x0000000000001178       0x18 Output/Release/Obj/transmitter_pca10040/app_timer2.o
 .text.get_now  0x0000000000001190       0x38 Output/Release/Obj/transmitter_pca10040/app_timer2.o
 .text.timer_req_schedule
                0x00000000000011c8       0x38 Output/Release/Obj/transmitter_pca10040/app_timer2.o
 .text.timer_expire
                0x0000000000001200       0x6c Output/Release/Obj/transmitter_pca10040/app_timer2.o
 .text.app_timer_init
                0x000000000000126c       0x64 Output/Release/Obj/transmitter_pca10040/app_timer2.o
                0x000000000000126c                app_timer_init
 .text.app_timer_create
                0x00000000000012d0       0x16 Output/Release/Obj/transmitter_pca10040/app_timer2.o
                0x00000000000012d0                app_timer_create
 .text.app_timer_start
                0x00000000000012e6       0x30 Output/Release/Obj/transmitter_pca10040/app_timer2.o
                0x00000000000012e6                app_timer_start
 .text.app_timer_stop
                0x0000000000001316        0xc Output/Release/Obj/transmitter_pca10040/app_timer2.o
                0x0000000000001316                app_timer_stop
 *fill*         0x0000000000001322        0x2 
 .text.app_timer_cnt_get
                0x0000000000001324        0xc Output/Release/Obj/transmitter_pca10040/app_timer2.o
                0x0000000000001324                app_timer_cnt_get
 .text.rtc_irq  0x0000000000001330      0x190 Output/Release/Obj/transmitter_pca10040/app_timer2.o
 .text.app_util_disable_irq
                0x00000000000014c0       0x10 Output/Release/Obj/transmitter_pca10040/app_util_platform.o
                0x00000000000014c0                app_util_disable_irq
 .text.app_util_enable_irq
                0x00000000000014d0       0x14 Output/Release/Obj/transmitter_pca10040/app_util_platform.o
                0x00000000000014d0                app_util_enable_irq
 .text.app_util_critical_region_enter
                0x00000000000014e4        0x4 Output/Release/Obj/transmitter_pca10040/app_util_platform.o
                0x00000000000014e4                app_util_critical_region_enter
 .text.app_util_critical_region_exit
                0x00000000000014e8        0x4 Output/Release/Obj/transmitter_pca10040/app_util_platform.o
                0x00000000000014e8                app_util_critical_region_exit
 .text.evt_pending.isra.0
                0x00000000000014ec       0x1a Output/Release/Obj/transmitter_pca10040/drv_rtc.o
 *fill*         0x0000000000001506        0x2 
 .text.drv_rtc_init
                0x0000000000001508       0xa4 Output/Release/Obj/transmitter_pca10040/drv_rtc.o
                0x0000000000001508                drv_rtc_init
 .text.drv_rtc_start
                0x00000000000015ac        0x8 Output/Release/Obj/transmitter_pca10040/drv_rtc.o
                0x00000000000015ac                drv_rtc_start
 .text.drv_rtc_stop
                0x00000000000015b4        0x8 Output/Release/Obj/transmitter_pca10040/drv_rtc.o
                0x00000000000015b4                drv_rtc_stop
 .text.drv_rtc_compare_set
                0x00000000000015bc       0x3e Output/Release/Obj/transmitter_pca10040/drv_rtc.o
                0x00000000000015bc                drv_rtc_compare_set
 *fill*         0x00000000000015fa        0x2 
 .text.drv_rtc_windowed_compare_set
                0x00000000000015fc       0xf0 Output/Release/Obj/transmitter_pca10040/drv_rtc.o
                0x00000000000015fc                drv_rtc_windowed_compare_set
 .text.drv_rtc_overflow_enable
                0x00000000000016ec       0x10 Output/Release/Obj/transmitter_pca10040/drv_rtc.o
                0x00000000000016ec                drv_rtc_overflow_enable
 .text.drv_rtc_overflow_pending
                0x00000000000016fc        0xa Output/Release/Obj/transmitter_pca10040/drv_rtc.o
                0x00000000000016fc                drv_rtc_overflow_pending
 .text.drv_rtc_compare_disable
                0x0000000000001706       0x14 Output/Release/Obj/transmitter_pca10040/drv_rtc.o
                0x0000000000001706                drv_rtc_compare_disable
 .text.drv_rtc_compare_pending
                0x000000000000171a        0xc Output/Release/Obj/transmitter_pca10040/drv_rtc.o
                0x000000000000171a                drv_rtc_compare_pending
 .text.drv_rtc_counter_get
                0x0000000000001726        0x8 Output/Release/Obj/transmitter_pca10040/drv_rtc.o
                0x0000000000001726                drv_rtc_counter_get
 *fill*         0x000000000000172e        0x2 
 .text.drv_rtc_irq_trigger
                0x0000000000001730       0x24 Output/Release/Obj/transmitter_pca10040/drv_rtc.o
                0x0000000000001730                drv_rtc_irq_trigger
 .text.RTC1_IRQHandler
                0x0000000000001754       0x14 Output/Release/Obj/transmitter_pca10040/drv_rtc.o
                0x0000000000001754                RTC1_IRQHandler
 .text.nrf_atfifo_init
                0x0000000000001768       0x26 Output/Release/Obj/transmitter_pca10040/nrf_atfifo.o
                0x0000000000001768                nrf_atfifo_init
 .text.nrf_atfifo_item_alloc
                0x000000000000178e       0x54 Output/Release/Obj/transmitter_pca10040/nrf_atfifo.o
                0x000000000000178e                nrf_atfifo_item_alloc
 .text.nrf_atfifo_item_put
                0x00000000000017e2       0x20 Output/Release/Obj/transmitter_pca10040/nrf_atfifo.o
                0x00000000000017e2                nrf_atfifo_item_put
 .text.nrf_atfifo_item_get
                0x0000000000001802       0x56 Output/Release/Obj/transmitter_pca10040/nrf_atfifo.o
                0x0000000000001802                nrf_atfifo_item_get
 .text.nrf_atfifo_item_free
                0x0000000000001858       0x20 Output/Release/Obj/transmitter_pca10040/nrf_atfifo.o
                0x0000000000001858                nrf_atfifo_item_free
 .text.nrf_atomic_u32_fetch_store
                0x0000000000001878       0x16 Output/Release/Obj/transmitter_pca10040/nrf_atomic.o
                0x0000000000001878                nrf_atomic_u32_fetch_store
 .text.nrf_atomic_u32_or
                0x000000000000188e       0x18 Output/Release/Obj/transmitter_pca10040/nrf_atomic.o
                0x000000000000188e                nrf_atomic_u32_or
 .text.nrf_atomic_u32_fetch_and
                0x00000000000018a6       0x18 Output/Release/Obj/transmitter_pca10040/nrf_atomic.o
                0x00000000000018a6                nrf_atomic_u32_fetch_and
 .text.nrf_atomic_u32_add
                0x00000000000018be       0x18 Output/Release/Obj/transmitter_pca10040/nrf_atomic.o
                0x00000000000018be                nrf_atomic_u32_add
 .text.nrf_atomic_u32_sub
                0x00000000000018d6       0x18 Output/Release/Obj/transmitter_pca10040/nrf_atomic.o
                0x00000000000018d6                nrf_atomic_u32_sub
 .text.nrf_atomic_flag_set
                0x00000000000018ee        0x6 Output/Release/Obj/transmitter_pca10040/nrf_atomic.o
                0x00000000000018ee                nrf_atomic_flag_set
 .text.nrf_atomic_flag_clear_fetch
                0x00000000000018f4        0x6 Output/Release/Obj/transmitter_pca10040/nrf_atomic.o
                0x00000000000018f4                nrf_atomic_flag_clear_fetch
 .text.nrf_balloc_init
                0x00000000000018fa       0x2e Output/Release/Obj/transmitter_pca10040/nrf_balloc.o
                0x00000000000018fa                nrf_balloc_init
 .text.nrf_balloc_alloc
                0x0000000000001928       0x40 Output/Release/Obj/transmitter_pca10040/nrf_balloc.o
                0x0000000000001928                nrf_balloc_alloc
 .text.nrf_balloc_free
                0x0000000000001968       0x2a Output/Release/Obj/transmitter_pca10040/nrf_balloc.o
                0x0000000000001968                nrf_balloc_free
 .text.nrf_fprintf_buffer_flush
                0x0000000000001992       0x16 Output/Release/Obj/transmitter_pca10040/nrf_fprintf.o
                0x0000000000001992                nrf_fprintf_buffer_flush
 .text.nrf_fprintf
                0x00000000000019a8       0x1c Output/Release/Obj/transmitter_pca10040/nrf_fprintf.o
                0x00000000000019a8                nrf_fprintf
 .text.buffer_add
                0x00000000000019c4       0x2e Output/Release/Obj/transmitter_pca10040/nrf_fprintf_format.o
 *fill*         0x00000000000019f2        0x2 
 .text.unsigned_print
                0x00000000000019f4       0xb4 Output/Release/Obj/transmitter_pca10040/nrf_fprintf_format.o
 .text.nrf_fprintf_fmt
                0x0000000000001aa8      0x294 Output/Release/Obj/transmitter_pca10040/nrf_fprintf_format.o
                0x0000000000001aa8                nrf_fprintf_fmt
 .text.memobj_op
                0x0000000000001d3c       0x86 Output/Release/Obj/transmitter_pca10040/nrf_memobj.o
 .text.nrf_memobj_pool_init
                0x0000000000001dc2        0x4 Output/Release/Obj/transmitter_pca10040/nrf_memobj.o
                0x0000000000001dc2                nrf_memobj_pool_init
 .text.nrf_memobj_free
                0x0000000000001dc6       0x2c Output/Release/Obj/transmitter_pca10040/nrf_memobj.o
                0x0000000000001dc6                nrf_memobj_free
 .text.nrf_memobj_alloc
                0x0000000000001df2       0x5e Output/Release/Obj/transmitter_pca10040/nrf_memobj.o
                0x0000000000001df2                nrf_memobj_alloc
 .text.nrf_memobj_get
                0x0000000000001e50        0x8 Output/Release/Obj/transmitter_pca10040/nrf_memobj.o
                0x0000000000001e50                nrf_memobj_get
 .text.nrf_memobj_put
                0x0000000000001e58       0x1c Output/Release/Obj/transmitter_pca10040/nrf_memobj.o
                0x0000000000001e58                nrf_memobj_put
 .text.nrf_memobj_write
                0x0000000000001e74       0x14 Output/Release/Obj/transmitter_pca10040/nrf_memobj.o
                0x0000000000001e74                nrf_memobj_write
 .text.nrf_memobj_read
                0x0000000000001e88       0x14 Output/Release/Obj/transmitter_pca10040/nrf_memobj.o
                0x0000000000001e88                nrf_memobj_read
 .text.nrf_ringbuf_init
                0x0000000000001e9c       0x12 Output/Release/Obj/transmitter_pca10040/nrf_ringbuf.o
                0x0000000000001e9c                nrf_ringbuf_init
 .text.nrf_sortlist_add
                0x0000000000001eae       0x20 Output/Release/Obj/transmitter_pca10040/nrf_sortlist.o
                0x0000000000001eae                nrf_sortlist_add
 .text.nrf_sortlist_pop
                0x0000000000001ece        0xc Output/Release/Obj/transmitter_pca10040/nrf_sortlist.o
                0x0000000000001ece                nrf_sortlist_pop
 .text.nrf_sortlist_peek
                0x0000000000001eda        0x6 Output/Release/Obj/transmitter_pca10040/nrf_sortlist.o
                0x0000000000001eda                nrf_sortlist_peek
 .text.nrf_sortlist_remove
                0x0000000000001ee0       0x1a Output/Release/Obj/transmitter_pca10040/nrf_sortlist.o
                0x0000000000001ee0                nrf_sortlist_remove
 *fill*         0x0000000000001efa        0x2 
 .text.uarte_evt_handler
                0x0000000000001efc       0x34 Output/Release/Obj/transmitter_pca10040/nrf_drv_uart.o
 .text.uart_evt_handler
                0x0000000000001f30       0x34 Output/Release/Obj/transmitter_pca10040/nrf_drv_uart.o
 .text.nrf_drv_uart_init
                0x0000000000001f64       0x7c Output/Release/Obj/transmitter_pca10040/nrf_drv_uart.o
                0x0000000000001f64                nrf_drv_uart_init
 .text.nrf_gpiote_event_clear
                0x0000000000001fe0       0x18 Output/Release/Obj/transmitter_pca10040/nrfx_gpiote.o
 .text.nrf_gpio_cfg_sense_set
                0x0000000000001ff8       0x20 Output/Release/Obj/transmitter_pca10040/nrfx_gpiote.o
 .text.channel_free
                0x0000000000002018       0x1c Output/Release/Obj/transmitter_pca10040/nrfx_gpiote.o
 .text.nrfx_gpiote_init
                0x0000000000002034       0x7c Output/Release/Obj/transmitter_pca10040/nrfx_gpiote.o
                0x0000000000002034                nrfx_gpiote_init
 .text.nrfx_gpiote_is_init
                0x00000000000020b0       0x14 Output/Release/Obj/transmitter_pca10040/nrfx_gpiote.o
                0x00000000000020b0                nrfx_gpiote_is_init
 .text.nrfx_gpiote_in_init
                0x00000000000020c4       0xf0 Output/Release/Obj/transmitter_pca10040/nrfx_gpiote.o
                0x00000000000020c4                nrfx_gpiote_in_init
 .text.nrfx_gpiote_in_event_enable
                0x00000000000021b4       0x8c Output/Release/Obj/transmitter_pca10040/nrfx_gpiote.o
                0x00000000000021b4                nrfx_gpiote_in_event_enable
 .text.nrfx_gpiote_in_is_set
                0x0000000000002240       0x12 Output/Release/Obj/transmitter_pca10040/nrfx_gpiote.o
                0x0000000000002240                nrfx_gpiote_in_is_set
 *fill*         0x0000000000002252        0x2 
 .text.GPIOTE_IRQHandler
                0x0000000000002254      0x14c Output/Release/Obj/transmitter_pca10040/nrfx_gpiote.o
                0x0000000000002254                GPIOTE_IRQHandler
 .text.UARTE0_UART0_IRQHandler
                0x00000000000023a0        0xc Output/Release/Obj/transmitter_pca10040/nrfx_prs.o
                0x00000000000023a0                UARTE0_UART0_IRQHandler
 .text.nrfx_prs_acquire
                0x00000000000023ac       0x38 Output/Release/Obj/transmitter_pca10040/nrfx_prs.o
                0x00000000000023ac                nrfx_prs_acquire
 .text.nrfx_prs_release
                0x00000000000023e4       0x18 Output/Release/Obj/transmitter_pca10040/nrfx_prs.o
                0x00000000000023e4                nrfx_prs_release
 .text.nrf_uart_event_clear
                0x00000000000023fc       0x10 Output/Release/Obj/transmitter_pca10040/nrfx_uart.o
 .text.tx_byte  0x000000000000240c       0x1e Output/Release/Obj/transmitter_pca10040/nrfx_uart.o
 .text.rx_byte  0x000000000000242a       0x2c Output/Release/Obj/transmitter_pca10040/nrfx_uart.o
 *fill*         0x0000000000002456        0x2 
 .text.rx_done_event.constprop.0
                0x0000000000002458       0x20 Output/Release/Obj/transmitter_pca10040/nrfx_uart.o
 .text.nrfx_uart_0_irq_handler
                0x0000000000002478      0x140 Output/Release/Obj/transmitter_pca10040/nrfx_uart.o
                0x0000000000002478                nrfx_uart_0_irq_handler
 .text.nrfx_uart_init
                0x00000000000025b8      0x168 Output/Release/Obj/transmitter_pca10040/nrfx_uart.o
                0x00000000000025b8                nrfx_uart_init
 .text.nrfx_uart_uninit
                0x0000000000002720       0xd4 Output/Release/Obj/transmitter_pca10040/nrfx_uart.o
                0x0000000000002720                nrfx_uart_uninit
 .text.nrfx_uart_tx_in_progress
                0x00000000000027f4       0x18 Output/Release/Obj/transmitter_pca10040/nrfx_uart.o
                0x00000000000027f4                nrfx_uart_tx_in_progress
 .text.nrfx_uart_tx
                0x000000000000280c       0xa0 Output/Release/Obj/transmitter_pca10040/nrfx_uart.o
                0x000000000000280c                nrfx_uart_tx
 .text.nrf_uarte_event_clear
                0x00000000000028ac       0x10 Output/Release/Obj/transmitter_pca10040/nrfx_uarte.o
 .text.rx_done_event.constprop.0
                0x00000000000028bc       0x20 Output/Release/Obj/transmitter_pca10040/nrfx_uarte.o
 .text.nrfx_uarte_0_irq_handler
                0x00000000000028dc      0x118 Output/Release/Obj/transmitter_pca10040/nrfx_uarte.o
                0x00000000000028dc                nrfx_uarte_0_irq_handler
 .text.nrfx_uarte_init
                0x00000000000029f4      0x184 Output/Release/Obj/transmitter_pca10040/nrfx_uarte.o
                0x00000000000029f4                nrfx_uarte_init
 .text.nrfx_uarte_uninit
                0x0000000000002b78      0x120 Output/Release/Obj/transmitter_pca10040/nrfx_uarte.o
                0x0000000000002b78                nrfx_uarte_uninit
 .text.nrfx_uarte_tx_in_progress
                0x0000000000002c98       0x18 Output/Release/Obj/transmitter_pca10040/nrfx_uarte.o
                0x0000000000002c98                nrfx_uarte_tx_in_progress
 .text.nrfx_uarte_tx
                0x0000000000002cb0       0x9c Output/Release/Obj/transmitter_pca10040/nrfx_uarte.o
                0x0000000000002cb0                nrfx_uarte_tx
 .text.swap_bits
                0x0000000000002d4c       0x22 Output/Release/Obj/transmitter_pca10040/radio_config.o
 *fill*         0x0000000000002d6e        0x2 
 .text.radio_configure
                0x0000000000002d70      0x128 Output/Release/Obj/transmitter_pca10040/radio_config.o
                0x0000000000002d70                radio_configure
 .text.alert_timer_handler
                0x0000000000002e98        0x6 Output/Release/Obj/transmitter_pca10040/bsp.o
 *fill*         0x0000000000002e9e        0x2 
 .text.bsp_button_event_handler
                0x0000000000002ea0       0x9c Output/Release/Obj/transmitter_pca10040/bsp.o
 .text.button_timer_handler
                0x0000000000002f3c        0x8 Output/Release/Obj/transmitter_pca10040/bsp.o
 .text.leds_off
                0x0000000000002f44       0x2c Output/Release/Obj/transmitter_pca10040/bsp.o
 .text.bsp_led_indication
                0x0000000000002f70      0x200 Output/Release/Obj/transmitter_pca10040/bsp.o
 .text.leds_timer_handler
                0x0000000000003170       0x1c Output/Release/Obj/transmitter_pca10040/bsp.o
 .text.bsp_indication_set
                0x000000000000318c       0x18 Output/Release/Obj/transmitter_pca10040/bsp.o
                0x000000000000318c                bsp_indication_set
 .text.bsp_init
                0x00000000000031a4       0x9c Output/Release/Obj/transmitter_pca10040/bsp.o
                0x00000000000031a4                bsp_init
 .text.bsp_evt_handler
                0x0000000000003240       0x34 Output/Release/Obj/transmitter_pca10040/main.o
                0x0000000000003240                bsp_evt_handler
 .text.send_packet
                0x0000000000003274       0x74 Output/Release/Obj/transmitter_pca10040/main.o
                0x0000000000003274                send_packet
 .text.clock_initialization
                0x00000000000032e8       0x32 Output/Release/Obj/transmitter_pca10040/main.o
                0x00000000000032e8                clock_initialization
 *fill*         0x000000000000331a        0x2 
 .text.startup.main
                0x000000000000331c       0xb0 Output/Release/Obj/transmitter_pca10040/main.o
                0x000000000000331c                main
 .text.nrf52_errata_12
                0x00000000000033cc       0x1c Output/Release/Obj/transmitter_pca10040/system_nrf52.o
 .text.nrf52_errata_16
                0x00000000000033e8       0x28 Output/Release/Obj/transmitter_pca10040/system_nrf52.o
 .text.SystemInit
                0x0000000000003410      0x280 Output/Release/Obj/transmitter_pca10040/system_nrf52.o
                0x0000000000003410                SystemInit
 .text.libc.__int64_udivmod
                0x0000000000003690       0xce D:/ncs/v1.5.1/toolchain/segger_embedded_studio/lib/libc_v7em_fpv4_sp_d16_hard_t_le_eabi.a(libc_asm.o)
                0x0000000000003690                __aeabi_uldivmod
                0x0000000000003690                __int64_udiv
                0x0000000000003690                __udivdi3
                0x0000000000003690                __int64_udivmod
 *fill*         0x000000000000375e        0x2 
 .text.libc.__RAL_ascii_isctype
                0x0000000000003760       0x1c D:/ncs/v1.5.1/toolchain/segger_embedded_studio/lib/libc_v7em_fpv4_sp_d16_hard_t_le_eabi.a(libc2.o)
 .text.libc.__RAL_ascii_toupper
                0x000000000000377c        0xc D:/ncs/v1.5.1/toolchain/segger_embedded_studio/lib/libc_v7em_fpv4_sp_d16_hard_t_le_eabi.a(libc2.o)
 .text.libc.__RAL_ascii_tolower
                0x0000000000003788        0xc D:/ncs/v1.5.1/toolchain/segger_embedded_studio/lib/libc_v7em_fpv4_sp_d16_hard_t_le_eabi.a(libc2.o)
 .text.libc.__RAL_ascii_iswctype
                0x0000000000003794       0x1c D:/ncs/v1.5.1/toolchain/segger_embedded_studio/lib/libc_v7em_fpv4_sp_d16_hard_t_le_eabi.a(libc2.o)
 .text.libc.__RAL_ascii_towupper
                0x00000000000037b0        0xc D:/ncs/v1.5.1/toolchain/segger_embedded_studio/lib/libc_v7em_fpv4_sp_d16_hard_t_le_eabi.a(libc2.o)
 .text.libc.__RAL_ascii_towlower
                0x00000000000037bc        0xc D:/ncs/v1.5.1/toolchain/segger_embedded_studio/lib/libc_v7em_fpv4_sp_d16_hard_t_le_eabi.a(libc2.o)
 .text.libc.__RAL_ascii_wctomb
                0x00000000000037c8        0xe D:/ncs/v1.5.1/toolchain/segger_embedded_studio/lib/libc_v7em_fpv4_sp_d16_hard_t_le_eabi.a(libc2.o)
                0x00000000000037c8                __RAL_ascii_wctomb
 .text.libc.__RAL_ascii_mbtowc
                0x00000000000037d6       0x24 D:/ncs/v1.5.1/toolchain/segger_embedded_studio/lib/libc_v7em_fpv4_sp_d16_hard_t_le_eabi.a(libc2.o)
                0x00000000000037d6                __RAL_ascii_mbtowc
 *fill*         0x00000000000037fa        0x2 
 .text.libc.__RAL_isctype
                0x00000000000037fc       0x14 D:/ncs/v1.5.1/toolchain/segger_embedded_studio/lib/libc_v7em_fpv4_sp_d16_hard_t_le_eabi.a(libc2.o)
                0x00000000000037fc                __RAL_isctype
 .text.libc.isprint
                0x0000000000003810        0xa D:/ncs/v1.5.1/toolchain/segger_embedded_studio/lib/libc_v7em_fpv4_sp_d16_hard_t_le_eabi.a(libc2.o)
                0x0000000000003810                isprint
 .text.libc.memcpy
                0x000000000000381a       0x52 D:/ncs/v1.5.1/toolchain/segger_embedded_studio/lib/libc_v7em_fpv4_sp_d16_hard_t_le_eabi.a(libc2_asm.o)
                0x000000000000381a                __aeabi_memcpy
                0x000000000000381a                memcpy
                0x0000000000003826                __aeabi_memcpy8
                0x0000000000003826                __aeabi_memcpy4
 .text.libc.memset
                0x000000000000386c       0x66 D:/ncs/v1.5.1/toolchain/segger_embedded_studio/lib/libc_v7em_fpv4_sp_d16_hard_t_le_eabi.a(libc2_asm.o)
                0x000000000000386c                memset
 .text.libc.strlen
                0x00000000000038d2       0x60 D:/ncs/v1.5.1/toolchain/segger_embedded_studio/lib/libc_v7em_fpv4_sp_d16_hard_t_le_eabi.a(libc2_asm.o)
                0x00000000000038d2                strlen
                0x0000000000003932                __text_end__ = (__text_start__ + SIZEOF (.text))
                0x0000000000003562                __text_size__ = SIZEOF (.text)
                0x0000000000003932                __text_load_end__ = __text_end__

.vfp11_veneer   0x0000000100000000        0x0
 .vfp11_veneer  0x0000000100000000        0x0 linker stubs

.v4_bx          0x0000000100000000        0x0
 .v4_bx         0x0000000100000000        0x0 linker stubs

.iplt           0x0000000100000000        0x0
 .iplt          0x0000000100000000        0x0 Output/Release/Obj/transmitter_pca10040/thumb_crt0.o
                0x0000000000000001                . = ASSERT (((__text_start__ == __text_end__) || ((__text_end__ - __FLASH_segment_start__) <= __FLASH_segment_size__)), error: .text is too large to fit in FLASH memory segment)
                0x0000000000003934                __log_const_data_load_start__ = ALIGN (__text_end__, 0x4)

.log_const_data
                0x0000000000003934       0x40
                0x0000000000003934                __log_const_data_start__ = .
                0x0000000000003934                __start_log_const_data = __log_const_data_start__
 *(SORT_BY_NAME(.log_const_data*))
 .log_const_data_GPIOTE
                0x0000000000003934        0x8 Output/Release/Obj/transmitter_pca10040/nrfx_gpiote.o
                0x0000000000003934                m_nrf_log_GPIOTE_logs_data_const
 .log_const_data_PRS
                0x000000000000393c        0x8 Output/Release/Obj/transmitter_pca10040/nrfx_prs.o
                0x000000000000393c                m_nrf_log_PRS_logs_data_const
 .log_const_data_UART
                0x0000000000003944        0x8 Output/Release/Obj/transmitter_pca10040/nrfx_uart.o
                0x0000000000003944                m_nrf_log_UART_logs_data_const
 .log_const_data_UARTE
                0x000000000000394c        0x8 Output/Release/Obj/transmitter_pca10040/nrfx_uarte.o
                0x000000000000394c                m_nrf_log_UARTE_logs_data_const
 .log_const_data_app
                0x0000000000003954        0x8 Output/Release/Obj/transmitter_pca10040/nrf_log_frontend.o
                0x0000000000003954                m_nrf_log_app_logs_data_const
 .log_const_data_app_button
                0x000000000000395c        0x8 Output/Release/Obj/transmitter_pca10040/app_button.o
                0x000000000000395c                m_nrf_log_app_button_logs_data_const
 .log_const_data_app_timer
                0x0000000000003964        0x8 Output/Release/Obj/transmitter_pca10040/app_timer2.o
                0x0000000000003964                m_nrf_log_app_timer_logs_data_const
 .log_const_data_sortlist
                0x000000000000396c        0x8 Output/Release/Obj/transmitter_pca10040/nrf_sortlist.o
                0x000000000000396c                m_nrf_log_sortlist_logs_data_const
                0x0000000000003974                __log_const_data_end__ = (__log_const_data_start__ + SIZEOF (.log_const_data))
                0x0000000000000040                __log_const_data_size__ = SIZEOF (.log_const_data)
                0x0000000000003974                __stop_log_const_data = __log_const_data_end__
                0x0000000000003974                __log_const_data_load_end__ = __log_const_data_end__
                0x0000000000000001                . = ASSERT (((__log_const_data_start__ == __log_const_data_end__) || ((__log_const_data_end__ - __FLASH_segment_start__) <= __FLASH_segment_size__)), error: .log_const_data is too large to fit in FLASH memory segment)
                0x0000000000003974                __log_backends_load_start__ = ALIGN (__log_const_data_end__, 0x4)

.log_backends   0x0000000000003974       0x10
                0x0000000000003974                __log_backends_start__ = .
                0x0000000000003974                __start_log_backends = __log_backends_start__
 *(SORT_BY_NAME(.log_backends*))
 .log_backends  0x0000000000003974       0x10 Output/Release/Obj/transmitter_pca10040/nrf_log_default_backends.o
                0x0000000000003984                __log_backends_end__ = (__log_backends_start__ + SIZEOF (.log_backends))
                0x0000000000000010                __log_backends_size__ = SIZEOF (.log_backends)
                0x0000000000003984                __stop_log_backends = __log_backends_end__
                0x0000000000003984                __log_backends_load_end__ = __log_backends_end__
                0x0000000000000001                . = ASSERT (((__log_backends_start__ == __log_backends_end__) || ((__log_backends_end__ - __FLASH_segment_start__) <= __FLASH_segment_size__)), error: .log_backends is too large to fit in FLASH memory segment)
                0x0000000000003984                __nrf_balloc_load_start__ = ALIGN (__log_backends_end__, 0x4)

.nrf_balloc     0x0000000000003984       0x14
                0x0000000000003984                __nrf_balloc_start__ = .
                0x0000000000003984                __start_nrf_balloc = __nrf_balloc_start__
 *(.nrf_balloc*)
 .nrf_balloc    0x0000000000003984       0x14 Output/Release/Obj/transmitter_pca10040/nrf_log_frontend.o
                0x0000000000003984                log_mempool
                0x0000000000003998                __nrf_balloc_end__ = (__nrf_balloc_start__ + SIZEOF (.nrf_balloc))
                0x0000000000000014                __nrf_balloc_size__ = SIZEOF (.nrf_balloc)
                0x0000000000003998                __stop_nrf_balloc = __nrf_balloc_end__
                0x0000000000003998                __nrf_balloc_load_end__ = __nrf_balloc_end__
                0x0000000000000001                . = ASSERT (((__nrf_balloc_start__ == __nrf_balloc_end__) || ((__nrf_balloc_end__ - __FLASH_segment_start__) <= __FLASH_segment_size__)), error: .nrf_balloc is too large to fit in FLASH memory segment)
                0x0000000000003998                __nrf_sections_load_start__ = ALIGN (__nrf_balloc_end__, 0x4)

.nrf_sections   0x0000000000003998        0x0
                0x0000000000003998                __nrf_sections_start__ = .
                0x0000000000003998                __start_nrf_sections = __nrf_sections_start__
 *(.nrf_sections .nrf_sections.*)
                0x0000000000003998                __nrf_sections_end__ = (__nrf_sections_start__ + SIZEOF (.nrf_sections))
                0x0000000000000000                __nrf_sections_size__ = SIZEOF (.nrf_sections)
                0x0000000000003998                __nrf_sections_load_end__ = __nrf_sections_end__
                0x0000000000000001                . = ASSERT (((__nrf_sections_start__ == __nrf_sections_end__) || ((__nrf_sections_end__ - __FLASH_segment_start__) <= __FLASH_segment_size__)), error: .nrf_sections is too large to fit in FLASH memory segment)
                0x0000000000003998                __log_dynamic_data_load_start__ = ALIGN (__nrf_sections_end__, 0x4)

.log_dynamic_data
                0x0000000020000000        0x0 load address 0x0000000000003998
                0x0000000020000000                __log_dynamic_data_start__ = .
 *(SORT_BY_NAME(.log_dynamic_data*))
                0x0000000020000000                __log_dynamic_data_end__ = (__log_dynamic_data_start__ + SIZEOF (.log_dynamic_data))
                0x0000000000000000                __log_dynamic_data_size__ = SIZEOF (.log_dynamic_data)
                0x0000000000003998                __log_dynamic_data_load_end__ = (__log_dynamic_data_load_start__ + SIZEOF (.log_dynamic_data))
                0x0000000000000001                . = ASSERT (((__log_dynamic_data_load_start__ == __log_dynamic_data_load_end__) || ((__log_dynamic_data_load_end__ - __FLASH_segment_start__) <= __FLASH_segment_size__)), error: .log_dynamic_data is too large to fit in FLASH memory segment)

.log_dynamic_data_run
                0x0000000020000000        0x0
                0x0000000020000000                __log_dynamic_data_run_start__ = .
                0x0000000020000000                __start_log_dynamic_data = __log_dynamic_data_run_start__
                0x0000000020000000                . = MAX ((__log_dynamic_data_run_start__ + SIZEOF (.log_dynamic_data)), .)
                0x0000000020000000                __log_dynamic_data_run_end__ = (__log_dynamic_data_run_start__ + SIZEOF (.log_dynamic_data_run))
                0x0000000000000000                __log_dynamic_data_run_size__ = SIZEOF (.log_dynamic_data_run)
                0x0000000020000000                __stop_log_dynamic_data = __log_dynamic_data_run_end__
                0x0000000020000000                __log_dynamic_data_run_load_end__ = __log_dynamic_data_run_end__
                0x0000000000000001                . = ASSERT (((__log_dynamic_data_run_start__ == __log_dynamic_data_run_end__) || ((__log_dynamic_data_run_end__ - __RAM1_segment_start__) <= __RAM1_segment_size__)), error: .log_dynamic_data_run is too large to fit in RAM1 memory segment)
                0x0000000000003998                __log_filter_data_load_start__ = ALIGN ((__log_dynamic_data_load_start__ + SIZEOF (.log_dynamic_data)), 0x4)

.log_filter_data
                0x0000000020000000        0x0 load address 0x0000000000003998
                0x0000000020000000                __log_filter_data_start__ = .
 *(SORT_BY_NAME(.log_filter_data*))
                0x0000000020000000                __log_filter_data_end__ = (__log_filter_data_start__ + SIZEOF (.log_filter_data))
                0x0000000000000000                __log_filter_data_size__ = SIZEOF (.log_filter_data)
                0x0000000000003998                __log_filter_data_load_end__ = (__log_filter_data_load_start__ + SIZEOF (.log_filter_data))
                0x0000000000000001                . = ASSERT (((__log_filter_data_load_start__ == __log_filter_data_load_end__) || ((__log_filter_data_load_end__ - __FLASH_segment_start__) <= __FLASH_segment_size__)), error: .log_filter_data is too large to fit in FLASH memory segment)

.log_filter_data_run
                0x0000000020000000        0x0
                0x0000000020000000                __log_filter_data_run_start__ = .
                0x0000000020000000                __start_log_filter_data = __log_filter_data_run_start__
                0x0000000020000000                . = MAX ((__log_filter_data_run_start__ + SIZEOF (.log_filter_data)), .)
                0x0000000020000000                __log_filter_data_run_end__ = (__log_filter_data_run_start__ + SIZEOF (.log_filter_data_run))
                0x0000000000000000                __log_filter_data_run_size__ = SIZEOF (.log_filter_data_run)
                0x0000000020000000                __stop_log_filter_data = __log_filter_data_run_end__
                0x0000000020000000                __log_filter_data_run_load_end__ = __log_filter_data_run_end__
                0x0000000000000001                . = ASSERT (((__log_filter_data_run_start__ == __log_filter_data_run_end__) || ((__log_filter_data_run_end__ - __RAM1_segment_start__) <= __RAM1_segment_size__)), error: .log_filter_data_run is too large to fit in RAM1 memory segment)
                0x0000000020000000                __nrf_sections_run_end_load_start__ = ALIGN (__log_filter_data_run_end__, 0x4)

.nrf_sections_run_end
                0x0000000020000000        0x0
                0x0000000020000000                __nrf_sections_run_end_start__ = .
                0x0000000020000000                __end_nrf_sections_run = __nrf_sections_run_end_start__
 *(.nrf_sections_run_end .nrf_sections_run_end.*)
                0x0000000020000000                __nrf_sections_run_end_end__ = (__nrf_sections_run_end_start__ + SIZEOF (.nrf_sections_run_end))
                0x0000000000000000                __nrf_sections_run_end_size__ = SIZEOF (.nrf_sections_run_end)
                0x0000000020000000                __nrf_sections_run_end_load_end__ = __nrf_sections_run_end_end__
                0x0000000000000001                . = ASSERT (((__nrf_sections_run_end_start__ == __nrf_sections_run_end_end__) || ((__nrf_sections_run_end_end__ - __RAM1_segment_start__) <= __RAM1_segment_size__)), error: .nrf_sections_run_end is too large to fit in RAM1 memory segment)
                0x0000000000003998                __dtors_load_start__ = ALIGN ((__log_filter_data_load_start__ + SIZEOF (.log_filter_data)), 0x4)

.dtors          0x0000000000003998        0x0
                0x0000000000003998                __dtors_start__ = .
 *(SORT_BY_NAME(.dtors.*))
 *(.dtors)
 *(.fini_array)
 *(SORT_BY_NAME(.fini_array.*))
                0x0000000000003998                __dtors_end__ = (__dtors_start__ + SIZEOF (.dtors))
                0x0000000000000000                __dtors_size__ = SIZEOF (.dtors)
                0x0000000000003998                __dtors_load_end__ = __dtors_end__
                0x0000000000000001                . = ASSERT (((__dtors_start__ == __dtors_end__) || ((__dtors_end__ - __FLASH_segment_start__) <= __FLASH_segment_size__)), error: .dtors is too large to fit in FLASH memory segment)
                0x0000000000003998                __ctors_load_start__ = ALIGN (__dtors_end__, 0x4)

.ctors          0x0000000000003998        0x0
                0x0000000000003998                __ctors_start__ = .
 *(SORT_BY_NAME(.ctors.*))
 *(.ctors)
 *(.init_array)
 *(SORT_BY_NAME(.init_array.*))
                0x0000000000003998                __ctors_end__ = (__ctors_start__ + SIZEOF (.ctors))
                0x0000000000000000                __ctors_size__ = SIZEOF (.ctors)
                0x0000000000003998                __ctors_load_end__ = __ctors_end__
                0x0000000000000001                . = ASSERT (((__ctors_start__ == __ctors_end__) || ((__ctors_end__ - __FLASH_segment_start__) <= __FLASH_segment_size__)), error: .ctors is too large to fit in FLASH memory segment)
                0x0000000000003998                __rodata_load_start__ = ALIGN (__ctors_end__, 0x4)

.rodata         0x0000000000003998      0x4c2
                0x0000000000003998                __rodata_start__ = .
 *(.rodata .rodata.* .gnu.linkonce.r.*)
 .rodata        0x0000000000003998       0x20 Output/Release/Obj/transmitter_pca10040/nrf_log_backend_uart.o
 .rodata.nrf_log_backend_uart_api
                0x00000000000039b8        0xc Output/Release/Obj/transmitter_pca10040/nrf_log_backend_uart.o
                0x00000000000039b8                nrf_log_backend_uart_api
 .rodata.str1.1
                0x00000000000039c4       0x11 Output/Release/Obj/transmitter_pca10040/nrf_log_default_backends.o
 .rodata.nrf_log_frontend_dequeue.str1.1
                0x00000000000039d5       0x11 Output/Release/Obj/transmitter_pca10040/nrf_log_frontend.o
 .rodata.str1.1
                0x00000000000039e6        0x4 Output/Release/Obj/transmitter_pca10040/nrf_log_frontend.o
 *fill*         0x00000000000039ea        0x2 
 .rodata.m_log_push_ringbuf
                0x00000000000039ec        0xc Output/Release/Obj/transmitter_pca10040/nrf_log_frontend.o
 .rodata.prefix_process.str1.1
                0x00000000000039f8       0x32 Output/Release/Obj/transmitter_pca10040/nrf_log_str_formatter.o
 .rodata.postfix_process.str1.1
                0x0000000000003a2a       0x32 Output/Release/Obj/transmitter_pca10040/nrf_log_str_formatter.o
                                          0x3 (size before relaxing)
 .rodata.nrf_log_hexdump_entry_process.str1.1
                0x0000000000003a2a        0xf Output/Release/Obj/transmitter_pca10040/nrf_log_str_formatter.o
                                         0x11 (size before relaxing)
 .rodata.str1.1
                0x0000000000003a39       0x4b Output/Release/Obj/transmitter_pca10040/nrf_log_str_formatter.o
                                         0x51 (size before relaxing)
 .rodata.m_colors
                0x0000000000003a84       0x24 Output/Release/Obj/transmitter_pca10040/nrf_log_str_formatter.o
 .rodata.severity_names
                0x0000000000003aa8       0x14 Output/Release/Obj/transmitter_pca10040/nrf_log_str_formatter.o
 .rodata.m_board_btn_list
                0x0000000000003abc        0x4 Output/Release/Obj/transmitter_pca10040/boards.o
 .rodata.m_board_led_list
                0x0000000000003ac0        0x4 Output/Release/Obj/transmitter_pca10040/boards.o
 .rodata.str1.1
                0x0000000000003ac4        0xb Output/Release/Obj/transmitter_pca10040/app_button.o
 *fill*         0x0000000000003acf        0x1 
 .rodata.m_detection_delay_timer_id
                0x0000000000003ad0        0x4 Output/Release/Obj/transmitter_pca10040/app_button.o
 .rodata.app_error_fault_handler.str1.1
                0x0000000000003ad4       0x19 Output/Release/Obj/transmitter_pca10040/app_error_weak.o
 .rodata.str1.1
                0x0000000000003aed        0xa Output/Release/Obj/transmitter_pca10040/app_timer2.o
 *fill*         0x0000000000003af7        0x1 
 .rodata        0x0000000000003af8        0x4 Output/Release/Obj/transmitter_pca10040/app_timer2.o
 .rodata.m_app_timer_sortlist
                0x0000000000003afc        0xc Output/Release/Obj/transmitter_pca10040/app_timer2.o
 .rodata.drv_rtc_init.str1.1
                0x0000000000003b08       0x34 Output/Release/Obj/transmitter_pca10040/drv_rtc.o
 *fill*         0x0000000000003b3c        0x4 
 .rodata.delay_machine_code.0
                0x0000000000003b40        0x6 Output/Release/Obj/transmitter_pca10040/drv_rtc.o
 .rodata._aV2C.0
                0x0000000000003b46       0x10 Output/Release/Obj/transmitter_pca10040/nrf_fprintf_format.o
 .rodata.str1.1
                0x0000000000003b56        0x9 Output/Release/Obj/transmitter_pca10040/nrf_sortlist.o
 .rodata.str1.1
                0x0000000000003b5f        0x7 Output/Release/Obj/transmitter_pca10040/nrfx_gpiote.o
 .rodata.str1.1
                0x0000000000003b66        0x4 Output/Release/Obj/transmitter_pca10040/nrfx_prs.o
 .rodata.str1.1
                0x0000000000003b6a        0x5 Output/Release/Obj/transmitter_pca10040/nrfx_uart.o
 .rodata.str1.1
                0x0000000000003b6f        0x6 Output/Release/Obj/transmitter_pca10040/nrfx_uarte.o
 *fill*         0x0000000000003b75        0x3 
 .rodata.app_buttons
                0x0000000000003b78       0x20 Output/Release/Obj/transmitter_pca10040/bsp.o
 .rodata.m_bsp_alert_tmr
                0x0000000000003b98        0x4 Output/Release/Obj/transmitter_pca10040/bsp.o
 .rodata.m_bsp_button_tmr
                0x0000000000003b9c        0x4 Output/Release/Obj/transmitter_pca10040/bsp.o
 .rodata.m_bsp_leds_tmr
                0x0000000000003ba0        0x4 Output/Release/Obj/transmitter_pca10040/bsp.o
 .rodata.send_packet.str1.1
                0x0000000000003ba4       0x14 Output/Release/Obj/transmitter_pca10040/main.o
 .rodata.main.str1.1
                0x0000000000003bb8       0x57 Output/Release/Obj/transmitter_pca10040/main.o
 .rodata.CSWTCH.15
                0x0000000000003c0f        0x4 Output/Release/Obj/transmitter_pca10040/system_nrf52.o
 .rodata.CSWTCH.19
                0x0000000000003c13        0x4 Output/Release/Obj/transmitter_pca10040/system_nrf52.o
 .rodata.CSWTCH.5
                0x0000000000003c17        0x4 Output/Release/Obj/transmitter_pca10040/system_nrf52.o
 *fill*         0x0000000000003c1b        0x1 
 .rodata.libc.__RAL_find_locale.str1.4
                0x0000000000003c1c        0xa D:/ncs/v1.5.1/toolchain/segger_embedded_studio/lib/libc_v7em_fpv4_sp_d16_hard_t_le_eabi.a(libc2.o)
 *fill*         0x0000000000003c26        0x2 
 .rodata.libc.__RAL_ascii_ctype_map
                0x0000000000003c28       0x80 D:/ncs/v1.5.1/toolchain/segger_embedded_studio/lib/libc_v7em_fpv4_sp_d16_hard_t_le_eabi.a(libc2.o)
                0x0000000000003c28                __RAL_ascii_ctype_map
 .rodata.libc.__RAL_ascii_ctype_mask
                0x0000000000003ca8        0xd D:/ncs/v1.5.1/toolchain/segger_embedded_studio/lib/libc_v7em_fpv4_sp_d16_hard_t_le_eabi.a(libc2.o)
 *fill*         0x0000000000003cb5        0x3 
 .rodata.libc.__RAL_c_locale
                0x0000000000003cb8        0xc D:/ncs/v1.5.1/toolchain/segger_embedded_studio/lib/libc_v7em_fpv4_sp_d16_hard_t_le_eabi.a(libc2.o)
                0x0000000000003cb8                __RAL_c_locale
 .rodata.libc.__RAL_c_locale_abbrev_day_names
                0x0000000000003cc4       0x1d D:/ncs/v1.5.1/toolchain/segger_embedded_studio/lib/libc_v7em_fpv4_sp_d16_hard_t_le_eabi.a(libc2.o)
                0x0000000000003cc4                __RAL_c_locale_abbrev_day_names
 *fill*         0x0000000000003ce1        0x3 
 .rodata.libc.__RAL_c_locale_abbrev_month_names
                0x0000000000003ce4       0x31 D:/ncs/v1.5.1/toolchain/segger_embedded_studio/lib/libc_v7em_fpv4_sp_d16_hard_t_le_eabi.a(libc2.o)
                0x0000000000003ce4                __RAL_c_locale_abbrev_month_names
 *fill*         0x0000000000003d15        0x3 
 .rodata.libc.__RAL_c_locale_am_pm_indicator
                0x0000000000003d18        0x7 D:/ncs/v1.5.1/toolchain/segger_embedded_studio/lib/libc_v7em_fpv4_sp_d16_hard_t_le_eabi.a(libc2.o)
                0x0000000000003d18                __RAL_c_locale_am_pm_indicator
 *fill*         0x0000000000003d1f        0x1 
 .rodata.libc.__RAL_c_locale_data
                0x0000000000003d20       0x58 D:/ncs/v1.5.1/toolchain/segger_embedded_studio/lib/libc_v7em_fpv4_sp_d16_hard_t_le_eabi.a(libc2.o)
                0x0000000000003d20                __RAL_c_locale_data
 .rodata.libc.__RAL_c_locale_date_format
                0x0000000000003d78        0x9 D:/ncs/v1.5.1/toolchain/segger_embedded_studio/lib/libc_v7em_fpv4_sp_d16_hard_t_le_eabi.a(libc2.o)
                0x0000000000003d78                __RAL_c_locale_date_format
 *fill*         0x0000000000003d81        0x3 
 .rodata.libc.__RAL_c_locale_date_time_format
                0x0000000000003d84        0xf D:/ncs/v1.5.1/toolchain/segger_embedded_studio/lib/libc_v7em_fpv4_sp_d16_hard_t_le_eabi.a(libc2.o)
                0x0000000000003d84                __RAL_c_locale_date_time_format
 *fill*         0x0000000000003d93        0x1 
 .rodata.libc.__RAL_c_locale_day_names
                0x0000000000003d94       0x3a D:/ncs/v1.5.1/toolchain/segger_embedded_studio/lib/libc_v7em_fpv4_sp_d16_hard_t_le_eabi.a(libc2.o)
                0x0000000000003d94                __RAL_c_locale_day_names
 *fill*         0x0000000000003dce        0x2 
 .rodata.libc.__RAL_c_locale_month_names
                0x0000000000003dd0       0x57 D:/ncs/v1.5.1/toolchain/segger_embedded_studio/lib/libc_v7em_fpv4_sp_d16_hard_t_le_eabi.a(libc2.o)
                0x0000000000003dd0                __RAL_c_locale_month_names
 *fill*         0x0000000000003e27        0x1 
 .rodata.libc.__RAL_c_locale_time_format
                0x0000000000003e28        0x9 D:/ncs/v1.5.1/toolchain/segger_embedded_studio/lib/libc_v7em_fpv4_sp_d16_hard_t_le_eabi.a(libc2.o)
                0x0000000000003e28                __RAL_c_locale_time_format
 *fill*         0x0000000000003e31        0x3 
 .rodata.libc.__RAL_codeset_ascii
                0x0000000000003e34       0x20 D:/ncs/v1.5.1/toolchain/segger_embedded_studio/lib/libc_v7em_fpv4_sp_d16_hard_t_le_eabi.a(libc2.o)
                0x0000000000003e34                __RAL_codeset_ascii
 .rodata.libc.__RAL_data_empty_string
                0x0000000000003e54        0x1 D:/ncs/v1.5.1/toolchain/segger_embedded_studio/lib/libc_v7em_fpv4_sp_d16_hard_t_le_eabi.a(libc2.o)
                0x0000000000003e54                __RAL_data_empty_string
 *fill*         0x0000000000003e55        0x3 
 .rodata.libc.__RAL_data_utf8_period
                0x0000000000003e58        0x2 D:/ncs/v1.5.1/toolchain/segger_embedded_studio/lib/libc_v7em_fpv4_sp_d16_hard_t_le_eabi.a(libc2.o)
                0x0000000000003e58                __RAL_data_utf8_period
                0x0000000000003e5a                __rodata_end__ = (__rodata_start__ + SIZEOF (.rodata))
                0x00000000000004c2                __rodata_size__ = SIZEOF (.rodata)
                0x0000000000003e5a                __rodata_load_end__ = __rodata_end__

.rel.dyn        0x0000000000003e5c        0x0
 .rel.iplt      0x0000000000003e5c        0x0 Output/Release/Obj/transmitter_pca10040/thumb_crt0.o
                0x0000000000000001                . = ASSERT (((__rodata_start__ == __rodata_end__) || ((__rodata_end__ - __FLASH_segment_start__) <= __FLASH_segment_size__)), error: .rodata is too large to fit in FLASH memory segment)
                0x0000000000003e5c                __ARM.exidx_load_start__ = ALIGN (__rodata_end__, 0x4)

.ARM.exidx      0x0000000000003e5c        0x0
                0x0000000000003e5c                __ARM.exidx_start__ = .
                0x0000000000003e5c                __exidx_start = __ARM.exidx_start__
 *(.ARM.exidx .ARM.exidx.*)
                0x0000000000003e5c                __ARM.exidx_end__ = (__ARM.exidx_start__ + SIZEOF (.ARM.exidx))
                0x0000000000000000                __ARM.exidx_size__ = SIZEOF (.ARM.exidx)
                0x0000000000003e5c                __exidx_end = __ARM.exidx_end__
                0x0000000000003e5c                __ARM.exidx_load_end__ = __ARM.exidx_end__
                0x0000000000000001                . = ASSERT (((__ARM.exidx_start__ == __ARM.exidx_end__) || ((__ARM.exidx_end__ - __FLASH_segment_start__) <= __FLASH_segment_size__)), error: .ARM.exidx is too large to fit in FLASH memory segment)
                0x0000000000003e5c                __fast_load_start__ = ALIGN (__ARM.exidx_end__, 0x4)

.fast           0x0000000020000000        0x0 load address 0x0000000000003e5c
                0x0000000020000000                __fast_start__ = .
 *(.fast .fast.*)
                0x0000000020000000                __fast_end__ = (__fast_start__ + SIZEOF (.fast))
                0x0000000000000000                __fast_size__ = SIZEOF (.fast)
                0x0000000000003e5c                __fast_load_end__ = (__fast_load_start__ + SIZEOF (.fast))
                0x0000000000000001                . = ASSERT (((__fast_load_start__ == __fast_load_end__) || ((__fast_load_end__ - __FLASH_segment_start__) <= __FLASH_segment_size__)), error: .fast is too large to fit in FLASH memory segment)

.fast_run       0x0000000020000000        0x0
                0x0000000020000000                __fast_run_start__ = .
                0x0000000020000000                . = MAX ((__fast_run_start__ + SIZEOF (.fast)), .)
                0x0000000020000000                __fast_run_end__ = (__fast_run_start__ + SIZEOF (.fast_run))
                0x0000000000000000                __fast_run_size__ = SIZEOF (.fast_run)
                0x0000000020000000                __fast_run_load_end__ = __fast_run_end__
                0x0000000000000001                . = ASSERT (((__fast_run_start__ == __fast_run_end__) || ((__fast_run_end__ - __RAM1_segment_start__) <= __RAM1_segment_size__)), error: .fast_run is too large to fit in RAM1 memory segment)
                0x0000000000003e5c                __data_load_start__ = ALIGN ((__fast_load_start__ + SIZEOF (.fast)), 0x4)

.data           0x0000000020000000       0x3c load address 0x0000000000003e5c
                0x0000000020000000                __data_start__ = .
 *(.data .data.* .gnu.linkonce.d.*)
 .data.m_uart   0x0000000020000000       0x14 Output/Release/Obj/transmitter_pca10040/nrf_log_backend_uart.o
                0x0000000020000000                m_uart
 .data.log_backend_cb_uart_log_backend
                0x0000000020000014        0x8 Output/Release/Obj/transmitter_pca10040/nrf_log_default_backends.o
 .data.m_rtc_inst
                0x000000002000001c        0x8 Output/Release/Obj/transmitter_pca10040/app_timer2.o
 .data.SystemCoreClock
                0x0000000020000024        0x4 Output/Release/Obj/transmitter_pca10040/system_nrf52.o
                0x0000000020000024                SystemCoreClock
 .data.libc.__RAL_global_locale
                0x0000000020000028       0x14 D:/ncs/v1.5.1/toolchain/segger_embedded_studio/lib/libc_v7em_fpv4_sp_d16_hard_t_le_eabi.a(libc2.o)
                0x0000000020000028                __RAL_global_locale
                0x000000002000003c                __data_end__ = (__data_start__ + SIZEOF (.data))
                0x000000000000003c                __data_size__ = SIZEOF (.data)
                0x0000000000003e98                __data_load_end__ = (__data_load_start__ + SIZEOF (.data))

.igot.plt       0x0000000100000000        0x0
 .igot.plt      0x0000000100000000        0x0 Output/Release/Obj/transmitter_pca10040/thumb_crt0.o
                0x0000000000000001                . = ASSERT (((__data_load_start__ == __data_load_end__) || ((__data_load_end__ - __FLASH_segment_start__) <= __FLASH_segment_size__)), error: .data is too large to fit in FLASH memory segment)

.data_run       0x0000000020000000       0x3c load address 0x0000000000003e5c
                0x0000000020000000                __data_run_start__ = .
                0x000000002000003c                . = MAX ((__data_run_start__ + SIZEOF (.data)), .)
 *fill*         0x0000000020000000       0x3c 
                0x000000002000003c                __data_run_end__ = (__data_run_start__ + SIZEOF (.data_run))
                0x000000000000003c                __data_run_size__ = SIZEOF (.data_run)
                0x000000002000003c                __data_run_load_end__ = __data_run_end__
                0x0000000000000001                . = ASSERT (((__data_run_start__ == __data_run_end__) || ((__data_run_end__ - __RAM1_segment_start__) <= __RAM1_segment_size__)), error: .data_run is too large to fit in RAM1 memory segment)
                0x0000000000003e98                __tdata_load_start__ = ALIGN ((__data_load_start__ + SIZEOF (.data)), 0x4)

.tdata          0x000000002000003c        0x0 load address 0x0000000000003e98
                0x000000002000003c                __tdata_start__ = .
 *(.tdata .tdata.*)
                0x000000002000003c                __tdata_end__ = (__tdata_start__ + SIZEOF (.tdata))
                0x0000000000000000                __tdata_size__ = SIZEOF (.tdata)
                0x0000000000003e98                __tdata_load_end__ = (__tdata_load_start__ + SIZEOF (.tdata))
                0x0000000000003e98                __FLASH_segment_used_end__ = (ALIGN ((__data_load_start__ + SIZEOF (.data)), 0x4) + SIZEOF (.tdata))
                0x0000000000003e98                __FLASH_segment_used_size__ = (__FLASH_segment_used_end__ - __FLASH_segment_start__)
                0x0000000000000001                . = ASSERT (((__tdata_load_start__ == __tdata_load_end__) || ((__tdata_load_end__ - __FLASH_segment_start__) <= __FLASH_segment_size__)), error: .tdata is too large to fit in FLASH memory segment)

.tdata_run      0x000000002000003c        0x0
                0x000000002000003c                __tdata_run_start__ = .
                0x000000002000003c                . = MAX ((__tdata_run_start__ + SIZEOF (.tdata)), .)
                0x000000002000003c                __tdata_run_end__ = (__tdata_run_start__ + SIZEOF (.tdata_run))
                0x0000000000000000                __tdata_run_size__ = SIZEOF (.tdata_run)
                0x000000002000003c                __tdata_run_load_end__ = __tdata_run_end__
                0x0000000000000001                . = ASSERT (((__tdata_run_start__ == __tdata_run_end__) || ((__tdata_run_end__ - __RAM1_segment_start__) <= __RAM1_segment_size__)), error: .tdata_run is too large to fit in RAM1 memory segment)
                0x000000002000003c                __bss_load_start__ = ALIGN (__tdata_run_end__, 0x4)

.bss            0x000000002000003c      0x7f0
                0x000000002000003c                __bss_start__ = .
 *(.bss .bss.* .gnu.linkonce.b.*)
 .bss.m_async_mode
                0x000000002000003c        0x1 Output/Release/Obj/transmitter_pca10040/nrf_log_backend_uart.o
 .bss.m_string_buff
                0x000000002000003d       0x40 Output/Release/Obj/transmitter_pca10040/nrf_log_backend_uart.o
 .bss.m_xfer_done
                0x000000002000007d        0x1 Output/Release/Obj/transmitter_pca10040/nrf_log_backend_uart.o
 *fill*         0x000000002000007e        0x2 
 .bss.log_mempool_nrf_balloc_cb
                0x0000000020000080        0x8 Output/Release/Obj/transmitter_pca10040/nrf_log_frontend.o
 .bss.log_mempool_nrf_balloc_pool_mem
                0x0000000020000088       0xc0 Output/Release/Obj/transmitter_pca10040/nrf_log_frontend.o
 .bss.log_mempool_nrf_balloc_pool_stack
                0x0000000020000148        0x8 Output/Release/Obj/transmitter_pca10040/nrf_log_frontend.o
 .bss.m_log_data
                0x0000000020000150      0x420 Output/Release/Obj/transmitter_pca10040/nrf_log_frontend.o
 .bss.m_log_push_ringbuf_buf
                0x0000000020000570       0x80 Output/Release/Obj/transmitter_pca10040/nrf_log_frontend.o
 .bss.m_log_push_ringbuf_cb
                0x00000000200005f0       0x18 Output/Release/Obj/transmitter_pca10040/nrf_log_frontend.o
 .bss.m_button_count
                0x0000000020000608        0x1 Output/Release/Obj/transmitter_pca10040/app_button.o
 *fill*         0x0000000020000609        0x3 
 .bss.m_detection_delay
                0x000000002000060c        0x4 Output/Release/Obj/transmitter_pca10040/app_button.o
 .bss.m_detection_delay_timer_id_data
                0x0000000020000610       0x20 Output/Release/Obj/transmitter_pca10040/app_button.o
 .bss.m_pin_active
                0x0000000020000630        0x8 Output/Release/Obj/transmitter_pca10040/app_button.o
 .bss.m_pin_states
                0x0000000020000638       0x10 Output/Release/Obj/transmitter_pca10040/app_button.o
 .bss.mp_buttons
                0x0000000020000648        0x4 Output/Release/Obj/transmitter_pca10040/app_button.o
 .bss.m_app_timer_sortlist_sortlist_cb
                0x000000002000064c        0x4 Output/Release/Obj/transmitter_pca10040/app_timer2.o
 .bss.m_base_counter
                0x0000000020000650        0x8 Output/Release/Obj/transmitter_pca10040/app_timer2.o
 .bss.m_global_active
                0x0000000020000658        0x1 Output/Release/Obj/transmitter_pca10040/app_timer2.o
 *fill*         0x0000000020000659        0x3 
 .bss.m_req_fifo_data
                0x000000002000065c       0x58 Output/Release/Obj/transmitter_pca10040/app_timer2.o
 .bss.m_req_fifo_inst
                0x00000000200006b4       0x10 Output/Release/Obj/transmitter_pca10040/app_timer2.o
 *fill*         0x00000000200006c4        0x4 
 .bss.m_stamp64
                0x00000000200006c8        0x8 Output/Release/Obj/transmitter_pca10040/app_timer2.o
 .bss.mp_active_timer
                0x00000000200006d0        0x4 Output/Release/Obj/transmitter_pca10040/app_timer2.o
 .bss.m_in_critical_region
                0x00000000200006d4        0x4 Output/Release/Obj/transmitter_pca10040/app_util_platform.o
 .bss.m_cb      0x00000000200006d8        0x8 Output/Release/Obj/transmitter_pca10040/drv_rtc.o
 .bss.m_handlers
                0x00000000200006e0        0x4 Output/Release/Obj/transmitter_pca10040/drv_rtc.o
 .bss.m_contexts
                0x00000000200006e4        0x4 Output/Release/Obj/transmitter_pca10040/nrf_drv_uart.o
 .bss.m_handlers
                0x00000000200006e8        0x4 Output/Release/Obj/transmitter_pca10040/nrf_drv_uart.o
 .bss.nrf_drv_uart_use_easy_dma
                0x00000000200006ec        0x1 Output/Release/Obj/transmitter_pca10040/nrf_drv_uart.o
                0x00000000200006ec                nrf_drv_uart_use_easy_dma
 *fill*         0x00000000200006ed        0x3 
 .bss.m_cb      0x00000000200006f0       0x5c Output/Release/Obj/transmitter_pca10040/nrfx_gpiote.o
 .bss.m_prs_box_4
                0x000000002000074c        0x8 Output/Release/Obj/transmitter_pca10040/nrfx_prs.o
 .bss.m_cb      0x0000000020000754       0x2c Output/Release/Obj/transmitter_pca10040/nrfx_uart.o
 .bss.m_cb      0x0000000020000780       0x24 Output/Release/Obj/transmitter_pca10040/nrfx_uarte.o
 .bss.current_long_push_pin_no.1
                0x00000000200007a4        0x1 Output/Release/Obj/transmitter_pca10040/bsp.o
 .bss.m_alert_on
                0x00000000200007a5        0x1 Output/Release/Obj/transmitter_pca10040/bsp.o
 *fill*         0x00000000200007a6        0x2 
 .bss.m_bsp_alert_tmr_data
                0x00000000200007a8       0x20 Output/Release/Obj/transmitter_pca10040/bsp.o
 .bss.m_bsp_button_tmr_data
                0x00000000200007c8       0x20 Output/Release/Obj/transmitter_pca10040/bsp.o
 .bss.m_bsp_leds_tmr_data
                0x00000000200007e8       0x20 Output/Release/Obj/transmitter_pca10040/bsp.o
 .bss.m_events_list
                0x0000000020000808        0xc Output/Release/Obj/transmitter_pca10040/bsp.o
 .bss.m_indication_type
                0x0000000020000814        0x4 Output/Release/Obj/transmitter_pca10040/bsp.o
 .bss.m_leds_clear
                0x0000000020000818        0x1 Output/Release/Obj/transmitter_pca10040/bsp.o
 *fill*         0x0000000020000819        0x3 
 .bss.m_registered_callback
                0x000000002000081c        0x4 Output/Release/Obj/transmitter_pca10040/bsp.o
 .bss.m_stable_state
                0x0000000020000820        0x1 Output/Release/Obj/transmitter_pca10040/bsp.o
 .bss.release_event_at_push.0
                0x0000000020000821        0x4 Output/Release/Obj/transmitter_pca10040/bsp.o
 *fill*         0x0000000020000825        0x3 
 .bss.packet    0x0000000020000828        0x4 Output/Release/Obj/transmitter_pca10040/main.o
 *(COMMON)
                0x000000002000082c                __bss_end__ = (__bss_start__ + SIZEOF (.bss))
                0x00000000000007f0                __bss_size__ = SIZEOF (.bss)
                0x000000002000082c                __bss_load_end__ = __bss_end__
                0x0000000000000001                . = ASSERT (((__bss_start__ == __bss_end__) || ((__bss_end__ - __RAM1_segment_start__) <= __RAM1_segment_size__)), error: .bss is too large to fit in RAM1 memory segment)
                0x000000002000082c                __tbss_load_start__ = ALIGN (__bss_end__, 0x4)

.tbss           0x000000002000082c        0x0
                0x000000002000082c                __tbss_start__ = .
 *(.tbss .tbss.*)
                0x000000002000082c                __tbss_end__ = (__tbss_start__ + SIZEOF (.tbss))
                0x0000000000000000                __tbss_size__ = SIZEOF (.tbss)
                0x000000002000082c                __tbss_load_end__ = __tbss_end__
                0x0000000000000001                . = ASSERT (((__tbss_start__ == __tbss_end__) || ((__tbss_end__ - __RAM1_segment_start__) <= __RAM1_segment_size__)), error: .tbss is too large to fit in RAM1 memory segment)
                0x000000002000082c                __non_init_load_start__ = ALIGN (__tbss_end__, 0x4)

.non_init       0x000000002000082c        0x0
                0x000000002000082c                __non_init_start__ = .
 *(.non_init .non_init.*)
                0x000000002000082c                __non_init_end__ = (__non_init_start__ + SIZEOF (.non_init))
                0x0000000000000000                __non_init_size__ = SIZEOF (.non_init)
                0x000000002000082c                __non_init_load_end__ = __non_init_end__
                0x0000000000000001                . = ASSERT (((__non_init_start__ == __non_init_end__) || ((__non_init_end__ - __RAM1_segment_start__) <= __RAM1_segment_size__)), error: .non_init is too large to fit in RAM1 memory segment)
                0x000000002000082c                __heap_load_start__ = ALIGN (__non_init_end__, 0x4)

.heap           0x000000002000082c     0x2000
                0x000000002000082c                __heap_start__ = .
 *(.heap .heap.*)
                0x000000002000282c                . = ALIGN (MAX ((__heap_start__ + __HEAPSIZE__), .), 0x4)
 *fill*         0x000000002000082c     0x2000 
                0x000000002000282c                __heap_end__ = (__heap_start__ + SIZEOF (.heap))
                0x0000000000002000                __heap_size__ = SIZEOF (.heap)
                0x000000002000282c                __heap_load_end__ = __heap_end__
                0x0000000000000001                . = ASSERT (((__heap_start__ == __heap_end__) || ((__heap_end__ - __RAM1_segment_start__) <= __RAM1_segment_size__)), error: .heap is too large to fit in RAM1 memory segment)
                0x000000002000e000                __stack_load_start__ = (__RAM1_segment_start__ + (__RAM1_segment_size__ - 0x2000))

.stack          0x000000002000e000     0x2000
                0x000000002000e000                __stack_start__ = .
                0x000000002000e000                __StackLimit = __stack_start__
 *(.stack .stack.*)
                0x0000000020010000                . = ALIGN (MAX ((__stack_start__ + __STACKSIZE__), .), 0x8)
 *fill*         0x000000002000e000     0x2000 
                0x0000000020010000                __stack_end__ = (__stack_start__ + SIZEOF (.stack))
                0x0000000000002000                __stack_size__ = SIZEOF (.stack)
                0x0000000020010000                __StackTop = __stack_end__
                0x0000000020010000                __stack_load_end__ = __stack_end__
                0x0000000000000001                . = ASSERT (((__stack_start__ == __stack_end__) || ((__stack_end__ - __RAM1_segment_start__) <= __RAM1_segment_size__)), error: .stack is too large to fit in RAM1 memory segment)
                0x0000000000000001                . = ASSERT ((__heap_end__ <= __stack_start__), error: section .heap overlaps absolute placed section .stack)
                0x0000000020010000                __stack_process_load_start__ = ALIGN (__stack_end__, 0x8)

.stack_process  0x0000000020010000        0x0
                0x0000000020010000                __stack_process_start__ = .
 *(.stack_process .stack_process.*)
                0x0000000020010000                . = ALIGN (MAX ((__stack_process_start__ + __STACKSIZE_PROCESS__), .), 0x8)
                0x0000000020010000                __stack_process_end__ = (__stack_process_start__ + SIZEOF (.stack_process))
                0x0000000000000000                __stack_process_size__ = SIZEOF (.stack_process)
                0x0000000020010000                __stack_process_load_end__ = __stack_process_end__
                0x0000000020010000                __RAM1_segment_used_end__ = (ALIGN (__stack_end__, 0x8) + SIZEOF (.stack_process))
                0x0000000000010000                __RAM1_segment_used_size__ = (__RAM1_segment_used_end__ - __RAM1_segment_start__)
                0x0000000000000001                . = ASSERT (((__stack_process_start__ == __stack_process_end__) || ((__stack_process_end__ - __RAM1_segment_start__) <= __RAM1_segment_size__)), error: .stack_process is too large to fit in RAM1 memory segment)
START GROUP
LOAD Output/Release/Obj/transmitter_pca10040/thumb_crt0.o
LOAD Output/Release/Obj/transmitter_pca10040/nrf_log_backend_rtt.o
LOAD Output/Release/Obj/transmitter_pca10040/nrf_log_backend_serial.o
LOAD Output/Release/Obj/transmitter_pca10040/nrf_log_backend_uart.o
LOAD Output/Release/Obj/transmitter_pca10040/nrf_log_default_backends.o
LOAD Output/Release/Obj/transmitter_pca10040/nrf_log_frontend.o
LOAD Output/Release/Obj/transmitter_pca10040/nrf_log_str_formatter.o
LOAD Output/Release/Obj/transmitter_pca10040/boards.o
LOAD Output/Release/Obj/transmitter_pca10040/app_button.o
LOAD Output/Release/Obj/transmitter_pca10040/app_error.o
LOAD Output/Release/Obj/transmitter_pca10040/app_error_handler_gcc.o
LOAD Output/Release/Obj/transmitter_pca10040/app_error_weak.o
LOAD Output/Release/Obj/transmitter_pca10040/app_fifo.o
LOAD Output/Release/Obj/transmitter_pca10040/app_scheduler.o
LOAD Output/Release/Obj/transmitter_pca10040/app_timer2.o
LOAD Output/Release/Obj/transmitter_pca10040/app_uart_fifo.o
LOAD Output/Release/Obj/transmitter_pca10040/app_util_platform.o
LOAD Output/Release/Obj/transmitter_pca10040/drv_rtc.o
LOAD Output/Release/Obj/transmitter_pca10040/nrf_assert.o
LOAD Output/Release/Obj/transmitter_pca10040/nrf_atfifo.o
LOAD Output/Release/Obj/transmitter_pca10040/nrf_atomic.o
LOAD Output/Release/Obj/transmitter_pca10040/nrf_balloc.o
LOAD Output/Release/Obj/transmitter_pca10040/nrf_fprintf.o
LOAD Output/Release/Obj/transmitter_pca10040/nrf_fprintf_format.o
LOAD Output/Release/Obj/transmitter_pca10040/nrf_memobj.o
LOAD Output/Release/Obj/transmitter_pca10040/nrf_ringbuf.o
LOAD Output/Release/Obj/transmitter_pca10040/nrf_sortlist.o
LOAD Output/Release/Obj/transmitter_pca10040/nrf_strerror.o
LOAD Output/Release/Obj/transmitter_pca10040/retarget.o
LOAD Output/Release/Obj/transmitter_pca10040/nrf_drv_uart.o
LOAD Output/Release/Obj/transmitter_pca10040/nrfx_atomic.o
LOAD Output/Release/Obj/transmitter_pca10040/nrfx_gpiote.o
LOAD Output/Release/Obj/transmitter_pca10040/nrfx_prs.o
LOAD Output/Release/Obj/transmitter_pca10040/nrfx_uart.o
LOAD Output/Release/Obj/transmitter_pca10040/nrfx_uarte.o
LOAD Output/Release/Obj/transmitter_pca10040/radio_config.o
LOAD Output/Release/Obj/transmitter_pca10040/bsp.o
LOAD Output/Release/Obj/transmitter_pca10040/main.o
LOAD Output/Release/Obj/transmitter_pca10040/SEGGER_RTT.o
LOAD Output/Release/Obj/transmitter_pca10040/SEGGER_RTT_Syscalls_SES.o
LOAD Output/Release/Obj/transmitter_pca10040/SEGGER_RTT_printf.o
LOAD Output/Release/Obj/transmitter_pca10040/ses_startup_nrf52.o
LOAD Output/Release/Obj/transmitter_pca10040/ses_startup_nrf_common.o
LOAD Output/Release/Obj/transmitter_pca10040/system_nrf52.o
LOAD D:/ncs/v1.5.1/toolchain/segger_embedded_studio/lib/libm_v7em_fpv4_sp_d16_hard_t_le_eabi.a
LOAD D:/ncs/v1.5.1/toolchain/segger_embedded_studio/lib/libc_v7em_fpv4_sp_d16_hard_t_le_eabi.a
LOAD D:/ncs/v1.5.1/toolchain/segger_embedded_studio/lib/libdebugio_v7em_fpv4_sp_d16_hard_t_le_eabi.a
END GROUP
OUTPUT(Output/Release/Exe/transmitter_pca10040.elf elf32-littlearm)
LOAD linker stubs

.ARM.attributes
                0x0000000000000000       0x35
 .ARM.attributes
                0x0000000000000000       0x25 Output/Release/Obj/transmitter_pca10040/thumb_crt0.o
 .ARM.attributes
                0x0000000000000025       0x39 Output/Release/Obj/transmitter_pca10040/nrf_log_backend_serial.o
 .ARM.attributes
                0x000000000000005e       0x39 Output/Release/Obj/transmitter_pca10040/nrf_log_backend_uart.o
 .ARM.attributes
                0x0000000000000097       0x39 Output/Release/Obj/transmitter_pca10040/nrf_log_default_backends.o
 .ARM.attributes
                0x00000000000000d0       0x39 Output/Release/Obj/transmitter_pca10040/nrf_log_frontend.o
 .ARM.attributes
                0x0000000000000109       0x39 Output/Release/Obj/transmitter_pca10040/nrf_log_str_formatter.o
 .ARM.attributes
                0x0000000000000142       0x39 Output/Release/Obj/transmitter_pca10040/boards.o
 .ARM.attributes
                0x000000000000017b       0x39 Output/Release/Obj/transmitter_pca10040/app_button.o
 .ARM.attributes
                0x00000000000001b4       0x39 Output/Release/Obj/transmitter_pca10040/app_error.o
 .ARM.attributes
                0x00000000000001ed       0x39 Output/Release/Obj/transmitter_pca10040/app_error_weak.o
 .ARM.attributes
                0x0000000000000226       0x39 Output/Release/Obj/transmitter_pca10040/app_timer2.o
 .ARM.attributes
                0x000000000000025f       0x39 Output/Release/Obj/transmitter_pca10040/app_util_platform.o
 .ARM.attributes
                0x0000000000000298       0x39 Output/Release/Obj/transmitter_pca10040/drv_rtc.o
 .ARM.attributes
                0x00000000000002d1       0x39 Output/Release/Obj/transmitter_pca10040/nrf_atfifo.o
 .ARM.attributes
                0x000000000000030a       0x39 Output/Release/Obj/transmitter_pca10040/nrf_atomic.o
 .ARM.attributes
                0x0000000000000343       0x39 Output/Release/Obj/transmitter_pca10040/nrf_balloc.o
 .ARM.attributes
                0x000000000000037c       0x39 Output/Release/Obj/transmitter_pca10040/nrf_fprintf.o
 .ARM.attributes
                0x00000000000003b5       0x39 Output/Release/Obj/transmitter_pca10040/nrf_fprintf_format.o
 .ARM.attributes
                0x00000000000003ee       0x39 Output/Release/Obj/transmitter_pca10040/nrf_memobj.o
 .ARM.attributes
                0x0000000000000427       0x39 Output/Release/Obj/transmitter_pca10040/nrf_ringbuf.o
 .ARM.attributes
                0x0000000000000460       0x39 Output/Release/Obj/transmitter_pca10040/nrf_sortlist.o
 .ARM.attributes
                0x0000000000000499       0x39 Output/Release/Obj/transmitter_pca10040/nrf_drv_uart.o
 .ARM.attributes
                0x00000000000004d2       0x39 Output/Release/Obj/transmitter_pca10040/nrfx_gpiote.o
 .ARM.attributes
                0x000000000000050b       0x39 Output/Release/Obj/transmitter_pca10040/nrfx_prs.o
 .ARM.attributes
                0x0000000000000544       0x39 Output/Release/Obj/transmitter_pca10040/nrfx_uart.o
 .ARM.attributes
                0x000000000000057d       0x39 Output/Release/Obj/transmitter_pca10040/nrfx_uarte.o
 .ARM.attributes
                0x00000000000005b6       0x39 Output/Release/Obj/transmitter_pca10040/radio_config.o
 .ARM.attributes
                0x00000000000005ef       0x39 Output/Release/Obj/transmitter_pca10040/bsp.o
 .ARM.attributes
                0x0000000000000628       0x39 Output/Release/Obj/transmitter_pca10040/main.o
 .ARM.attributes
                0x0000000000000661       0x25 Output/Release/Obj/transmitter_pca10040/ses_startup_nrf52.o
 .ARM.attributes
                0x0000000000000686       0x25 Output/Release/Obj/transmitter_pca10040/ses_startup_nrf_common.o
 .ARM.attributes
                0x00000000000006ab       0x39 Output/Release/Obj/transmitter_pca10040/system_nrf52.o
 .ARM.attributes
                0x00000000000006e4       0x20 D:/ncs/v1.5.1/toolchain/segger_embedded_studio/lib/libc_v7em_fpv4_sp_d16_hard_t_le_eabi.a(libc_asm.o)
 .ARM.attributes
                0x0000000000000704       0x34 D:/ncs/v1.5.1/toolchain/segger_embedded_studio/lib/libc_v7em_fpv4_sp_d16_hard_t_le_eabi.a(libc2.o)
 .ARM.attributes
                0x0000000000000738       0x20 D:/ncs/v1.5.1/toolchain/segger_embedded_studio/lib/libc_v7em_fpv4_sp_d16_hard_t_le_eabi.a(libc2_asm.o)

.comment        0x0000000000000000       0x25
 .comment       0x0000000000000000       0x25 Output/Release/Obj/transmitter_pca10040/nrf_log_backend_serial.o
                                         0x26 (size before relaxing)
 .comment       0x0000000000000025       0x26 Output/Release/Obj/transmitter_pca10040/nrf_log_backend_uart.o
 .comment       0x0000000000000025       0x26 Output/Release/Obj/transmitter_pca10040/nrf_log_default_backends.o
 .comment       0x0000000000000025       0x26 Output/Release/Obj/transmitter_pca10040/nrf_log_frontend.o
 .comment       0x0000000000000025       0x26 Output/Release/Obj/transmitter_pca10040/nrf_log_str_formatter.o
 .comment       0x0000000000000025       0x26 Output/Release/Obj/transmitter_pca10040/boards.o
 .comment       0x0000000000000025       0x26 Output/Release/Obj/transmitter_pca10040/app_button.o
 .comment       0x0000000000000025       0x26 Output/Release/Obj/transmitter_pca10040/app_error.o
 .comment       0x0000000000000025       0x26 Output/Release/Obj/transmitter_pca10040/app_error_weak.o
 .comment       0x0000000000000025       0x26 Output/Release/Obj/transmitter_pca10040/app_timer2.o
 .comment       0x0000000000000025       0x26 Output/Release/Obj/transmitter_pca10040/app_util_platform.o
 .comment       0x0000000000000025       0x26 Output/Release/Obj/transmitter_pca10040/drv_rtc.o
 .comment       0x0000000000000025       0x26 Output/Release/Obj/transmitter_pca10040/nrf_atfifo.o
 .comment       0x0000000000000025       0x26 Output/Release/Obj/transmitter_pca10040/nrf_atomic.o
 .comment       0x0000000000000025       0x26 Output/Release/Obj/transmitter_pca10040/nrf_balloc.o
 .comment       0x0000000000000025       0x26 Output/Release/Obj/transmitter_pca10040/nrf_fprintf.o
 .comment       0x0000000000000025       0x26 Output/Release/Obj/transmitter_pca10040/nrf_fprintf_format.o
 .comment       0x0000000000000025       0x26 Output/Release/Obj/transmitter_pca10040/nrf_memobj.o
 .comment       0x0000000000000025       0x26 Output/Release/Obj/transmitter_pca10040/nrf_ringbuf.o
 .comment       0x0000000000000025       0x26 Output/Release/Obj/transmitter_pca10040/nrf_sortlist.o
 .comment       0x0000000000000025       0x26 Output/Release/Obj/transmitter_pca10040/nrf_drv_uart.o
 .comment       0x0000000000000025       0x26 Output/Release/Obj/transmitter_pca10040/nrfx_gpiote.o
 .comment       0x0000000000000025       0x26 Output/Release/Obj/transmitter_pca10040/nrfx_prs.o
 .comment       0x0000000000000025       0x26 Output/Release/Obj/transmitter_pca10040/nrfx_uart.o
 .comment       0x0000000000000025       0x26 Output/Release/Obj/transmitter_pca10040/nrfx_uarte.o
 .comment       0x0000000000000025       0x26 Output/Release/Obj/transmitter_pca10040/radio_config.o
 .comment       0x0000000000000025       0x26 Output/Release/Obj/transmitter_pca10040/bsp.o
 .comment       0x0000000000000025       0x26 Output/Release/Obj/transmitter_pca10040/main.o
 .comment       0x0000000000000025       0x26 Output/Release/Obj/transmitter_pca10040/system_nrf52.o
 .comment       0x0000000000000025       0x26 D:/ncs/v1.5.1/toolchain/segger_embedded_studio/lib/libc_v7em_fpv4_sp_d16_hard_t_le_eabi.a(libc2.o)

.debug_line     0x0000000000000000    0x1309d
 .debug_line    0x0000000000000000      0x211 Output/Release/Obj/transmitter_pca10040/thumb_crt0.o
 .debug_line    0x0000000000000211      0x6d0 Output/Release/Obj/transmitter_pca10040/nrf_log_backend_serial.o
 .debug_line    0x00000000000008e1      0x98f Output/Release/Obj/transmitter_pca10040/nrf_log_backend_uart.o
 .debug_line    0x0000000000001270      0x5c5 Output/Release/Obj/transmitter_pca10040/nrf_log_default_backends.o
 .debug_line    0x0000000000001835     0x1262 Output/Release/Obj/transmitter_pca10040/nrf_log_frontend.o